Component: ARM Compiler 5.06 update 7 (build 960) Tool: armlink [4d3601]

==============================================================================

Section Cross References

    startup_stm32f103xb.o(STACK) refers (Special) to heapauxi.o(.text) for __use_two_region_memory
    startup_stm32f103xb.o(HEAP) refers (Special) to heapauxi.o(.text) for __use_two_region_memory
    startup_stm32f103xb.o(RESET) refers (Special) to heapauxi.o(.text) for __use_two_region_memory
    startup_stm32f103xb.o(RESET) refers to startup_stm32f103xb.o(STACK) for __initial_sp
    startup_stm32f103xb.o(RESET) refers to startup_stm32f103xb.o(.text) for Reset_Handler
    startup_stm32f103xb.o(RESET) refers to stm32f1xx_it.o(i.NMI_Handler) for NMI_Handler
    startup_stm32f103xb.o(RESET) refers to stm32f1xx_it.o(i.HardFault_Handler) for HardFault_Handler
    startup_stm32f103xb.o(RESET) refers to stm32f1xx_it.o(i.MemManage_Handler) for MemManage_Handler
    startup_stm32f103xb.o(RESET) refers to stm32f1xx_it.o(i.BusFault_Handler) for BusFault_Handler
    startup_stm32f103xb.o(RESET) refers to stm32f1xx_it.o(i.UsageFault_Handler) for UsageFault_Handler
    startup_stm32f103xb.o(RESET) refers to stm32f1xx_it.o(i.SVC_Handler) for SVC_Handler
    startup_stm32f103xb.o(RESET) refers to stm32f1xx_it.o(i.DebugMon_Handler) for DebugMon_Handler
    startup_stm32f103xb.o(RESET) refers to stm32f1xx_it.o(i.PendSV_Handler) for PendSV_Handler
    startup_stm32f103xb.o(RESET) refers to stm32f1xx_it.o(i.SysTick_Handler) for SysTick_Handler
    startup_stm32f103xb.o(RESET) refers to stm32f1xx_it.o(i.TIM2_IRQHandler) for TIM2_IRQHandler
    startup_stm32f103xb.o(RESET) refers to stm32f1xx_it.o(i.TIM4_IRQHandler) for TIM4_IRQHandler
    startup_stm32f103xb.o(.text) refers (Special) to heapauxi.o(.text) for __use_two_region_memory
    startup_stm32f103xb.o(.text) refers to system_stm32f1xx.o(i.SystemInit) for SystemInit
    startup_stm32f103xb.o(.text) refers to __main.o(!!!main) for __main
    startup_stm32f103xb.o(.text) refers to startup_stm32f103xb.o(HEAP) for Heap_Mem
    startup_stm32f103xb.o(.text) refers to startup_stm32f103xb.o(STACK) for Stack_Mem
    common.o(i.delay_us) refers to main.o(.bss) for htim3
    common.o(i.set_pin_input) refers to stm32f1xx_hal_gpio.o(i.HAL_GPIO_Init) for HAL_GPIO_Init
    common.o(i.set_pin_output) refers to stm32f1xx_hal_gpio.o(i.HAL_GPIO_Init) for HAL_GPIO_Init
    main.o(i.MX_GPIO_Init) refers to stm32f1xx_hal_gpio.o(i.HAL_GPIO_WritePin) for HAL_GPIO_WritePin
    main.o(i.MX_GPIO_Init) refers to stm32f1xx_hal_gpio.o(i.HAL_GPIO_Init) for HAL_GPIO_Init
    main.o(i.MX_SPI1_Init) refers to stm32f1xx_hal_spi.o(i.HAL_SPI_Init) for HAL_SPI_Init
    main.o(i.MX_SPI1_Init) refers to main.o(.bss) for .bss
    main.o(i.MX_TIM2_Init) refers to stm32f1xx_hal_tim.o(i.HAL_TIM_Base_Init) for HAL_TIM_Base_Init
    main.o(i.MX_TIM2_Init) refers to stm32f1xx_hal_tim.o(i.HAL_TIM_ConfigClockSource) for HAL_TIM_ConfigClockSource
    main.o(i.MX_TIM2_Init) refers to stm32f1xx_hal_tim_ex.o(i.HAL_TIMEx_MasterConfigSynchronization) for HAL_TIMEx_MasterConfigSynchronization
    main.o(i.MX_TIM2_Init) refers to main.o(.bss) for .bss
    main.o(i.MX_TIM3_Init) refers to stm32f1xx_hal_tim.o(i.HAL_TIM_Base_Init) for HAL_TIM_Base_Init
    main.o(i.MX_TIM3_Init) refers to stm32f1xx_hal_tim.o(i.HAL_TIM_ConfigClockSource) for HAL_TIM_ConfigClockSource
    main.o(i.MX_TIM3_Init) refers to stm32f1xx_hal_tim_ex.o(i.HAL_TIMEx_MasterConfigSynchronization) for HAL_TIMEx_MasterConfigSynchronization
    main.o(i.MX_TIM3_Init) refers to main.o(.bss) for .bss
    main.o(i.MX_TIM4_Init) refers to stm32f1xx_hal_tim.o(i.HAL_TIM_Base_Init) for HAL_TIM_Base_Init
    main.o(i.MX_TIM4_Init) refers to stm32f1xx_hal_tim.o(i.HAL_TIM_ConfigClockSource) for HAL_TIM_ConfigClockSource
    main.o(i.MX_TIM4_Init) refers to stm32f1xx_hal_tim_ex.o(i.HAL_TIMEx_MasterConfigSynchronization) for HAL_TIMEx_MasterConfigSynchronization
    main.o(i.MX_TIM4_Init) refers to main.o(.bss) for .bss
    main.o(i.SystemClock_Config) refers to rt_memclr_w.o(.text) for __aeabi_memclr4
    main.o(i.SystemClock_Config) refers to stm32f1xx_hal_rcc.o(i.HAL_RCC_OscConfig) for HAL_RCC_OscConfig
    main.o(i.SystemClock_Config) refers to stm32f1xx_hal_rcc.o(i.HAL_RCC_ClockConfig) for HAL_RCC_ClockConfig
    main.o(i.main) refers to stm32f1xx_hal.o(i.HAL_Init) for HAL_Init
    main.o(i.main) refers to main.o(i.SystemClock_Config) for SystemClock_Config
    main.o(i.main) refers to stm32f1xx_hal.o(i.HAL_Delay) for HAL_Delay
    main.o(i.main) refers to main.o(i.MX_GPIO_Init) for MX_GPIO_Init
    main.o(i.main) refers to stm32f1xx_hal_i2c.o(i.HAL_I2C_Init) for HAL_I2C_Init
    main.o(i.main) refers to main.o(i.MX_SPI1_Init) for MX_SPI1_Init
    main.o(i.main) refers to main.o(i.MX_TIM2_Init) for MX_TIM2_Init
    main.o(i.main) refers to main.o(i.MX_TIM4_Init) for MX_TIM4_Init
    main.o(i.main) refers to main.o(i.MX_TIM3_Init) for MX_TIM3_Init
[...]
    i.HAL_I2C_MspInit                        0x08000b88   Section        0  stm32f1xx_hal_msp.o(i.HAL_I2C_MspInit)
    i.HAL_IncTick                            0x08000bf8   Section        0  stm32f1xx_hal.o(i.HAL_IncTick)
    i.HAL_Init                               0x08000c08   Section        0  stm32f1xx_hal.o(i.HAL_Init)
    i.HAL_InitTick                           0x08000c2c   Section        0  stm32f1xx_hal.o(i.HAL_InitTick)
    i.HAL_MspInit                            0x08000c6c   Section        0  stm32f1xx_hal_msp.o(i.HAL_MspInit)
    i.HAL_NVIC_EnableIRQ                     0x08000ca8   Section        0  stm32f1xx_hal_cortex.o(i.HAL_NVIC_EnableIRQ)
    i.HAL_NVIC_SetPriority                   0x08000cc4   Section        0  stm32f1xx_hal_cortex.o(i.HAL_NVIC_SetPriority)
    i.HAL_NVIC_SetPriorityGrouping           0x08000d04   Section        0  stm32f1xx_hal_cortex.o(i.HAL_NVIC_SetPriorityGrouping)
    i.HAL_RCC_ClockConfig                    0x08000d28   Section        0  stm32f1xx_hal_rcc.o(i.HAL_RCC_ClockConfig)
    i.HAL_RCC_GetPCLK1Freq                   0x08000e54   Section        0  stm32f1xx_hal_rcc.o(i.HAL_RCC_GetPCLK1Freq)
    i.HAL_RCC_GetSysClockFreq                0x08000e74   Section        0  stm32f1xx_hal_rcc.o(i.HAL_RCC_GetSysClockFreq)
    i.HAL_RCC_OscConfig                      0x08000ec0   Section        0  stm32f1xx_hal_rcc.o(i.HAL_RCC_OscConfig)
    i.HAL_SPI_Init                           0x080011e0   Section        0  stm32f1xx_hal_spi.o(i.HAL_SPI_Init)
    i.HAL_SPI_MspInit                        0x08001294   Section        0  stm32f1xx_hal_msp.o(i.HAL_SPI_MspInit)
    i.HAL_SPI_Receive                        0x08001304   Section        0  stm32f1xx_hal_spi.o(i.HAL_SPI_Receive)
    i.HAL_SPI_Transmit                       0x0800145a   Section        0  stm32f1xx_hal_spi.o(i.HAL_SPI_Transmit)
    i.HAL_SPI_TransmitReceive                0x080015c8   Section        0  stm32f1xx_hal_spi.o(i.HAL_SPI_TransmitReceive)
    i.HAL_SYSTICK_Config                     0x080017b6   Section        0  stm32f1xx_hal_cortex.o(i.HAL_SYSTICK_Config)
    i.HAL_TIMEx_BreakCallback                0x080017de   Section        0  stm32f1xx_hal_tim_ex.o(i.HAL_TIMEx_BreakCallback)
    i.HAL_TIMEx_CommutCallback               0x080017e0   Section        0  stm32f1xx_hal_tim_ex.o(i.HAL_TIMEx_CommutCallback)
    i.HAL_TIMEx_MasterConfigSynchronization  0x080017e4   Section        0  stm32f1xx_hal_tim_ex.o(i.HAL_TIMEx_MasterConfigSynchronization)
    i.HAL_TIM_Base_Init                      0x0800184c   Section        0  stm32f1xx_hal_tim.o(i.HAL_TIM_Base_Init)
    i.HAL_TIM_Base_MspInit                   0x080018a8   Section        0  stm32f1xx_hal_msp.o(i.HAL_TIM_Base_MspInit)
    i.HAL_TIM_Base_Start                     0x08001920   Section        0  stm32f1xx_hal_tim.o(i.HAL_TIM_Base_Start)
    i.HAL_TIM_Base_Start_IT                  0x08001970   Section        0  stm32f1xx_hal_tim.o(i.HAL_TIM_Base_Start_IT)
    i.HAL_TIM_ConfigClockSource              0x080019c8   Section        0  stm32f1xx_hal_tim.o(i.HAL_TIM_ConfigClockSource)
    i.HAL_TIM_IC_CaptureCallback             0x08001aa4   Section        0  stm32f1xx_hal_tim.o(i.HAL_TIM_IC_CaptureCallback)
    i.HAL_TIM_IRQHandler                     0x08001aa6   Section        0  stm32f1xx_hal_tim.o(i.HAL_TIM_IRQHandler)
    i.HAL_TIM_OC_DelayElapsedCallback        0x08001c0c   Section        0  stm32f1xx_hal_tim.o(i.HAL_TIM_OC_DelayElapsedCallback)
    i.HAL_TIM_PWM_PulseFinishedCallback      0x08001c0e   Section        0  stm32f1xx_hal_tim.o(i.HAL_TIM_PWM_PulseFinishedCallback)
    i.HAL_TIM_PeriodElapsedCallback          0x08001c10   Section        0  stm32f1xx_hal_tim.o(i.HAL_TIM_PeriodElapsedCallback)
    i.HAL_TIM_TriggerCallback                0x08001c12   Section        0  stm32f1xx_hal_tim.o(i.HAL_TIM_TriggerCallback)
    i.HardFault_Handler                      0x08001c14   Section        0  stm32f1xx_it.o(i.HardFault_Handler)
    i.I2C_IsAcknowledgeFailed                0x08001c16   Section        0  stm32f1xx_hal_i2c.o(i.I2C_IsAcknowledgeFailed)
    I2C_IsAcknowledgeFailed                  0x08001c17   Thumb Code    46  stm32f1xx_hal_i2c.o(i.I2C_IsAcknowledgeFailed)
    i.I2C_RequestMemoryRead                  0x08001c44   Section        0  stm32f1xx_hal_i2c.o(i.I2C_RequestMemoryRead)
    I2C_RequestMemoryRead                    0x08001c45   Thumb Code   246  stm32f1xx_hal_i2c.o(i.I2C_RequestMemoryRead)
    i.I2C_RequestMemoryWrite                 0x08001d40   Section        0  stm32f1xx_hal_i2c.o(i.I2C_RequestMemoryWrite)
    I2C_RequestMemoryWrite                   0x08001d41   Thumb Code   162  stm32f1xx_hal_i2c.o(i.I2C_RequestMemoryWrite)
    i.I2C_WaitOnBTFFlagUntilTimeout          0x08001de8   Section        0  stm32f1xx_hal_i2c.o(i.I2C_WaitOnBTFFlagUntilTimeout)
    I2C_WaitOnBTFFlagUntilTimeout            0x08001de9   Thumb Code    86  stm32f1xx_hal_i2c.o(i.I2C_WaitOnBTFFlagUntilTimeout)
    i.I2C_WaitOnFlagUntilTimeout             0x08001e40   Section        0  stm32f1xx_hal_i2c.o(i.I2C_WaitOnFlagUntilTimeout)
    I2C_WaitOnFlagUntilTimeout               0x08001e41   Thumb Code   144  stm32f1xx_hal_i2c.o(i.I2C_WaitOnFlagUntilTimeout)
    i.I2C_WaitOnMasterAddressFlagUntilTimeout 0x08001ed0   Section        0  stm32f1xx_hal_i2c.o(i.I2C_WaitOnMasterAddressFlagUntilTimeout)
    I2C_WaitOnMasterAddressFlagUntilTimeout  0x08001ed1   Thumb Code   188  stm32f1xx_hal_i2c.o(i.I2C_WaitOnMasterAddressFlagUntilTimeout)
    i.I2C_WaitOnRXNEFlagUntilTimeout         0x08001f8c   Section        0  stm32f1xx_hal_i2c.o(i.I2C_WaitOnRXNEFlagUntilTimeout)
    I2C_WaitOnRXNEFlagUntilTimeout           0x08001f8d   Thumb Code   112  stm32f1xx_hal_i2c.o(i.I2C_WaitOnRXNEFlagUntilTimeout)
    i.I2C_WaitOnTXEFlagUntilTimeout          0x08001ffc   Section        0  stm32f1xx_hal_i2c.o(i.I2C_WaitOnTXEFlagUntilTimeout)
    I2C_WaitOnTXEFlagUntilTimeout            0x08001ffd   Thumb Code    86  stm32f1xx_hal_i2c.o(i.I2C_WaitOnTXEFlagUntilTimeout)
    i.MX_GPIO_Init                           0x08002054   Section        0  main.o(i.MX_GPIO_Init)
    MX_GPIO_Init                             0x08002055   Thumb Code   198  main.o(i.MX_GPIO_Init)
    i.MX_SPI1_Init                           0x0800212c   Section        0  main.o(i.MX_SPI1_Init)
    MX_SPI1_Init                             0x0800212d   Thumb Code    58  main.o(i.MX_SPI1_Init)
    i.MX_TIM2_Init                           0x08002170   Section        0  main.o(i.MX_TIM2_Init)
    MX_TIM2_Init                             0x08002171   Thumb Code   100  main.o(i.MX_TIM2_Init)
    i.MX_TIM3_Init                           0x080021d8   Section        0  main.o(i.MX_TIM3_Init)
    MX_TIM3_Init                             0x080021d9   Thumb Code    94  main.o(i.MX_TIM3_Init)
    i.MX_TIM4_Init                           0x08002240   Section        0  main.o(i.MX_TIM4_Init)
    MX_TIM4_Init                             0x08002241   Thumb Code    96  main.o(i.MX_TIM4_Init)
    i.MemManage_Handler                      0x080022a8   Section        0  stm32f1xx_it.o(i.MemManage_Handler)
    i.NMI_Handler                            0x080022aa   Section        0  stm32f1xx_it.o(i.NMI_Handler)
    i.PendSV_Handler                         0x080022ac   Section        0  stm32f1xx_it.o(i.PendSV_Handler)
    i.SPI_EndRxTransaction                   0x080022ae   Section        0  stm32f1xx_hal_spi.o(i.SPI_EndRxTransaction)
    SPI_EndRxTransaction                     0x080022af   Thumb Code    92  stm32f1xx_hal_spi.o(i.SPI_EndRxTransaction)
    i.SPI_EndRxTxTransaction                 0x0800230a   Section        0  stm32f1xx_hal_spi.o(i.SPI_EndRxTxTransaction)
    SPI_EndRxTxTransaction                   0x0800230b   Thumb Code    32  stm32f1xx_hal_spi.o(i.SPI_EndRxTxTransaction)
    i.SPI_WaitFlagStateUntilTimeout          0x0800232c   Section        0  stm32f1xx_hal_spi.o(i.SPI_WaitFlagStateUntilTimeout)
    SPI_WaitFlagStateUntilTimeout            0x0800232d   Thumb Code   180  stm32f1xx_hal_spi.o(i.SPI_WaitFlagStateUntilTimeout)
    i.SVC_Handler                            0x080023e4   Section        0  stm32f1xx_it.o(i.SVC_Handler)
    i.SysTick_Handler                        0x080023e6   Section        0  stm32f1xx_it.o(i.SysTick_Handler)
    i.SystemClock_Config                     0x080023ea   Section        0  main.o(i.SystemClock_Config)
    i.SystemInit                             0x08002448   Section        0  system_stm32f1xx.o(i.SystemInit)
    i.TIM2_IRQHandler                        0x0800244c   Section        0  stm32f1xx_it.o(i.TIM2_IRQHandler)
    i.TIM4_IRQHandler                        0x08002468   Section        0  stm32f1xx_it.o(i.TIM4_IRQHandler)
    i.TIM_Base_SetConfig                     0x08002490   Section        0  stm32f1xx_hal_tim.o(i.TIM_Base_SetConfig)
    i.TIM_ETR_SetConfig                      0x080024fc   Section        0  stm32f1xx_hal_tim.o(i.TIM_ETR_SetConfig)
    i.TIM_ITRx_SetConfig                     0x08002510   Section        0  stm32f1xx_hal_tim.o(i.TIM_ITRx_SetConfig)
    TIM_ITRx_SetConfig                       0x08002511   Thumb Code    16  stm32f1xx_hal_tim.o(i.TIM_ITRx_SetConfig)
    i.TIM_TI1_ConfigInputStage               0x08002520   Section        0  stm32f1xx_hal_tim.o(i.TIM_TI1_ConfigInputStage)
    TIM_TI1_ConfigInputStage                 0x08002521   Thumb Code    34  stm32f1xx_hal_tim.o(i.TIM_TI1_ConfigInputStage)
    i.TIM_TI2_ConfigInputStage               0x08002542   Section        0  stm32f1xx_hal_tim.o(i.TIM_TI2_ConfigInputStage)
    TIM_TI2_ConfigInputStage                 0x08002543   Thumb Code    36  stm32f1xx_hal_tim.o(i.TIM_TI2_ConfigInputStage)
    i.UsageFault_Handler                     0x08002566   Section        0  stm32f1xx_it.o(i.UsageFault_Handler)
    i.__NVIC_SetPriority                     0x08002568   Section        0  stm32f1xx_hal_cortex.o(i.__NVIC_SetPriority)
    __NVIC_SetPriority                       0x08002569   Thumb Code    32  stm32f1xx_hal_cortex.o(i.__NVIC_SetPriority)
    i.__kernel_poly                          0x08002588   Section        0  poly.o(i.__kernel_poly)
    i.__mathlib_dbl_divzero                  0x08002634   Section        0  dunder.o(i.__mathlib_dbl_divzero)
    i.__mathlib_dbl_infnan                   0x08002644   Section        0  dunder.o(i.__mathlib_dbl_infnan)
    i.__mathlib_dbl_invalid                  0x0800264a   Section        0  dunder.o(i.__mathlib_dbl_invalid)
    i._eeprom_read                           0x08002658   Section        0  eeprom.o(i._eeprom_read)
    i._eeprom_write                          0x08002710   Section        0  eeprom.o(i._eeprom_write)
    i.bytestowrite                           0x080027d0   Section        0  eeprom.o(i.bytestowrite)
    i.crc32                                  0x080027e0   Section        0  modbus.o(i.crc32)
    i.delay_us                               0x08002808   Section        0  common.o(i.delay_us)
    i.do_cmd                                 0x08002820   Section        0  modbus.o(i.do_cmd)
    i.ds18b20_convert                        0x080028c8   Section        0  ds18b20.o(i.ds18b20_convert)
    i.ds18b20_get_temp                       0x080028f0   Section        0  ds18b20.o(i.ds18b20_get_temp)
    i.ds18b20_init                           0x08002934   Section        0  ds18b20.o(i.ds18b20_init)
    i.ds18b20_measure_temp_cmd               0x0800297e   Section        0  ds18b20.o(i.ds18b20_measure_temp_cmd)
    i.ds18b20_read_bit                       0x080029a4   Section        0  ds18b20.o(i.ds18b20_read_bit)
    i.ds18b20_read_byte                      0x080029f0   Section        0  ds18b20.o(i.ds18b20_read_byte)
    i.ds18b20_read_strat_cpad                0x08002a18   Section        0  ds18b20.o(i.ds18b20_read_strat_cpad)
    i.ds18b20_reset                          0x08002a56   Section        0  ds18b20.o(i.ds18b20_reset)
    i.ds18b20_write_bit                      0x08002aa6   Section        0  ds18b20.o(i.ds18b20_write_bit)
    i.ds18b20_write_byte                     0x08002ae2   Section        0  ds18b20.o(i.ds18b20_write_byte)
    i.eeprom_page_erase                      0x08002b10   Section        0  eeprom.o(i.eeprom_page_erase)
    i.eeprom_read                            0x08002b80   Section        0  eeprom.o(i.eeprom_read)
    i.eeprom_write                           0x08002bd6   Section        0  eeprom.o(i.eeprom_write)
    i.eeproms_first_ini                      0x08002c2c   Section        0  eeprom.o(i.eeproms_first_ini)
    i.fill_crc32_table                       0x08002cc4   Section        0  modbus.o(i.fill_crc32_table)
    i.get_read_pointer                       0x08002cf8   Section        0  w5500.o(i.get_read_pointer)
    i.get_size_rx                            0x08002d20   Section        0  w5500.o(i.get_size_rx)
    i.get_socket_status                      0x08002d48   Section        0  w5500.o(i.get_socket_status)
    i.get_write_pointer                      0x08002d56   Section        0  w5500.o(i.get_write_pointer)
    i.listen_socket                          0x08002d7e   Section        0  w5500.o(i.listen_socket)
    i.log                                    0x08002d90   Section        0  log.o(i.log)
    i.main                                   0x080030ec   Section        0  main.o(i.main)
    i.open_socket                            0x080032a4   Section        0  w5500.o(i.open_socket)
    i.receive_packet                         0x080032cc   Section        0  modbus.o(i.receive_packet)
    i.recv_socket                            0x08003390   Section        0  w5500.o(i.recv_socket)
    i.request_reply_iteration                0x080033a0   Section        0  modbus.o(i.request_reply_iteration)
    i.rst_deselect                           0x080033c4   Section        0  w5500.o(i.rst_deselect)
    i.rst_select                             0x080033d0   Section        0  w5500.o(i.rst_select)
    i.send_socket                            0x080033dc   Section        0  w5500.o(i.send_socket)
    i.set_pin_input                          0x080033ec   Section        0  common.o(i.set_pin_input)
    i.set_pin_output                         0x08003402   Section        0  common.o(i.set_pin_output)
    i.set_read_pointer                       0x0800341a   Section        0  w5500.o(i.set_read_pointer)
    i.set_sock_port                          0x08003444   Section        0  w5500.o(i.set_sock_port)
    i.set_write_pointer                      0x0800346e   Section        0  w5500.o(i.set_write_pointer)
    i.socket_init_wait                       0x08003498   Section        0  w5500.o(i.socket_init_wait)
    i.socket_listen_wait                     0x080034b4   Section        0  w5500.o(i.socket_listen_wait)
    i.ss_deselect                            0x080034d0   Section        0  w5500.o(i.ss_deselect)
    i.ss_select                              0x080034dc   Section        0  w5500.o(i.ss_select)
    i.transmit_packet                        0x080034e8   Section        0  modbus.o(i.transmit_packet)
    i.w5500_hardware_rst                     0x080035d4   Section        0  w5500.o(i.w5500_hardware_rst)
    i.w5500_ini                              0x080035f2   Section        0  w5500.o(i.w5500_ini)
    i.w5500_read_buf                         0x08003670   Section        0  w5500.o(i.w5500_read_buf)
    i.w5500_read_reg                         0x080036a4   Section        0  w5500.o(i.w5500_read_reg)
    i.w5500_read_sock_buf                    0x080036de   Section        0  w5500.o(i.w5500_read_sock_buf)
    i.w5500_set_ip_gate_addr                 0x080036fa   Section        0  w5500.o(i.w5500_set_ip_gate_addr)
    i.w5500_set_ipaddr                       0x08003734   Section        0  w5500.o(i.w5500_set_ipaddr)
    i.w5500_set_ipmask                       0x0800376e   Section        0  w5500.o(i.w5500_set_ipmask)
    i.w5500_set_mac_addr                     0x080037a8   Section        0  w5500.o(i.w5500_set_mac_addr)
    i.w5500_soft_rst                         0x080037fa   Section        0  w5500.o(i.w5500_soft_rst)
    i.w5500_write_buf                        0x08003810   Section        0  w5500.o(i.w5500_write_buf)
    i.w5500_write_reg                        0x08003834   Section        0  w5500.o(i.w5500_write_reg)
    i.w5500_write_sock_buf                   0x0800386a   Section        0  w5500.o(i.w5500_write_sock_buf)
    x$fpl$dadd                               0x08003888   Section      336  daddsub_clz.o(x$fpl$dadd)
    _dadd1                                   0x08003899   Thumb Code     0  daddsub_clz.o(x$fpl$dadd)
    x$fpl$dcheck1                            0x080039d8   Section       16  dcheck1.o(x$fpl$dcheck1)
    x$fpl$dcmpinf                            0x080039e8   Section       24  dcmpi.o(x$fpl$dcmpinf)
    x$fpl$ddiv                               0x08003a00   Section      688  ddiv.o(x$fpl$ddiv)
    ddiv_entry                               0x08003a07   Thumb Code     0  ddiv.o(x$fpl$ddiv)
    x$fpl$deqf                               0x08003cb0   Section      120  deqf.o(x$fpl$deqf)
    x$fpl$dfix                               0x08003d28   Section       94  dfix.o(x$fpl$dfix)
    x$fpl$dflt                               0x08003d86   Section       46  dflt_clz.o(x$fpl$dflt)
    x$fpl$dmul                               0x08003db4   Section      340  dmul.o(x$fpl$dmul)
    x$fpl$dnaninf                            0x08003f08   Section      156  dnaninf.o(x$fpl$dnaninf)
    x$fpl$dretinf                            0x08003fa4   Section       12  dretinf.o(x$fpl$dretinf)
    x$fpl$drsb                               0x08003fb0   Section       22  daddsub_clz.o(x$fpl$drsb)
    x$fpl$dsub                               0x08003fc8   Section      468  daddsub_clz.o(x$fpl$dsub)
    _dsub1                                   0x08003fd9   Thumb Code     0  daddsub_clz.o(x$fpl$dsub)
    x$fpl$fadd                               0x0800419c   Section      196  faddsub_clz.o(x$fpl$fadd)
    _fadd1                                   0x080041ab   Thumb Code     0  faddsub_clz.o(x$fpl$fadd)
    x$fpl$fcheck1                            0x08004260   Section       12  fcheck1.o(x$fpl$fcheck1)
    x$fpl$ffltu                              0x0800426c   Section       38  fflt_clz.o(x$fpl$ffltu)
    x$fpl$fnaninf                            0x08004292   Section      140  fnaninf.o(x$fpl$fnaninf)
    x$fpl$fretinf                            0x0800431e   Section       10  fretinf.o(x$fpl$fretinf)
    x$fpl$fsub                               0x08004328   Section      234  faddsub_clz.o(x$fpl$fsub)
    _fsub1                                   0x08004337   Thumb Code     0  faddsub_clz.o(x$fpl$fsub)
    x$fpl$retnan                             0x08004412   Section      100  retnan.o(x$fpl$retnan)
    x$fpl$scalbn                             0x08004476   Section       92  scalbn.o(x$fpl$scalbn)
    x$fpl$scalbnf                            0x080044d2   Section       76  scalbnf.o(x$fpl$scalbnf)
    x$fpl$trapveneer                         0x0800451e   Section       48  trapv.o(x$fpl$trapveneer)
    .constdata                               0x0800454e   Section       18  stm32f1xx_hal_rcc.o(.constdata)
    x$fpl$usenofp                            0x0800454e   Section        0  usenofp.o(x$fpl$usenofp)
    aPredivFactorTable                       0x0800454e   Data           2  stm32f1xx_hal_rcc.o(.constdata)
    aPLLMULFactorTable                       0x08004550   Data          16  stm32f1xx_hal_rcc.o(.constdata)
    .constdata                               0x08004560   Section       16  system_stm32f1xx.o(.constdata)
    .constdata                               0x08004570   Section        8  system_stm32f1xx.o(.constdata)
    .constdata                               0x08004578   Section       56  log.o(.constdata)
    Lg2                                      0x08004578   Data          24  log.o(.constdata)
    Lg                                       0x08004590   Data          32  log.o(.constdata)
    .constdata                               0x080045b0   Section        8  qnan.o(.constdata)
    .data                                    0x20000000   Section        1  main.o(.data)
    .data                                    0x20000001   Section        4  device_defs.o(.data)
    .data                                    0x20000005   Section        4  device_defs.o(.data)
    .data                                    0x20000009   Section        4  device_defs.o(.data)
    .data                                    0x2000000d   Section        4  device_defs.o(.data)
    .data                                    0x20000011   Section        6  device_defs.o(.data)
    .data                                    0x20000017   Section        6  device_defs.o(.data)
    .data                                    0x20000020   Section        4  device_defs.o(.data)
    .data                                    0x20000024   Section        4  ram.o(.data)
    .data                                    0x20000028   Section       12  stm32f1xx_hal.o(.data)
    .data                                    0x20000034   Section        4  system_stm32f1xx.o(.data)
    .data                                    0x20000038   Section        4  modbus.o(.data)
    .data                                    0x2000003c   Section        4  w5500.o(.data)
    .bss                                     0x20000040   Section      388  main.o(.bss)
    .bss                                     0x200001c4   Section      113  ram.o(.bss)
    .bss                                     0x20000238   Section     3100  modbus.o(.bss)
    .bss                                     0x20000e54   Section     2252  w5500.o(.bss)
    .bss                                     0x20001720   Section       96  libspace.o(.bss)
    HEAP                                     0x20001780   Section      512  startup_stm32f103xb.o(HEAP)
    Heap_Mem                                 0x20001780   Data         512  startup_stm32f103xb.o(HEAP)
    STACK                                    0x20001980   Section     1024  startup_stm32f103xb.o(STACK)
    Stack_Mem                                0x20001980   Data        1024  startup_stm32f103xb.o(STACK)
    __initial_sp                             0x20001d80   Data           0  startup_stm32f103xb.o(STACK)

    Global Symbols

    Symbol Name                              Value     Ov Type        Size  Object(Section)

    BuildAttributes$$THM_ISAv4$P$D$K$B$S$PE$A:L22UL41UL21$X:L11$S22US41US21$IEEE1$IW$USESV6$~STKCKD$USESV7$~SHL$OTIME$ROPI$IEEEX$EBA8$UX$STANDARDLIB$REQ8$PRES8$EABIv2 0x00000000   Number         0  anon$$obj.o ABSOLUTE
    __ARM_use_no_argv                        0x00000000   Number         0  main.o ABSOLUTE
    __ARM_exceptions_init                     - Undefined Weak Reference
    __alloca_initialize                       - Undefined Weak Reference
    __arm_fini_                               - Undefined Weak Reference
    __arm_preinit_                            - Undefined Weak Reference
    __cpp_initialize__aeabi_                  - Undefined Weak Reference
    __cxa_finalize                            - Undefined Weak Reference
    __rt_locale                               - Undefined Weak Reference
    __sigvec_lookup                           - Undefined Weak Reference
    _atexit_init                              - Undefined Weak Reference
    _call_atexit_fns                          - Undefined Weak Reference
    _clock_init                               - Undefined Weak Reference
    _fp_trap_init                             - Undefined Weak Reference
    _fp_trap_shutdown                         - Undefined Weak Reference
    _get_lc_collate                           - Undefined Weak Reference
    _get_lc_ctype                             - Undefined Weak Reference
    _get_lc_monetary                          - Undefined Weak Reference
    _get_lc_numeric                           - Undefined Weak Reference
    _get_lc_time                              - Undefined Weak Reference
    _getenv_init                              - Undefined Weak Reference
    _handle_redirection                       - Undefined Weak Reference
    _init_alloc                               - Undefined Weak Reference
    _init_user_alloc                          - Undefined Weak Reference
    _initio                                   - Undefined Weak Reference
    _rand_init                                - Undefined Weak Reference
    _signal_finish                            - Undefined Weak Reference
    _signal_init                              - Undefined Weak Reference
    _terminate_alloc                          - Undefined Weak Reference
    _terminate_user_alloc                     - Undefined Weak Reference
    _terminateio                              - Undefined Weak Reference
    __Vectors_Size                           0x000000ec   Number         0  startup_stm32f103xb.o ABSOLUTE
    __Vectors                                0x08000000   Data           4  startup_stm32f103xb.o(RESET)
    __Vectors_End                            0x080000ec   Data           0  startup_stm32f103xb.o(RESET)
    __main                                   0x080000ed   Thumb Code     8  __main.o(!!!main)
    __scatterload                            0x080000f5   Thumb Code     0  __scatter.o(!!!scatter)
    __scatterload_rt2                        0x080000f5   Thumb Code    44  __scatter.o(!!!scatter)
    __scatterload_rt2_thumb_only             0x080000f5   Thumb Code     0  __scatter.o(!!!scatter)
    __scatterload_null                       0x08000103   Thumb Code     0  __scatter.o(!!!scatter)
    __scatterload_copy                       0x08000129   Thumb Code    26  __scatter_copy.o(!!handler_copy)
    __scatterload_zeroinit                   0x08000145   Thumb Code    28  __scatter_zi.o(!!handler_zi)
    __rt_lib_init                            0x08000161   Thumb Code     0  libinit.o(.ARM.Collect$$libinit$$00000000)
    __rt_lib_init_alloca_1                   0x08000163   Thumb Code     0  libinit2.o(.ARM.Collect$$libinit$$0000002E)
    __rt_lib_init_argv_1                     0x08000163   Thumb Code     0  libinit2.o(.ARM.Collect$$libinit$$0000002C)
    __rt_lib_init_atexit_1                   0x08000163   Thumb Code     0  libinit2.o(.ARM.Collect$$libinit$$0000001B)
    __rt_lib_init_clock_1                    0x08000163   Thumb Code     0  libinit2.o(.ARM.Collect$$libinit$$00000021)
    __rt_lib_init_cpp_1                      0x08000163   Thumb Code     0  libinit2.o(.ARM.Collect$$libinit$$00000032)
    __rt_lib_init_exceptions_1               0x08000163   Thumb Code     0  libinit2.o(.ARM.Collect$$libinit$$00000030)
    __rt_lib_init_fp_1                       0x08000163   Thumb Code     0  libinit2.o(.ARM.Collect$$libinit$$00000002)
    __rt_lib_init_fp_trap_1                  0x08000163   Thumb Code     0  libinit2.o(.ARM.Collect$$libinit$$0000001F)
    __rt_lib_init_getenv_1                   0x08000163   Thumb Code     0  libinit2.o(.ARM.Collect$$libinit$$00000023)
    __rt_lib_init_heap_1                     0x08000163   Thumb Code     0  libinit2.o(.ARM.Collect$$libinit$$0000000A)
    __rt_lib_init_lc_collate_1               0x08000163   Thumb Code     0  libinit2.o(.ARM.Collect$$libinit$$00000011)
    __rt_lib_init_lc_ctype_1                 0x08000163   Thumb Code     0  libinit2.o(.ARM.Collect$$libinit$$00000013)
    __rt_lib_init_lc_monetary_1              0x08000163   Thumb Code     0  libinit2.o(.ARM.Collect$$libinit$$00000015)
    __rt_lib_init_lc_numeric_1               0x08000163   Thumb Code     0  libinit2.o(.ARM.Collect$$libinit$$00000017)
    __rt_lib_init_lc_time_1                  0x08000163   Thumb Code     0  libinit2.o(.ARM.Collect$$libinit$$00000019)
    __rt_lib_init_preinit_1                  0x08000163   Thumb Code     0  libinit2.o(.ARM.Collect$$libinit$$00000004)
    __rt_lib_init_rand_1                     0x08000163   Thumb Code     0  libinit2.o(.ARM.Collect$$libinit$$0000000E)
    __rt_lib_init_return                     0x08000163   Thumb Code     0  libinit2.o(.ARM.Collect$$libinit$$00000033)
    __rt_lib_init_signal_1                   0x08000163   Thumb Code     0  libinit2.o(.ARM.Collect$$libinit$$0000001D)
    __rt_lib_init_stdio_1                    0x08000163   Thumb Code     0  libinit2.o(.ARM.Collect$$libinit$$00000025)
    __rt_lib_init_user_alloc_1               0x08000163   Thumb Code     0  libinit2.o(.ARM.Collect$$libinit$$0000000C)
    __rt_lib_shutdown                        0x08000165   Thumb Code     0  libshutdown.o(.ARM.Collect$$libshutdown$$00000000)
    __rt_lib_shutdown_cpp_1                  0x08000167   Thumb Code     0  libshutdown2.o(.ARM.Collect$$libshutdown$$00000004)
    __rt_lib_shutdown_fini_1                 0x08000167   Thumb Code     0  libshutdown2.o(.ARM.Collect$$libshutdown$$00000002)
    __rt_lib_shutdown_fp_trap_1              0x08000167   Thumb Code     0  libshutdown2.o(.ARM.Collect$$libshutdown$$00000009)
    __rt_lib_shutdown_heap_1                 0x08000167   Thumb Code     0  libshutdown2.o(.ARM.Collect$$libshutdown$$00000011)
    __rt_lib_shutdown_return                 0x08000167   Thumb Code     0  libshutdown2.o(.ARM.Collect$$libshutdown$$00000012)
    __rt_lib_shutdown_signal_1               0x08000167   Thumb Code     0  libshutdown2.o(.ARM.Collect$$libshutdown$$0000000C)
    __rt_lib_shutdown_stdio_1                0x08000167   Thumb Code     0  libshutdown2.o(.ARM.Collect$$libshutdown$$00000006)
    __rt_lib_shutdown_user_alloc_1           0x08000167   Thumb Code     0  libshutdown2.o(.ARM.Collect$$libshutdown$$0000000E)
    __rt_entry                               0x08000169   Thumb Code     0  __rtentry.o(.ARM.Collect$$rtentry$$00000000)
    __rt_entry_presh_1                       0x08000169   Thumb Code     0  __rtentry2.o(.ARM.Collect$$rtentry$$00000002)
    __rt_entry_sh                            0x08000169   Thumb Code     0  __rtentry4.o(.ARM.Collect$$rtentry$$00000004)
    __rt_entry_li                            0x0800016f   Thumb Code     0  __rtentry2.o(.ARM.Collect$$rtentry$$0000000A)
    __rt_entry_postsh_1                      0x0800016f   Thumb Code     0  __rtentry2.o(.ARM.Collect$$rtentry$$00000009)
    __rt_entry_main                          0x08000173   Thumb Code     0  __rtentry2.o(.ARM.Collect$$rtentry$$0000000D)
    __rt_entry_postli_1                      0x08000173   Thumb Code     0  __rtentry2.o(.ARM.Collect$$rtentry$$0000000C)
    __rt_exit                                0x0800017b   Thumb Code     0  rtexit.o(.ARM.Collect$$rtexit$$00000000)
    __rt_exit_ls                             0x0800017d   Thumb Code     0  rtexit2.o(.ARM.Collect$$rtexit$$00000003)
    __rt_exit_prels_1                        0x0800017d   Thumb Code     0  rtexit2.o(.ARM.Collect$$rtexit$$00000002)
    __rt_exit_exit                           0x08000181   Thumb Code     0  rtexit2.o(.ARM.Collect$$rtexit$$00000004)
    Reset_Handler                            0x08000189   Thumb Code     8  startup_stm32f103xb.o(.text)
    ADC1_2_IRQHandler                        0x080001a3   Thumb Code     0  startup_stm32f103xb.o(.text)
    CAN1_RX1_IRQHandler                      0x080001a3   Thumb Code     0  startup_stm32f103xb.o(.text)
    CAN1_SCE_IRQHandler                      0x080001a3   Thumb Code     0  startup_stm32f103xb.o(.text)
    DMA1_Channel1_IRQHandler                 0x080001a3   Thumb Code     0  startup_stm32f103xb.o(.text)
    DMA1_Channel2_IRQHandler                 0x080001a3   Thumb Code     0  startup_stm32f103xb.o(.text)
    DMA1_Channel3_IRQHandler                 0x080001a3   Thumb Code     0  startup_stm32f103xb.o(.text)
    DMA1_Channel4_IRQHandler                 0x080001a3   Thumb Code     0  startup_stm32f103xb.o(.text)
    DMA1_Channel5_IRQHandler                 0x080001a3   Thumb Code     0  startup_stm32f103xb.o(.text)
    DMA1_Channel6_IRQHandler                 0x080001a3   Thumb Code     0  startup_stm32f103xb.o(.text)
    DMA1_Channel7_IRQHandler                 0x080001a3   Thumb Code     0  startup_stm32f103xb.o(.text)
    EXTI0_IRQHandler                         0x080001a3   Thumb Code     0  startup_stm32f103xb.o(.text)
    EXTI15_10_IRQHandler                     0x080001a3   Thumb Code     0  startup_stm32f103xb.o(.text)
    EXTI1_IRQHandler                         0x080001a3   Thumb Code     0  startup_stm32f103xb.o(.text)
    EXTI2_IRQHandler                         0x080001a3   Thumb Code     0  startup_stm32f103xb.o(.text)
    EXTI3_IRQHandler                         0x080001a3   Thumb Code     0  startup_stm32f103xb.o(.text)
    EXTI4_IRQHandler                         0x080001a3   Thumb Code     0  startup_stm32f103xb.o(.text)
    EXTI9_5_IRQHandler                       0x080001a3   Thumb Code     0  startup_stm32f103xb.o(.text)
    FLASH_IRQHandler                         0x080001a3   Thumb Code     0  startup_stm32f103xb.o(.text)
    I2C1_ER_IRQHandler                       0x080001a3   Thumb Code     0  startup_stm32f103xb.o(.text)
    I2C1_EV_IRQHandler                       0x080001a3   Thumb Code     0  startup_stm32f103xb.o(.text)
    I2C2_ER_IRQHandler                       0x080001a3   Thumb Code     0  startup_stm32f103xb.o(.text)
    I2C2_EV_IRQHandler                       0x080001a3   Thumb Code     0  startup_stm32f103xb.o(.text)
    PVD_IRQHandler                           0x080001a3   Thumb Code     0  startup_stm32f103xb.o(.text)
    RCC_IRQHandler                           0x080001a3   Thumb Code     0  startup_stm32f103xb.o(.text)
    RTC_Alarm_IRQHandler                     0x080001a3   Thumb Code     0  startup_stm32f103xb.o(.text)
    RTC_IRQHandler                           0x080001a3   Thumb Code     0  startup_stm32f103xb.o(.text)
    SPI1_IRQHandler                          0x080001a3   Thumb Code     0  startup_stm32f103xb.o(.text)
    SPI2_IRQHandler                          0x080001a3   Thumb Code     0  startup_stm32f103xb.o(.text)
    TAMPER_IRQHandler                        0x080001a3   Thumb Code     0  startup_stm32f103xb.o(.text)
    TIM1_BRK_IRQHandler                      0x080001a3   Thumb Code     0  startup_stm32f103xb.o(.text)
    TIM1_CC_IRQHandler                       0x080001a3   Thumb Code     0  startup_stm32f103xb.o(.text)
    TIM1_TRG_COM_IRQHandler                  0x080001a3   Thumb Code     0  startup_stm32f103xb.o(.text)
    TIM1_UP_IRQHandler                       0x080001a3   Thumb Code     0  startup_stm32f103xb.o(.text)
    TIM3_IRQHandler                          0x080001a3   Thumb Code     0  startup_stm32f103xb.o(.text)
    USART1_IRQHandler                        0x080001a3   Thumb Code     0  startup_stm32f103xb.o(.text)
    USART2_IRQHandler                        0x080001a3   Thumb Code     0  startup_stm32f103xb.o(.text)
    USART3_IRQHandler                        0x080001a3   Thumb Code     0  startup_stm32f103xb.o(.text)
    USBWakeUp_IRQHandler                     0x080001a3   Thumb Code     0  startup_stm32f103xb.o(.text)
    USB_HP_CAN1_TX_IRQHandler                0x080001a3   Thumb Code     0  startup_stm32f103xb.o(.text)
    USB_LP_CAN1_RX0_IRQHandler               0x080001a3   Thumb Code     0  startup_stm32f103xb.o(.text)
    WWDG_IRQHandler                          0x080001a3   Thumb Code     0  startup_stm32f103xb.o(.text)
    __user_initial_stackheap                 0x080001a5   Thumb Code     0  startup_stm32f103xb.o(.text)
    __aeabi_memcpy                           0x080001c9   Thumb Code     0  rt_memcpy_v6.o(.text)
    __rt_memcpy                              0x080001c9   Thumb Code   138  rt_memcpy_v6.o(.text)
    _memcpy_lastbytes                        0x0800022f   Thumb Code     0  rt_memcpy_v6.o(.text)
    __aeabi_memcpy4                          0x08000253   Thumb Code     0  rt_memcpy_w.o(.text)
    __aeabi_memcpy8                          0x08000253   Thumb Code     0  rt_memcpy_w.o(.text)
    __rt_memcpy_w                            0x08000253   Thumb Code   100  rt_memcpy_w.o(.text)
    _memcpy_lastbytes_aligned                0x0800029b   Thumb Code     0  rt_memcpy_w.o(.text)
    __aeabi_memset                           0x080002b7   Thumb Code    16  aeabi_memset.o(.text)
    __aeabi_memclr4                          0x080002c7   Thumb Code     0  rt_memclr_w.o(.text)
    __aeabi_memclr8                          0x080002c7   Thumb Code     0  rt_memclr_w.o(.text)
    __rt_memclr_w                            0x080002c7   Thumb Code    78  rt_memclr_w.o(.text)
    _memset_w                                0x080002cb   Thumb Code     0  rt_memclr_w.o(.text)
    strncpy                                  0x08000315   Thumb Code    86  strncpy.o(.text)
    __use_two_region_memory                  0x0800036b   Thumb Code     2  heapauxi.o(.text)
    __rt_heap_escrow$2region                 0x0800036d   Thumb Code     2  heapauxi.o(.text)
    __rt_heap_expand$2region                 0x0800036f   Thumb Code     2  heapauxi.o(.text)
    __read_errno                             0x08000371   Thumb Code    10  _rserrno.o(.text)
    __set_errno                              0x0800037b   Thumb Code    12  _rserrno.o(.text)
    __aeabi_memclr                           0x08000387   Thumb Code     0  rt_memclr.o(.text)
    __rt_memclr                              0x08000387   Thumb Code    68  rt_memclr.o(.text)
    _memset                                  0x0800038b   Thumb Code     0  rt_memclr.o(.text)
    __aeabi_errno_addr                       0x080003cd   Thumb Code     8  rt_errno_addr_intlibspace.o(.text)
    __errno$intlibspace                      0x080003cd   Thumb Code     0  rt_errno_addr_intlibspace.o(.text)
    __rt_errno_addr$intlibspace              0x080003cd   Thumb Code     0  rt_errno_addr_intlibspace.o(.text)
    __user_libspace                          0x080003d5   Thumb Code     8  libspace.o(.text)
    __user_perproc_libspace                  0x080003d5   Thumb Code     0  libspace.o(.text)
    __user_perthread_libspace                0x080003d5   Thumb Code     0  libspace.o(.text)
    __user_setup_stackheap                   0x080003dd   Thumb Code    74  sys_stackheap_outer.o(.text)
    exit                                     0x08000427   Thumb Code    18  exit.o(.text)
    _sys_exit                                0x08000439   Thumb Code     8  sys_exit.o(.text)
    __I$use$semihosting                      0x08000445   Thumb Code     0  use_no_semi.o(.text)
    __use_no_semihosting_swi                 0x08000445   Thumb Code     2  use_no_semi.o(.text)
    BusFault_Handler                         0x08000447   Thumb Code     2  stm32f1xx_it.o(i.BusFault_Handler)
    __semihosting_library_function           0x08000447   Thumb Code     0  indicate_semi.o(.text)
    DebugMon_Handler                         0x08000449   Thumb Code     2  stm32f1xx_it.o(i.DebugMon_Handler)
    HAL_Delay                                0x0800044d   Thumb Code    32  stm32f1xx_hal.o(i.HAL_Delay)
    HAL_GPIO_Init                            0x08000471   Thumb Code   446  stm32f1xx_hal_gpio.o(i.HAL_GPIO_Init)
    HAL_GPIO_ReadPin                         0x08000651   Thumb Code    10  stm32f1xx_hal_gpio.o(i.HAL_GPIO_ReadPin)
    HAL_GPIO_TogglePin                       0x0800065b   Thumb Code    16  stm32f1xx_hal_gpio.o(i.HAL_GPIO_TogglePin)
    HAL_GPIO_WritePin                        0x0800066b   Thumb Code    10  stm32f1xx_hal_gpio.o(i.HAL_GPIO_WritePin)
    HAL_GetTick                              0x08000675   Thumb Code     6  stm32f1xx_hal.o(i.HAL_GetTick)
    HAL_I2C_Init                             0x08000681   Thumb Code   376  stm32f1xx_hal_i2c.o(i.HAL_I2C_Init)
    HAL_I2C_Mem_Read                         0x08000809   Thumb Code   574  stm32f1xx_hal_i2c.o(i.HAL_I2C_Mem_Read)
    HAL_I2C_Mem_Write                        0x08000a59   Thumb Code   294  stm32f1xx_hal_i2c.o(i.HAL_I2C_Mem_Write)
    HAL_I2C_MspInit                          0x08000b89   Thumb Code    96  stm32f1xx_hal_msp.o(i.HAL_I2C_MspInit)
    HAL_IncTick                              0x08000bf9   Thumb Code    12  stm32f1xx_hal.o(i.HAL_IncTick)
    HAL_Init                                 0x08000c09   Thumb Code    32  stm32f1xx_hal.o(i.HAL_Init)
    HAL_InitTick                             0x08000c2d   Thumb Code    54  stm32f1xx_hal.o(i.HAL_InitTick)
    HAL_MspInit                              0x08000c6d   Thumb Code    52  stm32f1xx_hal_msp.o(i.HAL_MspInit)
    HAL_NVIC_EnableIRQ                       0x08000ca9   Thumb Code    26  stm32f1xx_hal_cortex.o(i.HAL_NVIC_EnableIRQ)
    HAL_NVIC_SetPriority                     0x08000cc5   Thumb Code    60  stm32f1xx_hal_cortex.o(i.HAL_NVIC_SetPriority)
    HAL_NVIC_SetPriorityGrouping             0x08000d05   Thumb Code    26  stm32f1xx_hal_cortex.o(i.HAL_NVIC_SetPriorityGrouping)
    HAL_RCC_ClockConfig                      0x08000d29   Thumb Code   280  stm32f1xx_hal_rcc.o(i.HAL_RCC_ClockConfig)
    HAL_RCC_GetPCLK1Freq                     0x08000e55   Thumb Code    20  stm32f1xx_hal_rcc.o(i.HAL_RCC_GetPCLK1Freq)
    HAL_RCC_GetSysClockFreq                  0x08000e75   Thumb Code    58  stm32f1xx_hal_rcc.o(i.HAL_RCC_GetSysClockFreq)
    HAL_RCC_OscConfig                        0x08000ec1   Thumb Code   778  stm32f1xx_hal_rcc.o(i.HAL_RCC_OscConfig)
    HAL_SPI_Init                             0x080011e1   Thumb Code   178  stm32f1xx_hal_spi.o(i.HAL_SPI_Init)
    HAL_SPI_MspInit                          0x08001295   Thumb Code    98  stm32f1xx_hal_msp.o(i.HAL_SPI_MspInit)
    HAL_SPI_Receive                          0x08001305   Thumb Code   342  stm32f1xx_hal_spi.o(i.HAL_SPI_Receive)
    HAL_SPI_Transmit                         0x0800145b   Thumb Code   366  stm32f1xx_hal_spi.o(i.HAL_SPI_Transmit)
    HAL_SPI_TransmitReceive                  0x080015c9   Thumb Code   494  stm32f1xx_hal_spi.o(i.HAL_SPI_TransmitReceive)
    HAL_SYSTICK_Config                       0x080017b7   Thumb Code    40  stm32f1xx_hal_cortex.o(i.HAL_SYSTICK_Config)
    HAL_TIMEx_BreakCallback                  0x080017df   Thumb Code     2  stm32f1xx_hal_tim_ex.o(i.HAL_TIMEx_BreakCallback)
    HAL_TIMEx_CommutCallback                 0x080017e1   Thumb Code     2  stm32f1xx_hal_tim_ex.o(i.HAL_TIMEx_CommutCallback)
    HAL_TIMEx_MasterConfigSynchronization    0x080017e5   Thumb Code    92  stm32f1xx_hal_tim_ex.o(i.HAL_TIMEx_MasterConfigSynchronization)
    HAL_TIM_Base_Init                        0x0800184d   Thumb Code    90  stm32f1xx_hal_tim.o(i.HAL_TIM_Base_Init)
    HAL_TIM_Base_MspInit                     0x080018a9   Thumb Code   108  stm32f1xx_hal_msp.o(i.HAL_TIM_Base_MspInit)
    HAL_TIM_Base_Start                       0x08001921   Thumb Code    66  stm32f1xx_hal_tim.o(i.HAL_TIM_Base_Start)
    HAL_TIM_Base_Start_IT                    0x08001971   Thumb Code    76  stm32f1xx_hal_tim.o(i.HAL_TIM_Base_Start_IT)
    HAL_TIM_ConfigClockSource                0x080019c9   Thumb Code   220  stm32f1xx_hal_tim.o(i.HAL_TIM_ConfigClockSource)
    HAL_TIM_IC_CaptureCallback               0x08001aa5   Thumb Code     2  stm32f1xx_hal_tim.o(i.HAL_TIM_IC_CaptureCallback)
    HAL_TIM_IRQHandler                       0x08001aa7   Thumb Code   358  stm32f1xx_hal_tim.o(i.HAL_TIM_IRQHandler)
    HAL_TIM_OC_DelayElapsedCallback          0x08001c0d   Thumb Code     2  stm32f1xx_hal_tim.o(i.HAL_TIM_OC_DelayElapsedCallback)
    HAL_TIM_PWM_PulseFinishedCallback        0x08001c0f   Thumb Code     2  stm32f1xx_hal_tim.o(i.HAL_TIM_PWM_PulseFinishedCallback)
    HAL_TIM_PeriodElapsedCallback            0x08001c11   Thumb Code     2  stm32f1xx_hal_tim.o(i.HAL_TIM_PeriodElapsedCallback)
    HAL_TIM_TriggerCallback                  0x08001c13   Thumb Code     2  stm32f1xx_hal_tim.o(i.HAL_TIM_TriggerCallback)
    HardFault_Handler                        0x08001c15   Thumb Code     2  stm32f1xx_it.o(i.HardFault_Handler)
    MemManage_Handler                        0x080022a9   Thumb Code     2  stm32f1xx_it.o(i.MemManage_Handler)
    NMI_Handler                              0x080022ab   Thumb Code     2  stm32f1xx_it.o(i.NMI_Handler)
    PendSV_Handler                           0x080022ad   Thumb Code     2  stm32f1xx_it.o(i.PendSV_Handler)
    SVC_Handler                              0x080023e5   Thumb Code     2  stm32f1xx_it.o(i.SVC_Handler)
    SysTick_Handler                          0x080023e7   Thumb Code     4  stm32f1xx_it.o(i.SysTick_Handler)
    SystemClock_Config                       0x080023eb   Thumb Code    94  main.o(i.SystemClock_Config)
    SystemInit                               0x08002449   Thumb Code     2  system_stm32f1xx.o(i.SystemInit)
    TIM2_IRQHandler                          0x0800244d   Thumb Code    20  stm32f1xx_it.o(i.TIM2_IRQHandler)
    TIM4_IRQHandler                          0x08002469   Thumb Code    26  stm32f1xx_it.o(i.TIM4_IRQHandler)
    TIM_Base_SetConfig                       0x08002491   Thumb Code    94  stm32f1xx_hal_tim.o(i.TIM_Base_SetConfig)
    TIM_ETR_SetConfig                        0x080024fd   Thumb Code    20  stm32f1xx_hal_tim.o(i.TIM_ETR_SetConfig)
    UsageFault_Handler                       0x08002567   Thumb Code     2  stm32f1xx_it.o(i.UsageFault_Handler)
    __kernel_poly                            0x08002589   Thumb Code   170  poly.o(i.__kernel_poly)
    __mathlib_dbl_divzero                    0x08002635   Thumb Code    12  dunder.o(i.__mathlib_dbl_divzero)
    __mathlib_dbl_infnan                     0x08002645   Thumb Code     6  dunder.o(i.__mathlib_dbl_infnan)
    __mathlib_dbl_invalid                    0x0800264b   Thumb Code    12  dunder.o(i.__mathlib_dbl_invalid)
    _eeprom_read                             0x08002659   Thumb Code   180  eeprom.o(i._eeprom_read)
    _eeprom_write                            0x08002711   Thumb Code   186  eeprom.o(i._eeprom_write)
    bytestowrite                             0x080027d1   Thumb Code    14  eeprom.o(i.bytestowrite)
    crc32                                    0x080027e1   Thumb Code    36  modbus.o(i.crc32)
    delay_us                                 0x08002809   Thumb Code    18  common.o(i.delay_us)
    do_cmd                                   0x08002821   Thumb Code   148  modbus.o(i.do_cmd)
    ds18b20_convert                          0x080028c9   Thumb Code    40  ds18b20.o(i.ds18b20_convert)
    ds18b20_get_temp                         0x080028f1   Thumb Code    62  ds18b20.o(i.ds18b20_get_temp)
    ds18b20_init                             0x08002935   Thumb Code    74  ds18b20.o(i.ds18b20_init)
    ds18b20_measure_temp_cmd                 0x0800297f   Thumb Code    38  ds18b20.o(i.ds18b20_measure_temp_cmd)
    ds18b20_read_bit                         0x080029a5   Thumb Code    76  ds18b20.o(i.ds18b20_read_bit)
    ds18b20_read_byte                        0x080029f1   Thumb Code    40  ds18b20.o(i.ds18b20_read_byte)
    ds18b20_read_strat_cpad                  0x08002a19   Thumb Code    62  ds18b20.o(i.ds18b20_read_strat_cpad)
    ds18b20_reset                            0x08002a57   Thumb Code    80  ds18b20.o(i.ds18b20_reset)
    ds18b20_write_bit                        0x08002aa7   Thumb Code    60  ds18b20.o(i.ds18b20_write_bit)
    ds18b20_write_byte                       0x08002ae3   Thumb Code    46  ds18b20.o(i.ds18b20_write_byte)
    eeprom_page_erase                        0x08002b11   Thumb Code   106  eeprom.o(i.eeprom_page_erase)
    eeprom_read                              0x08002b81   Thumb Code    86  eeprom.o(i.eeprom_read)
    eeprom_write                             0x08002bd7   Thumb Code    86  eeprom.o(i.eeprom_write)
    eeproms_first_ini                        0x08002c2d   Thumb Code   108  eeprom.o(i.eeproms_first_ini)
    fill_crc32_table                         0x08002cc5   Thumb Code    42  modbus.o(i.fill_crc32_table)
    get_read_pointer                         0x08002cf9   Thumb Code    40  w5500.o(i.get_read_pointer)
    get_size_rx                              0x08002d21   Thumb Code    40  w5500.o(i.get_size_rx)
    get_socket_status                        0x08002d49   Thumb Code    14  w5500.o(i.get_socket_status)
    get_write_pointer                        0x08002d57   Thumb Code    40  w5500.o(i.get_write_pointer)
    listen_socket                            0x08002d7f   Thumb Code    16  w5500.o(i.listen_socket)
    log                                      0x08002d91   Thumb Code   808  log.o(i.log)
    main                                     0x080030ed   Thumb Code   398  main.o(i.main)
    open_socket                              0x080032a5   Thumb Code    40  w5500.o(i.open_socket)
    receive_packet                           0x080032cd   Thumb Code   186  modbus.o(i.receive_packet)
    recv_socket                              0x08003391   Thumb Code    16  w5500.o(i.recv_socket)
    request_reply_iteration                  0x080033a1   Thumb Code    36  modbus.o(i.request_reply_iteration)
    rst_deselect                             0x080033c5   Thumb Code    12  w5500.o(i.rst_deselect)
    rst_select                               0x080033d1   Thumb Code    12  w5500.o(i.rst_select)
    send_socket                              0x080033dd   Thumb Code    16  w5500.o(i.send_socket)
    set_pin_input                            0x080033ed   Thumb Code    22  common.o(i.set_pin_input)
    set_pin_output                           0x08003403   Thumb Code    24  common.o(i.set_pin_output)
    set_read_pointer                         0x0800341b   Thumb Code    42  w5500.o(i.set_read_pointer)
    set_sock_port                            0x08003445   Thumb Code    42  w5500.o(i.set_sock_port)
    set_write_pointer                        0x0800346f   Thumb Code    42  w5500.o(i.set_write_pointer)
    socket_init_wait                         0x08003499   Thumb Code    28  w5500.o(i.socket_init_wait)
    socket_listen_wait                       0x080034b5   Thumb Code    28  w5500.o(i.socket_listen_wait)
    ss_deselect                              0x080034d1   Thumb Code    12  w5500.o(i.ss_deselect)
    ss_select                                0x080034dd   Thumb Code    12  w5500.o(i.ss_select)
    transmit_packet                          0x080034e9   Thumb Code   214  modbus.o(i.transmit_packet)
    w5500_hardware_rst                       0x080035d5   Thumb Code    30  w5500.o(i.w5500_hardware_rst)
    w5500_ini                                0x080035f3   Thumb Code   126  w5500.o(i.w5500_ini)
    w5500_read_buf                           0x08003671   Thumb Code    52  w5500.o(i.w5500_read_buf)
    w5500_read_reg                           0x080036a5   Thumb Code    58  w5500.o(i.w5500_read_reg)
    w5500_read_sock_buf                      0x080036df   Thumb Code    28  w5500.o(i.w5500_read_sock_buf)
    w5500_set_ip_gate_addr                   0x080036fb   Thumb Code    58  w5500.o(i.w5500_set_ip_gate_addr)
    w5500_set_ipaddr                         0x08003735   Thumb Code    58  w5500.o(i.w5500_set_ipaddr)
    w5500_set_ipmask                         0x0800376f   Thumb Code    58  w5500.o(i.w5500_set_ipmask)
    w5500_set_mac_addr                       0x080037a9   Thumb Code    82  w5500.o(i.w5500_set_mac_addr)
    w5500_soft_rst                           0x080037fb   Thumb Code    22  w5500.o(i.w5500_soft_rst)
    w5500_write_buf                          0x08003811   Thumb Code    36  w5500.o(i.w5500_write_buf)
    w5500_write_reg                          0x08003835   Thumb Code    54  w5500.o(i.w5500_write_reg)
    w5500_write_sock_buf                     0x0800386b   Thumb Code    30  w5500.o(i.w5500_write_sock_buf)
    __aeabi_dadd                             0x08003889   Thumb Code     0  daddsub_clz.o(x$fpl$dadd)
    _dadd                                    0x08003889   Thumb Code   332  daddsub_clz.o(x$fpl$dadd)
    __fpl_dcheck_NaN1                        0x080039d9   Thumb Code    10  dcheck1.o(x$fpl$dcheck1)
    __fpl_dcmp_Inf                           0x080039e9   Thumb Code    24  dcmpi.o(x$fpl$dcmpinf)
    __aeabi_ddiv                             0x08003a01   Thumb Code     0  ddiv.o(x$fpl$ddiv)
    _ddiv                                    0x08003a01   Thumb Code   552  ddiv.o(x$fpl$ddiv)
    __aeabi_cdcmpeq                          0x08003cb1   Thumb Code     0  deqf.o(x$fpl$deqf)
    _dcmpeq                                  0x08003cb1   Thumb Code   120  deqf.o(x$fpl$deqf)
    __aeabi_d2iz                             0x08003d29   Thumb Code     0  dfix.o(x$fpl$dfix)
    _dfix                                    0x08003d29   Thumb Code    94  dfix.o(x$fpl$dfix)
    __aeabi_i2d                              0x08003d87   Thumb Code     0  dflt_clz.o(x$fpl$dflt)
    _dflt                                    0x08003d87   Thumb Code    46  dflt_clz.o(x$fpl$dflt)
    __aeabi_dmul                             0x08003db5   Thumb Code     0  dmul.o(x$fpl$dmul)
    _dmul                                    0x08003db5   Thumb Code   332  dmul.o(x$fpl$dmul)
    __fpl_dnaninf                            0x08003f09   Thumb Code   156  dnaninf.o(x$fpl$dnaninf)
    __fpl_dretinf                            0x08003fa5   Thumb Code    12  dretinf.o(x$fpl$dretinf)
    __aeabi_drsub                            0x08003fb1   Thumb Code     0  daddsub_clz.o(x$fpl$drsb)
    _drsb                                    0x08003fb1   Thumb Code    22  daddsub_clz.o(x$fpl$drsb)
    __aeabi_dsub                             0x08003fc9   Thumb Code     0  daddsub_clz.o(x$fpl$dsub)
    _dsub                                    0x08003fc9   Thumb Code   464  daddsub_clz.o(x$fpl$dsub)
    __aeabi_fadd                             0x0800419d   Thumb Code     0  faddsub_clz.o(x$fpl$fadd)
    _fadd                                    0x0800419d   Thumb Code   196  faddsub_clz.o(x$fpl$fadd)
    __fpl_fcheck_NaN1                        0x08004261   Thumb Code     6  fcheck1.o(x$fpl$fcheck1)
    __aeabi_ui2f                             0x0800426d   Thumb Code     0  fflt_clz.o(x$fpl$ffltu)
    _ffltu                                   0x0800426d   Thumb Code    38  fflt_clz.o(x$fpl$ffltu)
    __fpl_fnaninf                            0x08004293   Thumb Code   140  fnaninf.o(x$fpl$fnaninf)
    __fpl_fretinf                            0x0800431f   Thumb Code    10  fretinf.o(x$fpl$fretinf)
    __aeabi_fsub                             0x08004329   Thumb Code     0  faddsub_clz.o(x$fpl$fsub)
    _fsub                                    0x08004329   Thumb Code   234  faddsub_clz.o(x$fpl$fsub)
    __fpl_return_NaN                         0x08004413   Thumb Code   100  retnan.o(x$fpl$retnan)
    __ARM_scalbn                             0x08004477   Thumb Code    92  scalbn.o(x$fpl$scalbn)
    __ARM_scalbnf                            0x080044d3   Thumb Code    76  scalbnf.o(x$fpl$scalbnf)
    __fpl_cmpreturn                          0x0800451f   Thumb Code    48  trapv.o(x$fpl$trapveneer)
    __I$use$fp                               0x0800454e   Number         0  usenofp.o(x$fpl$usenofp)
    AHBPrescTable                            0x08004560   Data          16  system_stm32f1xx.o(.constdata)
    APBPrescTable                            0x08004570   Data           8  system_stm32f1xx.o(.constdata)
    __mathlib_zero                           0x080045b0   Data           8  qnan.o(.constdata)
    Region$$Table$$Base                      0x080045b8   Number         0  anon$$obj.o(Region$$Table)
    Region$$Table$$Limit                     0x080045d8   Number         0  anon$$obj.o(Region$$Table)
    is_time_to_update_params                 0x20000000   Data           1  main.o(.data)
    ip_addr_ini_1                            0x20000001   Data           4  device_defs.o(.data)
    ip_addr_ini_2                            0x20000005   Data           4  device_defs.o(.data)
    ip_gate_ini                              0x20000009   Data           4  device_defs.o(.data)
    ip_mask_ini                              0x2000000d   Data           4  device_defs.o(.data)
    mac_addr_ini_1                           0x20000011   Data           6  device_defs.o(.data)
    mac_addr_ini_2                           0x20000017   Data           6  device_defs.o(.data)
    local_port_ini                           0x20000020   Data           4  device_defs.o(.data)
    ram_ptr                                  0x20000024   Data           4  ram.o(.data)
    uwTickFreq                               0x20000028   Data           1  stm32f1xx_hal.o(.data)
    uwTickPrio                               0x2000002c   Data           4  stm32f1xx_hal.o(.data)
    uwTick                                   0x20000030   Data           4  stm32f1xx_hal.o(.data)
    SystemCoreClock                          0x20000034   Data           4  system_stm32f1xx.o(.data)
    tx_data_size                             0x20000038   Data           4  modbus.o(.data)
    w5500_1_ptr                              0x2000003c   Data           4  w5500.o(.data)
    hi2c1                                    0x20000040   Data          84  main.o(.bss)
    hspi1                                    0x20000094   Data          88  main.o(.bss)
    htim2                                    0x200000ec   Data          72  main.o(.bss)
    htim3                                    0x20000134   Data          72  main.o(.bss)
    htim4                                    0x2000017c   Data          72  main.o(.bss)
    ram_data                                 0x200001c4   Data         113  ram.o(.bss)
    crc_table                                0x20000238   Data        1024  modbus.o(.bss)
    rx_packet                                0x20000638   Data        1038  modbus.o(.bss)
    tx_packet                                0x20000a46   Data        1038  modbus.o(.bss)
    w5500_1                                  0x20000e54   Data        2252  w5500.o(.bss)
    __libspace_start                         0x20001720   Data          96  libspace.o(.bss)
    __temporary_stack_top$libspace           0x20001780   Data           0  libspace.o(.bss)



==============================================================================

Memory Map of the image

  Image Entry point : 0x080000ed

  Load Region LR_IROM1 (Base: 0x08000000, Size: 0x00004618, Max: 0x00010000, ABSOLUTE)

    Execution Region ER_IROM1 (Exec base: 0x08000000, Load base: 0x08000000, Size: 0x000045d8, Max: 0x00010000, ABSOLUTE)

    Exec Addr    Load Addr    Size         Type   Attr      Idx    E Section Name        Object

    0x08000000   0x08000000   0x000000ec   Data   RO            3    RESET               startup_stm32f103xb.o
    0x080000ec   0x080000ec   0x00000008   Code   RO         3650  * !!!main             c_w.l(__main.o)
    0x080000f4   0x080000f4   0x00000034   Code   RO         3904    !!!scatter          c_w.l(__scatter.o)
    0x08000128   0x08000128   0x0000001a   Code   RO         3906    !!handler_copy      c_w.l(__scatter_copy.o)
    0x08000142   0x08000142   0x00000002   PAD
    0x08000144   0x08000144   0x0000001c   Code   RO         3908    !!handler_zi        c_w.l(__scatter_zi.o)
    0x08000160   0x08000160   0x00000002   Code   RO         3773    .ARM.Collect$$libinit$$00000000  c_w.l(libinit.o)
    0x08000162   0x08000162   0x00000000   Code   RO         3779    .ARM.Collect$$libinit$$00000002  c_w.l(libinit2.o)
    0x08000162   0x08000162   0x00000000   Code   RO         3781    .ARM.Collect$$libinit$$00000004  c_w.l(libinit2.o)
    0x08000162   0x08000162   0x00000000   Code   RO         3784    .ARM.Collect$$libinit$$0000000A  c_w.l(libinit2.o)
    0x08000162   0x08000162   0x00000000   Code   RO         3786    .ARM.Collect$$libinit$$0000000C  c_w.l(libinit2.o)
    0x08000162   0x08000162   0x00000000   Code   RO         3788    .ARM.Collect$$libinit$$0000000E  c_w.l(libinit2.o)
    0x08000162   0x08000162   0x00000000   Code   RO         3791    .ARM.Collect$$libinit$$00000011  c_w.l(libinit2.o)
    0x08000162   0x08000162   0x00000000   Code   RO         3793    .ARM.Collect$$libinit$$00000013  c_w.l(libinit2.o)
    0x08000162   0x08000162   0x00000000   Code   RO         3795    .ARM.Collect$$libinit$$00000015  c_w.l(libinit2.o)
    0x08000162   0x08000162   0x00000000   Code   RO         3797    .ARM.Collect$$libinit$$00000017  c_w.l(libinit2.o)
    0x08000162   0x08000162   0x00000000   Code   RO         3799    .ARM.Collect$$libinit$$00000019  c_w.l(libinit2.o)
    0x08000162   0x08000162   0x00000000   Code   RO         3801    .ARM.Collect$$libinit$$0000001B  c_w.l(libinit2.o)
    0x08000162   0x08000162   0x00000000   Code   RO         3803    .ARM.Collect$$libinit$$0000001D  c_w.l(libinit2.o)
    0x08000162   0x08000162   0x00000000   Code   RO         3805    .ARM.Collect$$libinit$$0000001F  c_w.l(libinit2.o)
    0x08000162   0x08000162   0x00000000   Code   RO         3807    .ARM.Collect$$libinit$$00000021  c_w.l(libinit2.o)
    0x08000162   0x08000162   0x00000000   Code   RO         3809    .ARM.Collect$$libinit$$00000023  c_w.l(libinit2.o)
    0x08000162   0x08000162   0x00000000   Code   RO         3811    .ARM.Collect$$libinit$$00000025  c_w.l(libinit2.o)
    0x08000162   0x08000162   0x00000000   Code   RO         3815    .ARM.Collect$$libinit$$0000002C  c_w.l(libinit2.o)
    0x08000162   0x08000162   0x00000000   Code   RO         3817    .ARM.Collect$$libinit$$0000002E  c_w.l(libinit2.o)
    0x08000162   0x08000162   0x00000000   Code   RO         3819    .ARM.Collect$$libinit$$00000030  c_w.l(libinit2.o)
    0x08000162   0x08000162   0x00000000   Code   RO         3821    .ARM.Collect$$libinit$$00000032  c_w.l(libinit2.o)
    0x08000162   0x08000162   0x00000002   Code   RO         3822    .ARM.Collect$$libinit$$00000033  c_w.l(libinit2.o)
    0x08000164   0x08000164   0x00000002   Code   RO         3842    .ARM.Collect$$libshutdown$$00000000  c_w.l(libshutdown.o)
    0x08000166   0x08000166   0x00000000   Code   RO         3855    .ARM.Collect$$libshutdown$$00000002  c_w.l(libshutdown2.o)
    0x08000166   0x08000166   0x00000000   Code   RO         3857    .ARM.Collect$$libshutdown$$00000004  c_w.l(libshutdown2.o)
    0x08000166   0x08000166   0x00000000   Code   RO         3859    .ARM.Collect$$libshutdown$$00000006  c_w.l(libshutdown2.o)
    0x08000166   0x08000166   0x00000000   Code   RO         3862    .ARM.Collect$$libshutdown$$00000009  c_w.l(libshutdown2.o)
    0x08000166   0x08000166   0x00000000   Code   RO         3865    .ARM.Collect$$libshutdown$$0000000C  c_w.l(libshutdown2.o)
    0x08000166   0x08000166   0x00000000   Code   RO         3867    .ARM.Collect$$libshutdown$$0000000E  c_w.l(libshutdown2.o)
    0x08000166   0x08000166   0x00000000   Code   RO         3870    .ARM.Collect$$libshutdown$$00000011  c_w.l(libshutdown2.o)
    0x08000166   0x08000166   0x00000002   Code   RO         3871    .ARM.Collect$$libshutdown$$00000012  c_w.l(libshutdown2.o)
    0x08000168   0x08000168   0x00000000   Code   RO         3684    .ARM.Collect$$rtentry$$00000000  c_w.l(__rtentry.o)
    0x08000168   0x08000168   0x00000000   Code   RO         3736    .ARM.Collect$$rtentry$$00000002  c_w.l(__rtentry2.o)
    0x08000168   0x08000168   0x00000006   Code   RO         3748    .ARM.Collect$$rtentry$$00000004  c_w.l(__rtentry4.o)
    0x0800016e   0x0800016e   0x00000000   Code   RO         3738    .ARM.Collect$$rtentry$$00000009  c_w.l(__rtentry2.o)
    0x0800016e   0x0800016e   0x00000004   Code   RO         3739    .ARM.Collect$$rtentry$$0000000A  c_w.l(__rtentry2.o)
    0x08000172   0x08000172   0x00000000   Code   RO         3741    .ARM.Collect$$rtentry$$0000000C  c_w.l(__rtentry2.o)
    0x08000172   0x08000172   0x00000008   Code   RO         3742    .ARM.Collect$$rtentry$$0000000D  c_w.l(__rtentry2.o)
    0x0800017a   0x0800017a   0x00000002   Code   RO         3776    .ARM.Collect$$rtexit$$00000000  c_w.l(rtexit.o)
    0x0800017c   0x0800017c   0x00000000   Code   RO         3824    .ARM.Collect$$rtexit$$00000002  c_w.l(rtexit2.o)
    0x0800017c   0x0800017c   0x00000004   Code   RO         3825    .ARM.Collect$$rtexit$$00000003  c_w.l(rtexit2.o)
    0x08000180   0x08000180   0x00000006   Code   RO         3826    .ARM.Collect$$rtexit$$00000004  c_w.l(rtexit2.o)
    0x08000186   0x08000186   0x00000002   PAD
    0x08000188   0x08000188   0x00000040   Code   RO            4    .text               startup_stm32f103xb.o
    0x080001c8   0x080001c8   0x0000008a   Code   RO         3638    .text               c_w.l(rt_memcpy_v6.o)
    0x08000252   0x08000252   0x00000064   Code   RO         3640    .text               c_w.l(rt_memcpy_w.o)
    0x080002b6   0x080002b6   0x00000010   Code   RO         3642    .text               c_w.l(aeabi_memset.o)
    0x080002c6   0x080002c6   0x0000004e   Code   RO         3644    .text               c_w.l(rt_memclr_w.o)
    0x08000314   0x08000314   0x00000056   Code   RO         3646    .text               c_w.l(strncpy.o)
    0x0800036a   0x0800036a   0x00000006   Code   RO         3648    .text               c_w.l(heapauxi.o)
    0x08000370   0x08000370   0x00000016   Code   RO         3685    .text               c_w.l(_rserrno.o)
    0x08000386   0x08000386   0x00000044   Code   RO         3687    .text               c_w.l(rt_memclr.o)
    0x080003ca   0x080003ca   0x00000002   PAD
    0x080003cc   0x080003cc   0x00000008   Code   RO         3753    .text               c_w.l(rt_errno_addr_intlibspace.o)
    0x080003d4   0x080003d4   0x00000008   Code   RO         3761    .text               c_w.l(libspace.o)
    0x080003dc   0x080003dc   0x0000004a   Code   RO         3764    .text               c_w.l(sys_stackheap_outer.o)
    0x08000426   0x08000426   0x00000012   Code   RO         3766    .text               c_w.l(exit.o)
    0x08000438   0x08000438   0x0000000c   Code   RO         3834    .text               c_w.l(sys_exit.o)
    0x08000444   0x08000444   0x00000002   Code   RO         3845    .text               c_w.l(use_no_semi.o)
    0x08000446   0x08000446   0x00000000   Code   RO         3847    .text               c_w.l(indicate_semi.o)
    0x08000446   0x08000446   0x00000002   Code   RO          245    i.BusFault_Handler  stm32f1xx_it.o
    0x08000448   0x08000448   0x00000002   Code   RO          246    i.DebugMon_Handler  stm32f1xx_it.o
    0x0800044a   0x0800044a   0x00000002   PAD
    0x0800044c   0x0800044c   0x00000024   Code   RO          926    i.HAL_Delay         stm32f1xx_hal.o
    0x08000470   0x08000470   0x000001e0   Code   RO         1236    i.HAL_GPIO_Init     stm32f1xx_hal_gpio.o
    0x08000650   0x08000650   0x0000000a   Code   RO         1238    i.HAL_GPIO_ReadPin  stm32f1xx_hal_gpio.o
    0x0800065a   0x0800065a   0x00000010   Code   RO         1239    i.HAL_GPIO_TogglePin  stm32f1xx_hal_gpio.o
    0x0800066a   0x0800066a   0x0000000a   Code   RO         1240    i.HAL_GPIO_WritePin  stm32f1xx_hal_gpio.o
    0x08000674   0x08000674   0x0000000c   Code   RO          930    i.HAL_GetTick       stm32f1xx_hal.o
    0x08000680   0x08000680   0x00000188   Code   RO          493    i.HAL_I2C_Init      stm32f1xx_hal_i2c.o
    0x08000808   0x08000808   0x00000250   Code   RO          511    i.HAL_I2C_Mem_Read  stm32f1xx_hal_i2c.o
    0x08000a58   0x08000a58   0x00000130   Code   RO          514    i.HAL_I2C_Mem_Write  stm32f1xx_hal_i2c.o
    0x08000b88   0x08000b88   0x00000070   Code   RO          338    i.HAL_I2C_MspInit   stm32f1xx_hal_msp.o
    0x08000bf8   0x08000bf8   0x00000010   Code   RO          936    i.HAL_IncTick       stm32f1xx_hal.o
    0x08000c08   0x08000c08   0x00000024   Code   RO          937    i.HAL_Init          stm32f1xx_hal.o
    0x08000c2c   0x08000c2c   0x00000040   Code   RO          938    i.HAL_InitTick      stm32f1xx_hal.o
    0x08000c6c   0x08000c6c   0x0000003c   Code   RO          339    i.HAL_MspInit       stm32f1xx_hal_msp.o
    0x08000ca8   0x08000ca8   0x0000001a   Code   RO         1396    i.HAL_NVIC_EnableIRQ  stm32f1xx_hal_cortex.o
    0x08000cc2   0x08000cc2   0x00000002   PAD
    0x08000cc4   0x08000cc4   0x00000040   Code   RO         1402    i.HAL_NVIC_SetPriority  stm32f1xx_hal_cortex.o
    0x08000d04   0x08000d04   0x00000024   Code   RO         1403    i.HAL_NVIC_SetPriorityGrouping  stm32f1xx_hal_cortex.o
    0x08000d28   0x08000d28   0x0000012c   Code   RO         1094    i.HAL_RCC_ClockConfig  stm32f1xx_hal_rcc.o
    0x08000e54   0x08000e54   0x00000020   Code   RO         1101    i.HAL_RCC_GetPCLK1Freq  stm32f1xx_hal_rcc.o
    0x08000e74   0x08000e74   0x0000004c   Code   RO         1103    i.HAL_RCC_GetSysClockFreq  stm32f1xx_hal_rcc.o
    0x08000ec0   0x08000ec0   0x00000320   Code   RO         1106    i.HAL_RCC_OscConfig  stm32f1xx_hal_rcc.o
    0x080011e0   0x080011e0   0x000000b2   Code   RO         1907    i.HAL_SPI_Init      stm32f1xx_hal_spi.o
    0x08001292   0x08001292   0x00000002   PAD
    0x08001294   0x08001294   0x00000070   Code   RO          341    i.HAL_SPI_MspInit   stm32f1xx_hal_msp.o
    0x08001304   0x08001304   0x00000156   Code   RO         1910    i.HAL_SPI_Receive   stm32f1xx_hal_spi.o
    0x0800145a   0x0800145a   0x0000016e   Code   RO         1915    i.HAL_SPI_Transmit  stm32f1xx_hal_spi.o
    0x080015c8   0x080015c8   0x000001ee   Code   RO         1916    i.HAL_SPI_TransmitReceive  stm32f1xx_hal_spi.o
    0x080017b6   0x080017b6   0x00000028   Code   RO         1407    i.HAL_SYSTICK_Config  stm32f1xx_hal_cortex.o
    0x080017de   0x080017de   0x00000002   Code   RO         2924    i.HAL_TIMEx_BreakCallback  stm32f1xx_hal_tim_ex.o
    0x080017e0   0x080017e0   0x00000002   Code   RO         2925    i.HAL_TIMEx_CommutCallback  stm32f1xx_hal_tim_ex.o
    0x080017e2   0x080017e2   0x00000002   PAD
    0x080017e4   0x080017e4   0x00000068   Code   RO         2943    i.HAL_TIMEx_MasterConfigSynchronization  stm32f1xx_hal_tim_ex.o
    0x0800184c   0x0800184c   0x0000005a   Code   RO         2220    i.HAL_TIM_Base_Init  stm32f1xx_hal_tim.o
    0x080018a6   0x080018a6   0x00000002   PAD
    0x080018a8   0x080018a8   0x00000078   Code   RO          343    i.HAL_TIM_Base_MspInit  stm32f1xx_hal_msp.o
    0x08001920   0x08001920   0x00000050   Code   RO         2223    i.HAL_TIM_Base_Start  stm32f1xx_hal_tim.o
    0x08001970   0x08001970   0x00000058   Code   RO         2225    i.HAL_TIM_Base_Start_IT  stm32f1xx_hal_tim.o
    0x080019c8   0x080019c8   0x000000dc   Code   RO         2229    i.HAL_TIM_ConfigClockSource  stm32f1xx_hal_tim.o
    0x08001aa4   0x08001aa4   0x00000002   Code   RO         2254    i.HAL_TIM_IC_CaptureCallback  stm32f1xx_hal_tim.o
    0x08001aa6   0x08001aa6   0x00000166   Code   RO         2268    i.HAL_TIM_IRQHandler  stm32f1xx_hal_tim.o
    0x08001c0c   0x08001c0c   0x00000002   Code   RO         2271    i.HAL_TIM_OC_DelayElapsedCallback  stm32f1xx_hal_tim.o
    0x08001c0e   0x08001c0e   0x00000002   Code   RO         2298    i.HAL_TIM_PWM_PulseFinishedCallback  stm32f1xx_hal_tim.o
    0x08001c10   0x08001c10   0x00000002   Code   RO         2306    i.HAL_TIM_PeriodElapsedCallback  stm32f1xx_hal_tim.o
    0x08001c12   0x08001c12   0x00000002   Code   RO         2311    i.HAL_TIM_TriggerCallback  stm32f1xx_hal_tim.o
    0x08001c14   0x08001c14   0x00000002   Code   RO          247    i.HardFault_Handler  stm32f1xx_it.o
    0x08001c16   0x08001c16   0x0000002e   Code   RO          536    i.I2C_IsAcknowledgeFailed  stm32f1xx_hal_i2c.o
    0x08001c44   0x08001c44   0x000000fc   Code   RO          546    i.I2C_RequestMemoryRead  stm32f1xx_hal_i2c.o
    0x08001d40   0x08001d40   0x000000a8   Code   RO          547    i.I2C_RequestMemoryWrite  stm32f1xx_hal_i2c.o
    0x08001de8   0x08001de8   0x00000056   Code   RO          551    i.I2C_WaitOnBTFFlagUntilTimeout  stm32f1xx_hal_i2c.o
    0x08001e3e   0x08001e3e   0x00000002   PAD
    0x08001e40   0x08001e40   0x00000090   Code   RO          552    i.I2C_WaitOnFlagUntilTimeout  stm32f1xx_hal_i2c.o
    0x08001ed0   0x08001ed0   0x000000bc   Code   RO          553    i.I2C_WaitOnMasterAddressFlagUntilTimeout  stm32f1xx_hal_i2c.o
    0x08001f8c   0x08001f8c   0x00000070   Code   RO          554    i.I2C_WaitOnRXNEFlagUntilTimeout  stm32f1xx_hal_i2c.o
    0x08001ffc   0x08001ffc   0x00000056   Code   RO          555    i.I2C_WaitOnTXEFlagUntilTimeout  stm32f1xx_hal_i2c.o
    0x08002052   0x08002052   0x00000002   PAD
    0x08002054   0x08002054   0x000000d8   Code   RO          142    i.MX_GPIO_Init      main.o
    0x0800212c   0x0800212c   0x00000044   Code   RO          143    i.MX_SPI1_Init      main.o
    0x08002170   0x08002170   0x00000068   Code   RO          144    i.MX_TIM2_Init      main.o
    0x080021d8   0x080021d8   0x00000068   Code   RO          145    i.MX_TIM3_Init      main.o
    0x08002240   0x08002240   0x00000068   Code   RO          146    i.MX_TIM4_Init      main.o
    0x080022a8   0x080022a8   0x00000002   Code   RO          248    i.MemManage_Handler  stm32f1xx_it.o
    0x080022aa   0x080022aa   0x00000002   Code   RO          249    i.NMI_Handler       stm32f1xx_it.o
    0x080022ac   0x080022ac   0x00000002   Code   RO          250    i.PendSV_Handler    stm32f1xx_it.o
    0x080022ae   0x080022ae   0x0000005c   Code   RO         1944    i.SPI_EndRxTransaction  stm32f1xx_hal_spi.o
    0x0800230a   0x0800230a   0x00000020   Code   RO         1945    i.SPI_EndRxTxTransaction  stm32f1xx_hal_spi.o
    0x0800232a   0x0800232a   0x00000002   PAD
    0x0800232c   0x0800232c   0x000000b8   Code   RO         1950    i.SPI_WaitFlagStateUntilTimeout  stm32f1xx_hal_spi.o
    0x080023e4   0x080023e4   0x00000002   Code   RO          251    i.SVC_Handler       stm32f1xx_it.o
    0x080023e6   0x080023e6   0x00000004   Code   RO          252    i.SysTick_Handler   stm32f1xx_it.o
    0x080023ea   0x080023ea   0x0000005e   Code   RO          147    i.SystemClock_Config  main.o
    0x08002448   0x08002448   0x00000002   Code   RO         3192    i.SystemInit        system_stm32f1xx.o
    0x0800244a   0x0800244a   0x00000002   PAD
    0x0800244c   0x0800244c   0x0000001c   Code   RO          253    i.TIM2_IRQHandler   stm32f1xx_it.o
    0x08002468   0x08002468   0x00000028   Code   RO          254    i.TIM4_IRQHandler   stm32f1xx_it.o
    0x08002490   0x08002490   0x0000006c   Code   RO         2313    i.TIM_Base_SetConfig  stm32f1xx_hal_tim.o
    0x080024fc   0x080024fc   0x00000014   Code   RO         2324    i.TIM_ETR_SetConfig  stm32f1xx_hal_tim.o
    0x08002510   0x08002510   0x00000010   Code   RO         2325    i.TIM_ITRx_SetConfig  stm32f1xx_hal_tim.o
    0x08002520   0x08002520   0x00000022   Code   RO         2331    i.TIM_TI1_ConfigInputStage  stm32f1xx_hal_tim.o
    0x08002542   0x08002542   0x00000024   Code   RO         2333    i.TIM_TI2_ConfigInputStage  stm32f1xx_hal_tim.o
    0x08002566   0x08002566   0x00000002   Code   RO          255    i.UsageFault_Handler  stm32f1xx_it.o
    0x08002568   0x08002568   0x00000020   Code   RO         1409    i.__NVIC_SetPriority  stm32f1xx_hal_cortex.o
    0x08002588   0x08002588   0x000000aa   Code   RO         3732    i.__kernel_poly     m_ws.l(poly.o)
    0x08002632   0x08002632   0x00000002   PAD
    0x08002634   0x08002634   0x00000010   Code   RO         3718    i.__mathlib_dbl_divzero  m_ws.l(dunder.o)
    0x08002644   0x08002644   0x00000006   Code   RO         3719    i.__mathlib_dbl_infnan  m_ws.l(dunder.o)
    0x0800264a   0x0800264a   0x0000000c   Code   RO         3721    i.__mathlib_dbl_invalid  m_ws.l(dunder.o)
    0x08002656   0x08002656   0x00000002   PAD
    0x08002658   0x08002658   0x000000b8   Code   RO         3229    i._eeprom_read      eeprom.o
    0x08002710   0x08002710   0x000000c0   Code   RO         3230    i._eeprom_write     eeprom.o
    0x080027d0   0x080027d0   0x0000000e   Code   RO         3231    i.bytestowrite      eeprom.o
    0x080027de   0x080027de   0x00000002   PAD
    0x080027e0   0x080027e0   0x00000028   Code   RO         3289    i.crc32             modbus.o
    0x08002808   0x08002808   0x00000018   Code   RO           13    i.delay_us          common.o
    0x08002820   0x08002820   0x000000a8   Code   RO         3290    i.do_cmd            modbus.o
    0x080028c8   0x080028c8   0x00000028   Code   RO         3347    i.ds18b20_convert   ds18b20.o
    0x080028f0   0x080028f0   0x00000044   Code   RO         3349    i.ds18b20_get_temp  ds18b20.o
    0x08002934   0x08002934   0x0000004a   Code   RO         3350    i.ds18b20_init      ds18b20.o
    0x0800297e   0x0800297e   0x00000026   Code   RO         3351    i.ds18b20_measure_temp_cmd  ds18b20.o
    0x080029a4   0x080029a4   0x0000004c   Code   RO         3352    i.ds18b20_read_bit  ds18b20.o
    0x080029f0   0x080029f0   0x00000028   Code   RO         3353    i.ds18b20_read_byte  ds18b20.o
    0x08002a18   0x08002a18   0x0000003e   Code   RO         3354    i.ds18b20_read_strat_cpad  ds18b20.o
    0x08002a56   0x08002a56   0x00000050   Code   RO         3355    i.ds18b20_reset     ds18b20.o
    0x08002aa6   0x08002aa6   0x0000003c   Code   RO         3356    i.ds18b20_write_bit  ds18b20.o
    0x08002ae2   0x08002ae2   0x0000002e   Code   RO         3357    i.ds18b20_write_byte  ds18b20.o
    0x08002b10   0x08002b10   0x00000070   Code   RO         3232    i.eeprom_page_erase  eeprom.o
    0x08002b80   0x08002b80   0x00000056   Code   RO         3233    i.eeprom_read       eeprom.o
    0x08002bd6   0x08002bd6   0x00000056   Code   RO         3234    i.eeprom_write      eeprom.o
    0x08002c2c   0x08002c2c   0x00000098   Code   RO         3235    i.eeproms_first_ini  eeprom.o
    0x08002cc4   0x08002cc4   0x00000034   Code   RO         3291    i.fill_crc32_table  modbus.o
    0x08002cf8   0x08002cf8   0x00000028   Code   RO         3428    i.get_read_pointer  w5500.o
    0x08002d20   0x08002d20   0x00000028   Code   RO         3429    i.get_size_rx       w5500.o
    0x08002d48   0x08002d48   0x0000000e   Code   RO         3430    i.get_socket_status  w5500.o
    0x08002d56   0x08002d56   0x00000028   Code   RO         3431    i.get_write_pointer  w5500.o
    0x08002d7e   0x08002d7e   0x00000010   Code   RO         3432    i.listen_socket     w5500.o
    0x08002d8e   0x08002d8e   0x00000002   PAD
    0x08002d90   0x08002d90   0x0000035c   Code   RO         3675    i.log               m_ws.l(log.o)
    0x080030ec   0x080030ec   0x000001b8   Code   RO          148    i.main              main.o
    0x080032a4   0x080032a4   0x00000028   Code   RO         3433    i.open_socket       w5500.o
    0x080032cc   0x080032cc   0x000000c4   Code   RO         3292    i.receive_packet    modbus.o
    0x08003390   0x08003390   0x00000010   Code   RO         3434    i.recv_socket       w5500.o
    0x080033a0   0x080033a0   0x00000024   Code   RO         3293    i.request_reply_iteration  modbus.o
    0x080033c4   0x080033c4   0x0000000c   Code   RO         3435    i.rst_deselect      w5500.o
    0x080033d0   0x080033d0   0x0000000c   Code   RO         3436    i.rst_select        w5500.o
    0x080033dc   0x080033dc   0x00000010   Code   RO         3437    i.send_socket       w5500.o
    0x080033ec   0x080033ec   0x00000016   Code   RO           14    i.set_pin_input     common.o
    0x08003402   0x08003402   0x00000018   Code   RO           15    i.set_pin_output    common.o
    0x0800341a   0x0800341a   0x0000002a   Code   RO         3438    i.set_read_pointer  w5500.o
    0x08003444   0x08003444   0x0000002a   Code   RO         3439    i.set_sock_port     w5500.o
    0x0800346e   0x0800346e   0x0000002a   Code   RO         3440    i.set_write_pointer  w5500.o
    0x08003498   0x08003498   0x0000001c   Code   RO         3442    i.socket_init_wait  w5500.o
    0x080034b4   0x080034b4   0x0000001c   Code   RO         3443    i.socket_listen_wait  w5500.o
    0x080034d0   0x080034d0   0x0000000c   Code   RO         3444    i.ss_deselect       w5500.o
    0x080034dc   0x080034dc   0x0000000c   Code   RO         3445    i.ss_select         w5500.o
    0x080034e8   0x080034e8   0x000000ec   Code   RO         3294    i.transmit_packet   modbus.o
    0x080035d4   0x080035d4   0x0000001e   Code   RO         3446    i.w5500_hardware_rst  w5500.o
    0x080035f2   0x080035f2   0x0000007e   Code   RO         3447    i.w5500_ini         w5500.o
    0x08003670   0x08003670   0x00000034   Code   RO         3448    i.w5500_read_buf    w5500.o
    0x080036a4   0x080036a4   0x0000003a   Code   RO         3449    i.w5500_read_reg    w5500.o
    0x080036de   0x080036de   0x0000001c   Code   RO         3450    i.w5500_read_sock_buf  w5500.o
    0x080036fa   0x080036fa   0x0000003a   Code   RO         3452    i.w5500_set_ip_gate_addr  w5500.o
    0x08003734   0x08003734   0x0000003a   Code   RO         3453    i.w5500_set_ipaddr  w5500.o
    0x0800376e   0x0800376e   0x0000003a   Code   RO         3454    i.w5500_set_ipmask  w5500.o
    0x080037a8   0x080037a8   0x00000052   Code   RO         3455    i.w5500_set_mac_addr  w5500.o
    0x080037fa   0x080037fa   0x00000016   Code   RO         3456    i.w5500_soft_rst    w5500.o
    0x08003810   0x08003810   0x00000024   Code   RO         3457    i.w5500_write_buf   w5500.o
    0x08003834   0x08003834   0x00000036   Code   RO         3458    i.w5500_write_reg   w5500.o
    0x0800386a   0x0800386a   0x0000001e   Code   RO         3459    i.w5500_write_sock_buf  w5500.o
    0x08003888   0x08003888   0x00000150   Code   RO         3689    x$fpl$dadd          fz_ws.l(daddsub_clz.o)
    0x080039d8   0x080039d8   0x00000010   Code   RO         3755    x$fpl$dcheck1       fz_ws.l(dcheck1.o)
    0x080039e8   0x080039e8   0x00000018   Code   RO         3757    x$fpl$dcmpinf       fz_ws.l(dcmpi.o)
    0x08003a00   0x08003a00   0x000002b0   Code   RO         3653    x$fpl$ddiv          fz_ws.l(ddiv.o)
    0x08003cb0   0x08003cb0   0x00000078   Code   RO         3695    x$fpl$deqf          fz_ws.l(deqf.o)
    0x08003d28   0x08003d28   0x0000005e   Code   RO         3656    x$fpl$dfix          fz_ws.l(dfix.o)
    0x08003d86   0x08003d86   0x0000002e   Code   RO         3698    x$fpl$dflt          fz_ws.l(dflt_clz.o)
    0x08003db4   0x08003db4   0x00000154   Code   RO         3703    x$fpl$dmul          fz_ws.l(dmul.o)
    0x08003f08   0x08003f08   0x0000009c   Code   RO         3705    x$fpl$dnaninf       fz_ws.l(dnaninf.o)
    0x08003fa4   0x08003fa4   0x0000000c   Code   RO         3707    x$fpl$dretinf       fz_ws.l(dretinf.o)
    0x08003fb0   0x08003fb0   0x00000016   Code   RO         3690    x$fpl$drsb          fz_ws.l(daddsub_clz.o)
    0x08003fc6   0x08003fc6   0x00000002   PAD
    0x08003fc8   0x08003fc8   0x000001d4   Code   RO         3691    x$fpl$dsub          fz_ws.l(daddsub_clz.o)
    0x0800419c   0x0800419c   0x000000c4   Code   RO         3660    x$fpl$fadd          fz_ws.l(faddsub_clz.o)
    0x08004260   0x08004260   0x0000000c   Code   RO         3709    x$fpl$fcheck1       fz_ws.l(fcheck1.o)
    0x0800426c   0x0800426c   0x00000026   Code   RO         3666    x$fpl$ffltu         fz_ws.l(fflt_clz.o)
    0x08004292   0x08004292   0x0000008c   Code   RO         3711    x$fpl$fnaninf       fz_ws.l(fnaninf.o)
    0x0800431e   0x0800431e   0x0000000a   Code   RO         3713    x$fpl$fretinf       fz_ws.l(fretinf.o)
    0x08004328   0x08004328   0x000000ea   Code   RO         3662    x$fpl$fsub          fz_ws.l(faddsub_clz.o)
    0x08004412   0x08004412   0x00000064   Code   RO         3759    x$fpl$retnan        fz_ws.l(retnan.o)
    0x08004476   0x08004476   0x0000005c   Code   RO         3715    x$fpl$scalbn        fz_ws.l(scalbn.o)
    0x080044d2   0x080044d2   0x0000004c   Code   RO         3672    x$fpl$scalbnf       fz_ws.l(scalbnf.o)
    0x0800451e   0x0800451e   0x00000030   Code   RO         3774    x$fpl$trapveneer    fz_ws.l(trapv.o)
    0x0800454e   0x0800454e   0x00000000   Code   RO         3717    x$fpl$usenofp       fz_ws.l(usenofp.o)
    0x0800454e   0x0800454e   0x00000012   Data   RO         1107    .constdata          stm32f1xx_hal_rcc.o
    0x08004560   0x08004560   0x00000010   Data   RO         3193    .constdata          system_stm32f1xx.o
    0x08004570   0x08004570   0x00000008   Data   RO         3194    .constdata          system_stm32f1xx.o
    0x08004578   0x08004578   0x00000038   Data   RO         3676    .constdata          m_ws.l(log.o)
    0x080045b0   0x080045b0   0x00000008   Data   RO         3734    .constdata          m_ws.l(qnan.o)
    0x080045b8   0x080045b8   0x00000020   Data   RO         3902    Region$$Table       anon$$obj.o


    Execution Region RW_IRAM1 (Exec base: 0x20000000, Load base: 0x080045d8, Size: 0x00001d80, Max: 0x00005000, ABSOLUTE)

    Exec Addr    Load Addr    Size         Type   Attr      Idx    E Section Name        Object

    0x20000000   0x080045d8   0x00000001   Data   RW          150    .data               main.o
    0x20000001   0x080045d9   0x00000004   Data   RW          397    .data               device_defs.o
    0x20000005   0x080045dd   0x00000004   Data   RW          398    .data               device_defs.o
    0x20000009   0x080045e1   0x00000004   Data   RW          399    .data               device_defs.o
    0x2000000d   0x080045e5   0x00000004   Data   RW          400    .data               device_defs.o
    0x20000011   0x080045e9   0x00000006   Data   RW          401    .data               device_defs.o
    0x20000017   0x080045ef   0x00000006   Data   RW          402    .data               device_defs.o
    0x2000001d   0x080045f5   0x00000003   PAD
    0x20000020   0x080045f8   0x00000004   Data   RW          403    .data               device_defs.o
    0x20000024   0x080045fc   0x00000004   Data   RW          425    .data               ram.o
    0x20000028   0x08004600   0x0000000c   Data   RW          944    .data               stm32f1xx_hal.o
    0x20000034   0x0800460c   0x00000004   Data   RW         3195    .data               system_stm32f1xx.o
    0x20000038   0x08004610   0x00000004   Data   RW         3296    .data               modbus.o
    0x2000003c   0x08004614   0x00000004   Data   RW         3462    .data               w5500.o
    0x20000040        -       0x00000184   Zero   RW          149    .bss                main.o
    0x200001c4        -       0x00000071   Zero   RW          424    .bss                ram.o
    0x20000235   0x08004618   0x00000003   PAD
    0x20000238        -       0x00000c1c   Zero   RW         3295    .bss                modbus.o
    0x20000e54        -       0x000008cc   Zero   RW         3460    .bss                w5500.o
    0x20001720        -       0x00000060   Zero   RW         3762    .bss                c_w.l(libspace.o)
    0x20001780        -       0x00000200   Zero   RW            2    HEAP                startup_stm32f103xb.o
    0x20001980        -       0x00000400   Zero   RW            1    STACK               startup_stm32f103xb.o


==============================================================================

Image component sizes


      Code (inc. data)   RO Data    RW Data    ZI Data      Debug   Object Name

        70          6          0          0          0     433808   common.o
         0          0          0         32          0        855   device_defs.o
       584          6          0          0          0       7616   ds18b20.o
       826         60          0          0          0       6944   eeprom.o
      1130         92          0          1        388       9502   main.o
       728         74          0          4       3100       4747   modbus.o
         0          0          0          4        113        519   ram.o
        64         26        236          0       1536        808   startup_stm32f103xb.o
       164         28          0         12          0       5889   stm32f1xx_hal.o
       198         14          0          0          0      28935   stm32f1xx_hal_cortex.o
       516         34          0          0          0       4120   stm32f1xx_hal_gpio.o
      2370         56          0          0          0      12954   stm32f1xx_hal_i2c.o
       404         50          0          0          0       2977   stm32f1xx_hal_msp.o
      1208         72         18          0          0       4549   stm32f1xx_hal_rcc.o
      1688          4          0          0          0       8174   stm32f1xx_hal_spi.o
      1060         40          0          0          0      10930   stm32f1xx_hal_tim.o
       108         12          0          0          0       2401   stm32f1xx_hal_tim_ex.o
        88         22          0          0          0       4814   stm32f1xx_it.o
         2          0         24          4          0       1115   system_stm32f1xx.o
      1144          0          0          4       2252      18503   w5500.o

    ----------------------------------------------------------------------
     12374        596        310         64       7392     570160   Object Totals
         0          0         32          0          0          0   (incl. Generated)
        22          0          0          3          3          0   (incl. Padding)

    ----------------------------------------------------------------------

      Code (inc. data)   RO Data    RW Data    ZI Data      Debug   Library Member Name

         8          0          0          0          0         68   __main.o
         0          0          0          0          0          0   __rtentry.o
        12          0          0          0          0          0   __rtentry2.o
         6          0          0          0          0          0   __rtentry4.o
        52          8          0          0          0          0   __scatter.o
        26          0          0          0          0          0   __scatter_copy.o
        28          0          0          0          0          0   __scatter_zi.o
        22          0          0          0          0        100   _rserrno.o
        16          0          0          0          0         68   aeabi_memset.o
        18          0          0          0          0         80   exit.o
         6          0          0          0          0        152   heapauxi.o
         0          0          0          0          0          0   indicate_semi.o
         2          0          0          0          0          0   libinit.o
         2          0          0          0          0          0   libinit2.o
         2          0          0          0          0          0   libshutdown.o
         2          0          0          0          0          0   libshutdown2.o
         8          4          0          0         96         68   libspace.o
         8          4          0          0          0         68   rt_errno_addr_intlibspace.o
        68          0          0          0          0         68   rt_memclr.o
        78          0          0          0          0         80   rt_memclr_w.o
       138          0          0          0          0         68   rt_memcpy_v6.o
       100          0          0          0          0         80   rt_memcpy_w.o
         2          0          0          0          0          0   rtexit.o
        10          0          0          0          0          0   rtexit2.o
        86          0          0          0          0         76   strncpy.o
        12          4          0          0          0         68   sys_exit.o
        74          0          0          0          0         80   sys_stackheap_outer.o
         2          0          0          0          0         68   use_no_semi.o
       826         16          0          0          0        348   daddsub_clz.o
        16          4          0          0          0         68   dcheck1.o
        24          0          0          0          0         68   dcmpi.o
       688        140          0          0          0        208   ddiv.o
       120          4          0          0          0         92   deqf.o
        94          4          0          0          0         92   dfix.o
        46          0          0          0          0         68   dflt_clz.o
       340         12          0          0          0        104   dmul.o
       156          4          0          0          0         92   dnaninf.o
        12          0          0          0          0         68   dretinf.o
       430          8          0          0          0        168   faddsub_clz.o
        12          4          0          0          0         68   fcheck1.o
        38          0          0          0          0         68   fflt_clz.o
       140          4          0          0          0         84   fnaninf.o
        10          0          0          0          0         68   fretinf.o
       100          0          0          0          0         68   retnan.o
        92          0          0          0          0         68   scalbn.o
        76          0          0          0          0         68   scalbnf.o
        48          0          0          0          0         68   trapv.o
         0          0          0          0          0          0   usenofp.o
        34          4          0          0          0        204   dunder.o
       860         52         56          0          0        256   log.o
       170          0          0          0          0         96   poly.o
         0          0          8          0          0          0   qnan.o

    ----------------------------------------------------------------------
      5132        276         64          0         96       3684   Library Totals
        12          0          0          0          0          0   (incl. Padding)

    ----------------------------------------------------------------------

      Code (inc. data)   RO Data    RW Data    ZI Data      Debug   Library Name

       788         20          0          0         96       1192   c_w.l
      3268        200          0          0          0       1936   fz_ws.l
      1064         56         64          0          0        556   m_ws.l

    ----------------------------------------------------------------------
      5132        276         64          0         96       3684   Library Totals

    ----------------------------------------------------------------------

==============================================================================


      Code (inc. data)   RO Data    RW Data    ZI Data      Debug   

     17506        872        374         64       7488     565208   Grand Totals
     17506        872        374         64       7488     565208   ELF Image Totals
     17506        872        374         64          0          0   ROM Totals

==============================================================================

    Total RO  Size (Code + RO Data)                17880 (  17.46kB)
    Total RW  Size (RW Data + ZI Data)              7552 (   7.38kB)
    Total ROM Size (Code + RO Data + RW Data)      17944 (  17.52kB)

==============================================================================

