Component: ARM Compiler 5.06 update 7 (build 960) Tool: armlink [4d3601]

==============================================================================

Section Cross References

    startup_stm32f407xx.o(STACK) refers (Special) to heapauxi.o(.text) for __use_two_region_memory
    startup_stm32f407xx.o(HEAP) refers (Special) to heapauxi.o(.text) for __use_two_region_memory
    startup_stm32f407xx.o(RESET) refers (Special) to heapauxi.o(.text) for __use_two_region_memory
    startup_stm32f407xx.o(RESET) refers to startup_stm32f407xx.o(STACK) for __initial_sp
    startup_stm32f407xx.o(RESET) refers to startup_stm32f407xx.o(.text) for Reset_Handler
    startup_stm32f407xx.o(RESET) refers to stm32f4xx_it.o(i.NMI_Handler) for NMI_Handler
    startup_stm32f407xx.o(RESET) refers to stm32f4xx_it.o(i.HardFault_Handler) for HardFault_Handler
    startup_stm32f407xx.o(RESET) refers to stm32f4xx_it.o(i.MemManage_Handler) for MemManage_Handler
    startup_stm32f407xx.o(RESET) refers to stm32f4xx_it.o(i.BusFault_Handler) for BusFault_Handler
    startup_stm32f407xx.o(RESET) refers to stm32f4xx_it.o(i.UsageFault_Handler) for UsageFault_Handler
    startup_stm32f407xx.o(RESET) refers to stm32f4xx_it.o(i.SVC_Handler) for SVC_Handler
    startup_stm32f407xx.o(RESET) refers to stm32f4xx_it.o(i.DebugMon_Handler) for DebugMon_Handler
    startup_stm32f407xx.o(RESET) refers to stm32f4xx_it.o(i.PendSV_Handler) for PendSV_Handler
    startup_stm32f407xx.o(RESET) refers to stm32f4xx_it.o(i.SysTick_Handler) for SysTick_Handler
    startup_stm32f407xx.o(RESET) refers to stm32f4xx_it.o(i.TIM2_IRQHandler) for TIM2_IRQHandler
    startup_stm32f407xx.o(.text) refers (Special) to heapauxi.o(.text) for __use_two_region_memory
    startup_stm32f407xx.o(.text) refers to system_stm32f4xx.o(i.SystemInit) for SystemInit
    startup_stm32f407xx.o(.text) refers to __main.o(!!!main) for __main
    startup_stm32f407xx.o(.text) refers to startup_stm32f407xx.o(HEAP) for Heap_Mem
    startup_stm32f407xx.o(.text) refers to startup_stm32f407xx.o(STACK) for Stack_Mem
    network.o(i.net_poll) refers to network.o(i.packet_receive) for packet_receive
    w5500.o(i.disconnect_socket) refers to w5500.o(i.w5500_write_reg) for w5500_write_reg
    w5500.o(i.get_read_pointer) refers to w5500.o(i.w5500_read_reg) for w5500_read_reg
    w5500.o(i.get_size_rx) refers to w5500.o(i.w5500_read_reg) for w5500_read_reg
    w5500.o(i.get_socket_status) refers to w5500.o(i.w5500_read_reg) for w5500_read_reg
    w5500.o(i.get_write_pointer) refers to w5500.o(i.w5500_read_reg) for w5500_read_reg
    w5500.o(i.listen_socket) refers to w5500.o(i.w5500_write_reg) for w5500_write_reg
    w5500.o(i.open_socket) refers to w5500.o(i.w5500_write_reg) for w5500_write_reg
    w5500.o(i.recv_socket) refers to w5500.o(i.w5500_write_reg) for w5500_write_reg
    w5500.o(i.send_socket) refers to w5500.o(i.w5500_write_reg) for w5500_write_reg
    w5500.o(i.set_read_pointer) refers to w5500.o(i.w5500_write_reg) for w5500_write_reg
    w5500.o(i.set_sock_port) refers to w5500.o(i.w5500_write_reg) for w5500_write_reg
    w5500.o(i.set_write_pointer) refers to w5500.o(i.w5500_write_reg) for w5500_write_reg
    w5500.o(i.socket_closed_wait) refers to w5500.o(i.w5500_read_reg) for w5500_read_reg
    w5500.o(i.socket_init_wait) refers to w5500.o(i.w5500_read_reg) for w5500_read_reg
    w5500.o(i.socket_listen_wait) refers to w5500.o(i.w5500_read_reg) for w5500_read_reg
    w5500.o(i.w5500_hardware_rst) refers to stm32f4xx_hal_gpio.o(i.HAL_GPIO_WritePin) for HAL_GPIO_WritePin
    w5500.o(i.w5500_hardware_rst) refers to stm32f4xx_hal.o(i.HAL_Delay) for HAL_Delay
    w5500.o(i.w5500_ini) refers to w5500.o(i.w5500_hardware_rst) for w5500_hardware_rst
    w5500.o(i.w5500_ini) refers to w5500.o(i.w5500_soft_rst) for w5500_soft_rst
    w5500.o(i.w5500_ini) refers to w5500.o(i.w5500_set_mac_addr) for w5500_set_mac_addr
    w5500.o(i.w5500_ini) refers to w5500.o(i.w5500_set_ip_gate_addr) for w5500_set_ip_gate_addr
    w5500.o(i.w5500_ini) refers to w5500.o(i.w5500_set_ipmask) for w5500_set_ipmask
    w5500.o(i.w5500_ini) refers to w5500.o(i.w5500_set_ipaddr) for w5500_set_ipaddr
    w5500.o(i.w5500_ini) refers to w5500.o(i.set_sock_port) for set_sock_port
    w5500.o(i.w5500_ini) refers to w5500.o(i.open_socket) for open_socket
    w5500.o(i.w5500_ini) refers to w5500.o(i.socket_init_wait) for socket_init_wait
    w5500.o(i.w5500_ini) refers to w5500.o(i.listen_socket) for listen_socket
    w5500.o(i.w5500_ini) refers to w5500.o(i.socket_listen_wait) for socket_listen_wait
    w5500.o(i.w5500_ini) refers to stm32f4xx_hal.o(i.HAL_Delay) for HAL_Delay
    w5500.o(i.w5500_ini) refers to w5500.o(i.get_socket_status) for get_socket_status
    w5500.o(i.w5500_read_buf) refers to stm32f4xx_hal_gpio.o(i.HAL_GPIO_WritePin) for HAL_GPIO_WritePin
    w5500.o(i.w5500_read_buf) refers to stm32f4xx_hal_spi.o(i.HAL_SPI_Transmit) for HAL_SPI_Transmit
[...]
    i.HAL_GPIO_Init                          0x08000608   Section        0  stm32f4xx_hal_gpio.o(i.HAL_GPIO_Init)
    i.HAL_GPIO_TogglePin                     0x080007fc   Section        0  stm32f4xx_hal_gpio.o(i.HAL_GPIO_TogglePin)
    i.HAL_GPIO_WritePin                      0x08000810   Section        0  stm32f4xx_hal_gpio.o(i.HAL_GPIO_WritePin)
    i.HAL_GetTick                            0x0800081c   Section        0  stm32f4xx_hal.o(i.HAL_GetTick)
    i.HAL_I2C_Init                           0x08000828   Section        0  stm32f4xx_hal_i2c.o(i.HAL_I2C_Init)
    i.HAL_I2C_Mem_Read                       0x080009f8   Section        0  stm32f4xx_hal_i2c.o(i.HAL_I2C_Mem_Read)
    i.HAL_I2C_Mem_Write                      0x08000cec   Section        0  stm32f4xx_hal_i2c.o(i.HAL_I2C_Mem_Write)
    i.HAL_I2C_MspInit                        0x08000e50   Section        0  stm32f4xx_hal_msp.o(i.HAL_I2C_MspInit)
    i.HAL_IncTick                            0x08000ed8   Section        0  stm32f4xx_hal.o(i.HAL_IncTick)
    i.HAL_Init                               0x08000ef0   Section        0  stm32f4xx_hal.o(i.HAL_Init)
    i.HAL_InitTick                           0x08000f2c   Section        0  stm32f4xx_hal.o(i.HAL_InitTick)
    i.HAL_MspInit                            0x08000f78   Section        0  stm32f4xx_hal_msp.o(i.HAL_MspInit)
    i.HAL_NVIC_EnableIRQ                     0x08000fc0   Section        0  stm32f4xx_hal_cortex.o(i.HAL_NVIC_EnableIRQ)
    i.HAL_NVIC_SetPriority                   0x08000fe0   Section        0  stm32f4xx_hal_cortex.o(i.HAL_NVIC_SetPriority)
    i.HAL_NVIC_SetPriorityGrouping           0x0800105c   Section        0  stm32f4xx_hal_cortex.o(i.HAL_NVIC_SetPriorityGrouping)
    i.HAL_RCC_ClockConfig                    0x08001084   Section        0  stm32f4xx_hal_rcc.o(i.HAL_RCC_ClockConfig)
    i.HAL_RCC_GetHCLKFreq                    0x08001208   Section        0  stm32f4xx_hal_rcc.o(i.HAL_RCC_GetHCLKFreq)
    i.HAL_RCC_GetPCLK1Freq                   0x08001214   Section        0  stm32f4xx_hal_rcc.o(i.HAL_RCC_GetPCLK1Freq)
    i.HAL_RCC_GetPCLK2Freq                   0x08001234   Section        0  stm32f4xx_hal_rcc.o(i.HAL_RCC_GetPCLK2Freq)
    i.HAL_RCC_GetSysClockFreq                0x08001254   Section        0  stm32f4xx_hal_rcc.o(i.HAL_RCC_GetSysClockFreq)
    i.HAL_RCC_OscConfig                      0x08001304   Section        0  stm32f4xx_hal_rcc.o(i.HAL_RCC_OscConfig)
    i.HAL_SPI_Init                           0x080017a0   Section        0  stm32f4xx_hal_spi.o(i.HAL_SPI_Init)
    i.HAL_SPI_MspInit                        0x08001868   Section        0  stm32f4xx_hal_msp.o(i.HAL_SPI_MspInit)
    i.HAL_SPI_Receive                        0x08001a18   Section        0  stm32f4xx_hal_spi.o(i.HAL_SPI_Receive)
    i.HAL_SPI_Transmit                       0x08001b88   Section        0  stm32f4xx_hal_spi.o(i.HAL_SPI_Transmit)
    i.HAL_SPI_TransmitReceive                0x08001d36   Section        0  stm32f4xx_hal_spi.o(i.HAL_SPI_TransmitReceive)
    i.HAL_SYSTICK_Config                     0x08001f60   Section        0  stm32f4xx_hal_cortex.o(i.HAL_SYSTICK_Config)
    i.HAL_TIMEx_BreakCallback                0x08001f94   Section        0  stm32f4xx_hal_tim_ex.o(i.HAL_TIMEx_BreakCallback)
    i.HAL_TIMEx_CommutCallback               0x08001f96   Section        0  stm32f4xx_hal_tim_ex.o(i.HAL_TIMEx_CommutCallback)
    i.HAL_TIMEx_MasterConfigSynchronization  0x08001f98   Section        0  stm32f4xx_hal_tim_ex.o(i.HAL_TIMEx_MasterConfigSynchronization)
    i.HAL_TIM_Base_Init                      0x0800204c   Section        0  stm32f4xx_hal_tim.o(i.HAL_TIM_Base_Init)
    i.HAL_TIM_Base_MspInit                   0x080020b4   Section        0  stm32f4xx_hal_msp.o(i.HAL_TIM_Base_MspInit)
    i.HAL_TIM_Base_Start_IT                  0x080020f8   Section        0  stm32f4xx_hal_tim.o(i.HAL_TIM_Base_Start_IT)
    i.HAL_TIM_ConfigClockSource              0x080021a0   Section        0  stm32f4xx_hal_tim.o(i.HAL_TIM_ConfigClockSource)
    i.HAL_TIM_IC_CaptureCallback             0x080022ac   Section        0  stm32f4xx_hal_tim.o(i.HAL_TIM_IC_CaptureCallback)
    i.HAL_TIM_IRQHandler                     0x080022ae   Section        0  stm32f4xx_hal_tim.o(i.HAL_TIM_IRQHandler)
    i.HAL_TIM_OC_DelayElapsedCallback        0x08002444   Section        0  stm32f4xx_hal_tim.o(i.HAL_TIM_OC_DelayElapsedCallback)
    i.HAL_TIM_PWM_PulseFinishedCallback      0x08002446   Section        0  stm32f4xx_hal_tim.o(i.HAL_TIM_PWM_PulseFinishedCallback)
    i.HAL_TIM_PeriodElapsedCallback          0x08002448   Section        0  stm32f4xx_hal_tim.o(i.HAL_TIM_PeriodElapsedCallback)
    i.HAL_TIM_TriggerCallback                0x0800244a   Section        0  stm32f4xx_hal_tim.o(i.HAL_TIM_TriggerCallback)
    i.HAL_UART_Init                          0x0800244c   Section        0  stm32f4xx_hal_uart.o(i.HAL_UART_Init)
    i.HAL_UART_MspInit                       0x080024c0   Section        0  stm32f4xx_hal_msp.o(i.HAL_UART_MspInit)
    i.HardFault_Handler                      0x08002670   Section        0  stm32f4xx_it.o(i.HardFault_Handler)
    i.I2C_IsAcknowledgeFailed                0x08002674   Section        0  stm32f4xx_hal_i2c.o(i.I2C_IsAcknowledgeFailed)
    I2C_IsAcknowledgeFailed                  0x08002675   Thumb Code    62  stm32f4xx_hal_i2c.o(i.I2C_IsAcknowledgeFailed)
    i.I2C_RequestMemoryRead                  0x080026b4   Section        0  stm32f4xx_hal_i2c.o(i.I2C_RequestMemoryRead)
    I2C_RequestMemoryRead                    0x080026b5   Thumb Code   348  stm32f4xx_hal_i2c.o(i.I2C_RequestMemoryRead)
    i.I2C_RequestMemoryWrite                 0x08002814   Section        0  stm32f4xx_hal_i2c.o(i.I2C_RequestMemoryWrite)
    I2C_RequestMemoryWrite                   0x08002815   Thumb Code   220  stm32f4xx_hal_i2c.o(i.I2C_RequestMemoryWrite)
    i.I2C_WaitOnBTFFlagUntilTimeout          0x080028f4   Section        0  stm32f4xx_hal_i2c.o(i.I2C_WaitOnBTFFlagUntilTimeout)
    I2C_WaitOnBTFFlagUntilTimeout            0x080028f5   Thumb Code    92  stm32f4xx_hal_i2c.o(i.I2C_WaitOnBTFFlagUntilTimeout)
    i.I2C_WaitOnFlagUntilTimeout             0x08002950   Section        0  stm32f4xx_hal_i2c.o(i.I2C_WaitOnFlagUntilTimeout)
    I2C_WaitOnFlagUntilTimeout               0x08002951   Thumb Code   134  stm32f4xx_hal_i2c.o(i.I2C_WaitOnFlagUntilTimeout)
    i.I2C_WaitOnMasterAddressFlagUntilTimeout 0x080029d6   Section        0  stm32f4xx_hal_i2c.o(i.I2C_WaitOnMasterAddressFlagUntilTimeout)
    I2C_WaitOnMasterAddressFlagUntilTimeout  0x080029d7   Thumb Code   196  stm32f4xx_hal_i2c.o(i.I2C_WaitOnMasterAddressFlagUntilTimeout)
    i.I2C_WaitOnRXNEFlagUntilTimeout         0x08002a9a   Section        0  stm32f4xx_hal_i2c.o(i.I2C_WaitOnRXNEFlagUntilTimeout)
    I2C_WaitOnRXNEFlagUntilTimeout           0x08002a9b   Thumb Code   128  stm32f4xx_hal_i2c.o(i.I2C_WaitOnRXNEFlagUntilTimeout)
    i.I2C_WaitOnTXEFlagUntilTimeout          0x08002b1a   Section        0  stm32f4xx_hal_i2c.o(i.I2C_WaitOnTXEFlagUntilTimeout)
    I2C_WaitOnTXEFlagUntilTimeout            0x08002b1b   Thumb Code    92  stm32f4xx_hal_i2c.o(i.I2C_WaitOnTXEFlagUntilTimeout)
    i.MX_GPIO_Init                           0x08002b78   Section        0  main.o(i.MX_GPIO_Init)
    MX_GPIO_Init                             0x08002b79   Thumb Code   442  main.o(i.MX_GPIO_Init)
    i.MX_I2C1_Init                           0x08002d4c   Section        0  main.o(i.MX_I2C1_Init)
    MX_I2C1_Init                             0x08002d4d   Thumb Code    48  main.o(i.MX_I2C1_Init)
    i.MX_SPI1_Init                           0x08002d88   Section        0  main.o(i.MX_SPI1_Init)
    MX_SPI1_Init                             0x08002d89   Thumb Code    60  main.o(i.MX_SPI1_Init)
    i.MX_SPI2_Init                           0x08002dcc   Section        0  main.o(i.MX_SPI2_Init)
    MX_SPI2_Init                             0x08002dcd   Thumb Code    60  main.o(i.MX_SPI2_Init)
    i.MX_SPI3_Init                           0x08002e10   Section        0  main.o(i.MX_SPI3_Init)
    MX_SPI3_Init                             0x08002e11   Thumb Code    58  main.o(i.MX_SPI3_Init)
    i.MX_TIM2_Init                           0x08002e54   Section        0  main.o(i.MX_TIM2_Init)
    MX_TIM2_Init                             0x08002e55   Thumb Code   104  main.o(i.MX_TIM2_Init)
    i.MX_USART1_UART_Init                    0x08002ec4   Section        0  main.o(i.MX_USART1_UART_Init)
    MX_USART1_UART_Init                      0x08002ec5   Thumb Code    46  main.o(i.MX_USART1_UART_Init)
    i.MX_USART2_UART_Init                    0x08002efc   Section        0  main.o(i.MX_USART2_UART_Init)
    MX_USART2_UART_Init                      0x08002efd   Thumb Code    46  main.o(i.MX_USART2_UART_Init)
    i.MX_USART3_UART_Init                    0x08002f34   Section        0  main.o(i.MX_USART3_UART_Init)
    MX_USART3_UART_Init                      0x08002f35   Thumb Code    46  main.o(i.MX_USART3_UART_Init)
    i.MemManage_Handler                      0x08002f6c   Section        0  stm32f4xx_it.o(i.MemManage_Handler)
    i.NMI_Handler                            0x08002f70   Section        0  stm32f4xx_it.o(i.NMI_Handler)
    i.PendSV_Handler                         0x08002f74   Section        0  stm32f4xx_it.o(i.PendSV_Handler)
    i.SPI_EndRxTransaction                   0x08002f76   Section        0  stm32f4xx_hal_spi.o(i.SPI_EndRxTransaction)
    SPI_EndRxTransaction                     0x08002f77   Thumb Code   148  stm32f4xx_hal_spi.o(i.SPI_EndRxTransaction)
    i.SPI_EndRxTxTransaction                 0x0800300c   Section        0  stm32f4xx_hal_spi.o(i.SPI_EndRxTxTransaction)
    SPI_EndRxTxTransaction                   0x0800300d   Thumb Code   100  stm32f4xx_hal_spi.o(i.SPI_EndRxTxTransaction)
    i.SPI_WaitFlagStateUntilTimeout          0x08003078   Section        0  stm32f4xx_hal_spi.o(i.SPI_WaitFlagStateUntilTimeout)
    SPI_WaitFlagStateUntilTimeout            0x08003079   Thumb Code   210  stm32f4xx_hal_spi.o(i.SPI_WaitFlagStateUntilTimeout)
    i.SVC_Handler                            0x08003150   Section        0  stm32f4xx_it.o(i.SVC_Handler)
    i.SysTick_Handler                        0x08003152   Section        0  stm32f4xx_it.o(i.SysTick_Handler)
    i.SystemClock_Config                     0x0800315c   Section        0  main.o(i.SystemClock_Config)
    i.SystemInit                             0x08003210   Section        0  system_stm32f4xx.o(i.SystemInit)
    i.TIM2_IRQHandler                        0x08003224   Section        0  stm32f4xx_it.o(i.TIM2_IRQHandler)
    i.TIM_Base_SetConfig                     0x08003248   Section        0  stm32f4xx_hal_tim.o(i.TIM_Base_SetConfig)
    i.TIM_ETR_SetConfig                      0x08003320   Section        0  stm32f4xx_hal_tim.o(i.TIM_ETR_SetConfig)
    i.TIM_ITRx_SetConfig                     0x08003336   Section        0  stm32f4xx_hal_tim.o(i.TIM_ITRx_SetConfig)
    TIM_ITRx_SetConfig                       0x08003337   Thumb Code    18  stm32f4xx_hal_tim.o(i.TIM_ITRx_SetConfig)
    i.TIM_TI1_ConfigInputStage               0x08003348   Section        0  stm32f4xx_hal_tim.o(i.TIM_TI1_ConfigInputStage)
    TIM_TI1_ConfigInputStage                 0x08003349   Thumb Code    38  stm32f4xx_hal_tim.o(i.TIM_TI1_ConfigInputStage)
    i.TIM_TI2_ConfigInputStage               0x0800336e   Section        0  stm32f4xx_hal_tim.o(i.TIM_TI2_ConfigInputStage)
    TIM_TI2_ConfigInputStage                 0x0800336f   Thumb Code    40  stm32f4xx_hal_tim.o(i.TIM_TI2_ConfigInputStage)
    i.UART_SetConfig                         0x08003398   Section        0  stm32f4xx_hal_uart.o(i.UART_SetConfig)
    UART_SetConfig                           0x08003399   Thumb Code   546  stm32f4xx_hal_uart.o(i.UART_SetConfig)
    i.UsageFault_Handler                     0x080035c4   Section        0  stm32f4xx_it.o(i.UsageFault_Handler)
    i.__NVIC_GetPriorityGrouping             0x080035c8   Section        0  stm32f4xx_hal_cortex.o(i.__NVIC_GetPriorityGrouping)
    __NVIC_GetPriorityGrouping               0x080035c9   Thumb Code    10  stm32f4xx_hal_cortex.o(i.__NVIC_GetPriorityGrouping)
    i.__NVIC_SetPriority                     0x080035d8   Section        0  stm32f4xx_hal_cortex.o(i.__NVIC_SetPriority)
    __NVIC_SetPriority                       0x080035d9   Thumb Code    32  stm32f4xx_hal_cortex.o(i.__NVIC_SetPriority)
    i.__hardfp_log                           0x08003600   Section        0  log.o(i.__hardfp_log)
    i.__kernel_poly                          0x080039c4   Section        0  poly.o(i.__kernel_poly)
    i.__mathlib_dbl_divzero                  0x08003ac0   Section        0  dunder.o(i.__mathlib_dbl_divzero)
    i.__mathlib_dbl_infnan                   0x08003af0   Section        0  dunder.o(i.__mathlib_dbl_infnan)
    i.__mathlib_dbl_invalid                  0x08003b08   Section        0  dunder.o(i.__mathlib_dbl_invalid)
    i._eeprom_read                           0x08003b28   Section        0  eeprom.o(i._eeprom_read)
    i._eeprom_write                          0x08003c20   Section        0  eeprom.o(i._eeprom_write)
    i.binary_to_dec                          0x08003d20   Section        0  ds3231_rtc.o(i.binary_to_dec)
    i.bytestowrite                           0x08003d46   Section        0  eeprom.o(i.bytestowrite)
    i.crc32                                  0x08003d5c   Section        0  modbus.o(i.crc32)
    i.do_cmd                                 0x08003d8c   Section        0  modbus.o(i.do_cmd)
    i.eeprom_page_erase                      0x08003e40   Section        0  eeprom.o(i.eeprom_page_erase)
    i.eeprom_read                            0x08003eec   Section        0  eeprom.o(i.eeprom_read)
    i.eeprom_write                           0x08003f5c   Section        0  eeprom.o(i.eeprom_write)
    i.eeproms_first_ini                      0x08003fcc   Section        0  eeprom.o(i.eeproms_first_ini)
    i.fill_crc32_table                       0x0800403c   Section        0  modbus.o(i.fill_crc32_table)
    i.get_read_pointer                       0x08004074   Section        0  w5500.o(i.get_read_pointer)
    i.get_size_rx                            0x080040aa   Section        0  w5500.o(i.get_size_rx)
    i.get_socket_status                      0x080040e2   Section        0  w5500.o(i.get_socket_status)
    i.get_time                               0x0800410c   Section        0  ds3231_rtc.o(i.get_time)
    i.get_write_pointer                      0x0800418c   Section        0  w5500.o(i.get_write_pointer)
    i.listen_socket                          0x080041c2   Section        0  w5500.o(i.listen_socket)
    i.main                                   0x080041e8   Section        0  main.o(i.main)
    i.open_socket                            0x08004328   Section        0  w5500.o(i.open_socket)
    i.receive_packet                         0x08004360   Section        0  modbus.o(i.receive_packet)
    i.recv_socket                            0x08004460   Section        0  w5500.o(i.recv_socket)
    i.request_reply_iteration                0x08004484   Section        0  modbus.o(i.request_reply_iteration)
    i.send_socket                            0x080044b4   Section        0  w5500.o(i.send_socket)
    i.set_read_pointer                       0x080044d6   Section        0  w5500.o(i.set_read_pointer)
    i.set_sock_port                          0x0800450a   Section        0  w5500.o(i.set_sock_port)
    i.set_write_pointer                      0x0800453e   Section        0  w5500.o(i.set_write_pointer)
    i.socket_init_wait                       0x08004572   Section        0  w5500.o(i.socket_init_wait)
    i.socket_listen_wait                     0x080045a0   Section        0  w5500.o(i.socket_listen_wait)
    i.transmit_packet                        0x080045d0   Section        0  modbus.o(i.transmit_packet)
    i.w5500_hardware_rst                     0x080046f4   Section        0  w5500.o(i.w5500_hardware_rst)
    i.w5500_ini                              0x0800471c   Section        0  w5500.o(i.w5500_ini)
    i.w5500_read_buf                         0x080047a0   Section        0  w5500.o(i.w5500_read_buf)
    i.w5500_read_reg                         0x080047e0   Section        0  w5500.o(i.w5500_read_reg)
    i.w5500_read_sock_buf                    0x08004830   Section        0  w5500.o(i.w5500_read_sock_buf)
    i.w5500_set_ip_gate_addr                 0x0800486c   Section        0  w5500.o(i.w5500_set_ip_gate_addr)
    i.w5500_set_ipaddr                       0x080048a6   Section        0  w5500.o(i.w5500_set_ipaddr)
    i.w5500_set_ipmask                       0x080048e0   Section        0  w5500.o(i.w5500_set_ipmask)
    i.w5500_set_mac_addr                     0x0800491a   Section        0  w5500.o(i.w5500_set_mac_addr)
    i.w5500_soft_rst                         0x0800496c   Section        0  w5500.o(i.w5500_soft_rst)
    i.w5500_write_buf                        0x08004988   Section        0  w5500.o(i.w5500_write_buf)
    i.w5500_write_reg                        0x080049b8   Section        0  w5500.o(i.w5500_write_reg)
    i.w5500_write_sock_buf                   0x08004a04   Section        0  w5500.o(i.w5500_write_sock_buf)
    x$fpl$basic                              0x08004a44   Section       24  basic.o(x$fpl$basic)
    $v0                                      0x08004a44   Number         0  basic.o(x$fpl$basic)
    x$fpl$dadd                               0x08004a5c   Section      336  daddsub_clz.o(x$fpl$dadd)
    $v0                                      0x08004a5c   Number         0  daddsub_clz.o(x$fpl$dadd)
    _dadd1                                   0x08004a6d   Thumb Code     0  daddsub_clz.o(x$fpl$dadd)
    x$fpl$dcmpinf                            0x08004bac   Section       24  dcmpi.o(x$fpl$dcmpinf)
    $v0                                      0x08004bac   Number         0  dcmpi.o(x$fpl$dcmpinf)
    x$fpl$ddiv                               0x08004bc4   Section      688  ddiv.o(x$fpl$ddiv)
    $v0                                      0x08004bc4   Number         0  ddiv.o(x$fpl$ddiv)
    ddiv_entry                               0x08004bcb   Thumb Code     0  ddiv.o(x$fpl$ddiv)
    x$fpl$deqf                               0x08004e74   Section      120  deqf.o(x$fpl$deqf)
    $v0                                      0x08004e74   Number         0  deqf.o(x$fpl$deqf)
    x$fpl$dfix                               0x08004eec   Section       94  dfix.o(x$fpl$dfix)
    $v0                                      0x08004eec   Number         0  dfix.o(x$fpl$dfix)
    x$fpl$dflt                               0x08004f4a   Section       46  dflt_clz.o(x$fpl$dflt)
    $v0                                      0x08004f4a   Number         0  dflt_clz.o(x$fpl$dflt)
    x$fpl$dmul                               0x08004f78   Section      340  dmul.o(x$fpl$dmul)
    $v0                                      0x08004f78   Number         0  dmul.o(x$fpl$dmul)
    x$fpl$dnaninf                            0x080050cc   Section      156  dnaninf.o(x$fpl$dnaninf)
    $v0                                      0x080050cc   Number         0  dnaninf.o(x$fpl$dnaninf)
    x$fpl$dretinf                            0x08005168   Section       12  dretinf.o(x$fpl$dretinf)
    $v0                                      0x08005168   Number         0  dretinf.o(x$fpl$dretinf)
    x$fpl$drsb                               0x08005174   Section       22  daddsub_clz.o(x$fpl$drsb)
    $v0                                      0x08005174   Number         0  daddsub_clz.o(x$fpl$drsb)
    x$fpl$dsub                               0x0800518c   Section      468  daddsub_clz.o(x$fpl$dsub)
    $v0                                      0x0800518c   Number         0  daddsub_clz.o(x$fpl$dsub)
    _dsub1                                   0x0800519d   Thumb Code     0  daddsub_clz.o(x$fpl$dsub)
    x$fpl$fpinit                             0x08005360   Section       10  fpinit.o(x$fpl$fpinit)
    $v0                                      0x08005360   Number         0  fpinit.o(x$fpl$fpinit)
    .constdata                               0x0800536a   Section       24  system_stm32f4xx.o(.constdata)
    x$fpl$usenofp                            0x0800536a   Section        0  usenofp.o(x$fpl$usenofp)
    .constdata                               0x08005388   Section       56  log.o(.constdata)
    Lg2                                      0x08005388   Data          24  log.o(.constdata)
    Lg                                       0x080053a0   Data          32  log.o(.constdata)
    .constdata                               0x080053c0   Section        8  qnan.o(.constdata)
    .data                                    0x20000000   Section        4  w5500.o(.data)
    .data                                    0x20000004   Section        4  modbus.o(.data)
    .data                                    0x20000008   Section       28  eeprom.o(.data)
    .data                                    0x20000024   Section        1  stm32f4xx_it.o(.data)
    .data                                    0x20000025   Section        7  ds3231_rtc.o(.data)
    .data                                    0x2000002c   Section        9  stm32f4xx_hal.o(.data)
    .data                                    0x20000038   Section        4  system_stm32f4xx.o(.data)
    .bss                                     0x2000003c   Section     2168  w5500.o(.bss)
    .bss                                     0x200008b4   Section     3100  modbus.o(.bss)
    .bss                                     0x200014d0   Section       69  eeprom.o(.bss)
    .bss                                     0x20001518   Section      624  main.o(.bss)
    .bss                                     0x20001788   Section       96  libspace.o(.bss)
    HEAP                                     0x200017e8   Section      512  startup_stm32f407xx.o(HEAP)
    Heap_Mem                                 0x200017e8   Data         512  startup_stm32f407xx.o(HEAP)
    STACK                                    0x200019e8   Section     1024  startup_stm32f407xx.o(STACK)
    Stack_Mem                                0x200019e8   Data        1024  startup_stm32f407xx.o(STACK)
    __initial_sp                             0x20001de8   Data           0  startup_stm32f407xx.o(STACK)

    Global Symbols

    Symbol Name                              Value     Ov Type        Size  Object(Section)

    BuildAttributes$$THM_ISAv4$E$P$D$K$B$S$7EM$VFPi3$EXTD16$VFPS$VFMA$PE$A:L22UL41UL21$X:L11$S22US41US21$IEEE1$IW$USESV6$~STKCKD$USESV7$~SHL$OTIME$ROPI$IEEEX$EBA8$UX$STANDARDLIB$REQ8$PRES8$EABIv2 0x00000000   Number         0  anon$$obj.o ABSOLUTE
    __ARM_use_no_argv                        0x00000000   Number         0  main.o ABSOLUTE
    __ARM_exceptions_init                     - Undefined Weak Reference
    __alloca_initialize                       - Undefined Weak Reference
    __arm_fini_                               - Undefined Weak Reference
    __arm_preinit_                            - Undefined Weak Reference
    __cpp_initialize__aeabi_                  - Undefined Weak Reference
    __cxa_finalize                            - Undefined Weak Reference
    __rt_locale                               - Undefined Weak Reference
    __sigvec_lookup                           - Undefined Weak Reference
    _atexit_init                              - Undefined Weak Reference
    _call_atexit_fns                          - Undefined Weak Reference
    _clock_init                               - Undefined Weak Reference
    _fp_trap_init                             - Undefined Weak Reference
    _fp_trap_shutdown                         - Undefined Weak Reference
    _get_lc_collate                           - Undefined Weak Reference
    _get_lc_ctype                             - Undefined Weak Reference
    _get_lc_monetary                          - Undefined Weak Reference
    _get_lc_numeric                           - Undefined Weak Reference
    _get_lc_time                              - Undefined Weak Reference
    _getenv_init                              - Undefined Weak Reference
    _handle_redirection                       - Undefined Weak Reference
    _init_alloc                               - Undefined Weak Reference
    _init_user_alloc                          - Undefined Weak Reference
    _initio                                   - Undefined Weak Reference
    _rand_init                                - Undefined Weak Reference
    _signal_finish                            - Undefined Weak Reference
    _signal_init                              - Undefined Weak Reference
    _terminate_alloc                          - Undefined Weak Reference
    _terminate_user_alloc                     - Undefined Weak Reference
    _terminateio                              - Undefined Weak Reference
    __Vectors_Size                           0x00000188   Number         0  startup_stm32f407xx.o ABSOLUTE
    __Vectors                                0x08000000   Data           4  startup_stm32f407xx.o(RESET)
    __Vectors_End                            0x08000188   Data           0  startup_stm32f407xx.o(RESET)
    __main                                   0x08000189   Thumb Code     8  __main.o(!!!main)
    __scatterload                            0x08000191   Thumb Code     0  __scatter.o(!!!scatter)
    __scatterload_rt2                        0x08000191   Thumb Code    44  __scatter.o(!!!scatter)
    __scatterload_rt2_thumb_only             0x08000191   Thumb Code     0  __scatter.o(!!!scatter)
    __scatterload_null                       0x0800019f   Thumb Code     0  __scatter.o(!!!scatter)
    __scatterload_copy                       0x080001c5   Thumb Code    26  __scatter_copy.o(!!handler_copy)
    __scatterload_zeroinit                   0x080001e1   Thumb Code    28  __scatter_zi.o(!!handler_zi)
    __rt_lib_init                            0x080001fd   Thumb Code     0  libinit.o(.ARM.Collect$$libinit$$00000000)
    __rt_lib_init_fp_1                       0x080001ff   Thumb Code     0  libinit2.o(.ARM.Collect$$libinit$$00000001)
    __rt_lib_init_alloca_1                   0x08000203   Thumb Code     0  libinit2.o(.ARM.Collect$$libinit$$0000002E)
    __rt_lib_init_argv_1                     0x08000203   Thumb Code     0  libinit2.o(.ARM.Collect$$libinit$$0000002C)
    __rt_lib_init_atexit_1                   0x08000203   Thumb Code     0  libinit2.o(.ARM.Collect$$libinit$$0000001B)
    __rt_lib_init_clock_1                    0x08000203   Thumb Code     0  libinit2.o(.ARM.Collect$$libinit$$00000021)
    __rt_lib_init_cpp_1                      0x08000203   Thumb Code     0  libinit2.o(.ARM.Collect$$libinit$$00000032)
    __rt_lib_init_exceptions_1               0x08000203   Thumb Code     0  libinit2.o(.ARM.Collect$$libinit$$00000030)
    __rt_lib_init_fp_trap_1                  0x08000203   Thumb Code     0  libinit2.o(.ARM.Collect$$libinit$$0000001F)
    __rt_lib_init_getenv_1                   0x08000203   Thumb Code     0  libinit2.o(.ARM.Collect$$libinit$$00000023)
    __rt_lib_init_heap_1                     0x08000203   Thumb Code     0  libinit2.o(.ARM.Collect$$libinit$$0000000A)
    __rt_lib_init_lc_collate_1               0x08000203   Thumb Code     0  libinit2.o(.ARM.Collect$$libinit$$00000011)
    __rt_lib_init_lc_ctype_1                 0x08000203   Thumb Code     0  libinit2.o(.ARM.Collect$$libinit$$00000013)
    __rt_lib_init_lc_monetary_1              0x08000203   Thumb Code     0  libinit2.o(.ARM.Collect$$libinit$$00000015)
    __rt_lib_init_lc_numeric_1               0x08000203   Thumb Code     0  libinit2.o(.ARM.Collect$$libinit$$00000017)
    __rt_lib_init_lc_time_1                  0x08000203   Thumb Code     0  libinit2.o(.ARM.Collect$$libinit$$00000019)
    __rt_lib_init_preinit_1                  0x08000203   Thumb Code     0  libinit2.o(.ARM.Collect$$libinit$$00000004)
    __rt_lib_init_rand_1                     0x08000203   Thumb Code     0  libinit2.o(.ARM.Collect$$libinit$$0000000E)
    __rt_lib_init_return                     0x08000203   Thumb Code     0  libinit2.o(.ARM.Collect$$libinit$$00000033)
    __rt_lib_init_signal_1                   0x08000203   Thumb Code     0  libinit2.o(.ARM.Collect$$libinit$$0000001D)
    __rt_lib_init_stdio_1                    0x08000203   Thumb Code     0  libinit2.o(.ARM.Collect$$libinit$$00000025)
    __rt_lib_init_user_alloc_1               0x08000203   Thumb Code     0  libinit2.o(.ARM.Collect$$libinit$$0000000C)
    __rt_lib_shutdown                        0x08000205   Thumb Code     0  libshutdown.o(.ARM.Collect$$libshutdown$$00000000)
    __rt_lib_shutdown_cpp_1                  0x08000207   Thumb Code     0  libshutdown2.o(.ARM.Collect$$libshutdown$$00000004)
    __rt_lib_shutdown_fini_1                 0x08000207   Thumb Code     0  libshutdown2.o(.ARM.Collect$$libshutdown$$00000002)
    __rt_lib_shutdown_fp_trap_1              0x08000207   Thumb Code     0  libshutdown2.o(.ARM.Collect$$libshutdown$$00000009)
    __rt_lib_shutdown_heap_1                 0x08000207   Thumb Code     0  libshutdown2.o(.ARM.Collect$$libshutdown$$00000011)
    __rt_lib_shutdown_return                 0x08000207   Thumb Code     0  libshutdown2.o(.ARM.Collect$$libshutdown$$00000012)
    __rt_lib_shutdown_signal_1               0x08000207   Thumb Code     0  libshutdown2.o(.ARM.Collect$$libshutdown$$0000000C)
    __rt_lib_shutdown_stdio_1                0x08000207   Thumb Code     0  libshutdown2.o(.ARM.Collect$$libshutdown$$00000006)
    __rt_lib_shutdown_user_alloc_1           0x08000207   Thumb Code     0  libshutdown2.o(.ARM.Collect$$libshutdown$$0000000E)
    __rt_entry                               0x08000209   Thumb Code     0  __rtentry.o(.ARM.Collect$$rtentry$$00000000)
    __rt_entry_presh_1                       0x08000209   Thumb Code     0  __rtentry2.o(.ARM.Collect$$rtentry$$00000002)
    __rt_entry_sh                            0x08000209   Thumb Code     0  __rtentry4.o(.ARM.Collect$$rtentry$$00000004)
    __rt_entry_li                            0x0800020f   Thumb Code     0  __rtentry2.o(.ARM.Collect$$rtentry$$0000000A)
    __rt_entry_postsh_1                      0x0800020f   Thumb Code     0  __rtentry2.o(.ARM.Collect$$rtentry$$00000009)
    __rt_entry_main                          0x08000213   Thumb Code     0  __rtentry2.o(.ARM.Collect$$rtentry$$0000000D)
    __rt_entry_postli_1                      0x08000213   Thumb Code     0  __rtentry2.o(.ARM.Collect$$rtentry$$0000000C)
    __rt_exit                                0x0800021b   Thumb Code     0  rtexit.o(.ARM.Collect$$rtexit$$00000000)
    __rt_exit_ls                             0x0800021d   Thumb Code     0  rtexit2.o(.ARM.Collect$$rtexit$$00000003)
    __rt_exit_prels_1                        0x0800021d   Thumb Code     0  rtexit2.o(.ARM.Collect$$rtexit$$00000002)
    __rt_exit_exit                           0x08000221   Thumb Code     0  rtexit2.o(.ARM.Collect$$rtexit$$00000004)
    Reset_Handler                            0x08000229   Thumb Code     8  startup_stm32f407xx.o(.text)
    ADC_IRQHandler                           0x08000243   Thumb Code     0  startup_stm32f407xx.o(.text)
    CAN1_RX0_IRQHandler                      0x08000243   Thumb Code     0  startup_stm32f407xx.o(.text)
    CAN1_RX1_IRQHandler                      0x08000243   Thumb Code     0  startup_stm32f407xx.o(.text)
    CAN1_SCE_IRQHandler                      0x08000243   Thumb Code     0  startup_stm32f407xx.o(.text)
    CAN1_TX_IRQHandler                       0x08000243   Thumb Code     0  startup_stm32f407xx.o(.text)
    CAN2_RX0_IRQHandler                      0x08000243   Thumb Code     0  startup_stm32f407xx.o(.text)
    CAN2_RX1_IRQHandler                      0x08000243   Thumb Code     0  startup_stm32f407xx.o(.text)
    CAN2_SCE_IRQHandler                      0x08000243   Thumb Code     0  startup_stm32f407xx.o(.text)
    CAN2_TX_IRQHandler                       0x08000243   Thumb Code     0  startup_stm32f407xx.o(.text)
    DCMI_IRQHandler                          0x08000243   Thumb Code     0  startup_stm32f407xx.o(.text)
    DMA1_Stream0_IRQHandler                  0x08000243   Thumb Code     0  startup_stm32f407xx.o(.text)
    DMA1_Stream1_IRQHandler                  0x08000243   Thumb Code     0  startup_stm32f407xx.o(.text)
    DMA1_Stream2_IRQHandler                  0x08000243   Thumb Code     0  startup_stm32f407xx.o(.text)
    DMA1_Stream3_IRQHandler                  0x08000243   Thumb Code     0  startup_stm32f407xx.o(.text)
    DMA1_Stream4_IRQHandler                  0x08000243   Thumb Code     0  startup_stm32f407xx.o(.text)
    DMA1_Stream5_IRQHandler                  0x08000243   Thumb Code     0  startup_stm32f407xx.o(.text)
    DMA1_Stream6_IRQHandler                  0x08000243   Thumb Code     0  startup_stm32f407xx.o(.text)
    DMA1_Stream7_IRQHandler                  0x08000243   Thumb Code     0  startup_stm32f407xx.o(.text)
    DMA2_Stream0_IRQHandler                  0x08000243   Thumb Code     0  startup_stm32f407xx.o(.text)
    DMA2_Stream1_IRQHandler                  0x08000243   Thumb Code     0  startup_stm32f407xx.o(.text)
    DMA2_Stream2_IRQHandler                  0x08000243   Thumb Code     0  startup_stm32f407xx.o(.text)
    DMA2_Stream3_IRQHandler                  0x08000243   Thumb Code     0  startup_stm32f407xx.o(.text)
    DMA2_Stream4_IRQHandler                  0x08000243   Thumb Code     0  startup_stm32f407xx.o(.text)
    DMA2_Stream5_IRQHandler                  0x08000243   Thumb Code     0  startup_stm32f407xx.o(.text)
    DMA2_Stream6_IRQHandler                  0x08000243   Thumb Code     0  startup_stm32f407xx.o(.text)
    DMA2_Stream7_IRQHandler                  0x08000243   Thumb Code     0  startup_stm32f407xx.o(.text)
    ETH_IRQHandler                           0x08000243   Thumb Code     0  startup_stm32f407xx.o(.text)
    ETH_WKUP_IRQHandler                      0x08000243   Thumb Code     0  startup_stm32f407xx.o(.text)
    EXTI0_IRQHandler                         0x08000243   Thumb Code     0  startup_stm32f407xx.o(.text)
    EXTI15_10_IRQHandler                     0x08000243   Thumb Code     0  startup_stm32f407xx.o(.text)
    EXTI1_IRQHandler                         0x08000243   Thumb Code     0  startup_stm32f407xx.o(.text)
    EXTI2_IRQHandler                         0x08000243   Thumb Code     0  startup_stm32f407xx.o(.text)
    EXTI3_IRQHandler                         0x08000243   Thumb Code     0  startup_stm32f407xx.o(.text)
    EXTI4_IRQHandler                         0x08000243   Thumb Code     0  startup_stm32f407xx.o(.text)
    EXTI9_5_IRQHandler                       0x08000243   Thumb Code     0  startup_stm32f407xx.o(.text)
    FLASH_IRQHandler                         0x08000243   Thumb Code     0  startup_stm32f407xx.o(.text)
    FMC_IRQHandler                           0x08000243   Thumb Code     0  startup_stm32f407xx.o(.text)
    FPU_IRQHandler                           0x08000243   Thumb Code     0  startup_stm32f407xx.o(.text)
    HASH_RNG_IRQHandler                      0x08000243   Thumb Code     0  startup_stm32f407xx.o(.text)
    I2C1_ER_IRQHandler                       0x08000243   Thumb Code     0  startup_stm32f407xx.o(.text)
    I2C1_EV_IRQHandler                       0x08000243   Thumb Code     0  startup_stm32f407xx.o(.text)
    I2C2_ER_IRQHandler                       0x08000243   Thumb Code     0  startup_stm32f407xx.o(.text)
    I2C2_EV_IRQHandler                       0x08000243   Thumb Code     0  startup_stm32f407xx.o(.text)
    I2C3_ER_IRQHandler                       0x08000243   Thumb Code     0  startup_stm32f407xx.o(.text)
    I2C3_EV_IRQHandler                       0x08000243   Thumb Code     0  startup_stm32f407xx.o(.text)
    OTG_FS_IRQHandler                        0x08000243   Thumb Code     0  startup_stm32f407xx.o(.text)
    OTG_FS_WKUP_IRQHandler                   0x08000243   Thumb Code     0  startup_stm32f407xx.o(.text)
    OTG_HS_EP1_IN_IRQHandler                 0x08000243   Thumb Code     0  startup_stm32f407xx.o(.text)
    OTG_HS_EP1_OUT_IRQHandler                0x08000243   Thumb Code     0  startup_stm32f407xx.o(.text)
    OTG_HS_IRQHandler                        0x08000243   Thumb Code     0  startup_stm32f407xx.o(.text)
    OTG_HS_WKUP_IRQHandler                   0x08000243   Thumb Code     0  startup_stm32f407xx.o(.text)
    PVD_IRQHandler                           0x08000243   Thumb Code     0  startup_stm32f407xx.o(.text)
    RCC_IRQHandler                           0x08000243   Thumb Code     0  startup_stm32f407xx.o(.text)
    RTC_Alarm_IRQHandler                     0x08000243   Thumb Code     0  startup_stm32f407xx.o(.text)
    RTC_WKUP_IRQHandler                      0x08000243   Thumb Code     0  startup_stm32f407xx.o(.text)
    SDIO_IRQHandler                          0x08000243   Thumb Code     0  startup_stm32f407xx.o(.text)
    SPI1_IRQHandler                          0x08000243   Thumb Code     0  startup_stm32f407xx.o(.text)
    SPI2_IRQHandler                          0x08000243   Thumb Code     0  startup_stm32f407xx.o(.text)
    SPI3_IRQHandler                          0x08000243   Thumb Code     0  startup_stm32f407xx.o(.text)
    TAMP_STAMP_IRQHandler                    0x08000243   Thumb Code     0  startup_stm32f407xx.o(.text)
    TIM1_BRK_TIM9_IRQHandler                 0x08000243   Thumb Code     0  startup_stm32f407xx.o(.text)
    TIM1_CC_IRQHandler                       0x08000243   Thumb Code     0  startup_stm32f407xx.o(.text)
    TIM1_TRG_COM_TIM11_IRQHandler            0x08000243   Thumb Code     0  startup_stm32f407xx.o(.text)
    TIM1_UP_TIM10_IRQHandler                 0x08000243   Thumb Code     0  startup_stm32f407xx.o(.text)
    TIM3_IRQHandler                          0x08000243   Thumb Code     0  startup_stm32f407xx.o(.text)
    TIM4_IRQHandler                          0x08000243   Thumb Code     0  startup_stm32f407xx.o(.text)
    TIM5_IRQHandler                          0x08000243   Thumb Code     0  startup_stm32f407xx.o(.text)
    TIM6_DAC_IRQHandler                      0x08000243   Thumb Code     0  startup_stm32f407xx.o(.text)
    TIM7_IRQHandler                          0x08000243   Thumb Code     0  startup_stm32f407xx.o(.text)
    TIM8_BRK_TIM12_IRQHandler                0x08000243   Thumb Code     0  startup_stm32f407xx.o(.text)
    TIM8_CC_IRQHandler                       0x08000243   Thumb Code     0  startup_stm32f407xx.o(.text)
    TIM8_TRG_COM_TIM14_IRQHandler            0x08000243   Thumb Code     0  startup_stm32f407xx.o(.text)
    TIM8_UP_TIM13_IRQHandler                 0x08000243   Thumb Code     0  startup_stm32f407xx.o(.text)
    UART4_IRQHandler                         0x08000243   Thumb Code     0  startup_stm32f407xx.o(.text)
    UART5_IRQHandler                         0x08000243   Thumb Code     0  startup_stm32f407xx.o(.text)
    USART1_IRQHandler                        0x08000243   Thumb Code     0  startup_stm32f407xx.o(.text)
    USART2_IRQHandler                        0x08000243   Thumb Code     0  startup_stm32f407xx.o(.text)
    USART3_IRQHandler                        0x08000243   Thumb Code     0  startup_stm32f407xx.o(.text)
    USART6_IRQHandler                        0x08000243   Thumb Code     0  startup_stm32f407xx.o(.text)
    WWDG_IRQHandler                          0x08000243   Thumb Code     0  startup_stm32f407xx.o(.text)
    __user_initial_stackheap                 0x08000245   Thumb Code     0  startup_stm32f407xx.o(.text)
    __aeabi_uldivmod                         0x08000269   Thumb Code     0  lludivv7m.o(.text)
    _ll_udiv                                 0x08000269   Thumb Code   238  lludivv7m.o(.text)
    __aeabi_memcpy                           0x08000357   Thumb Code     0  rt_memcpy_v6.o(.text)
    __rt_memcpy                              0x08000357   Thumb Code   138  rt_memcpy_v6.o(.text)
    _memcpy_lastbytes                        0x080003bd   Thumb Code     0  rt_memcpy_v6.o(.text)
    __aeabi_memcpy4                          0x080003e1   Thumb Code     0  rt_memcpy_w.o(.text)
    __aeabi_memcpy8                          0x080003e1   Thumb Code     0  rt_memcpy_w.o(.text)
    __rt_memcpy_w                            0x080003e1   Thumb Code   100  rt_memcpy_w.o(.text)
    _memcpy_lastbytes_aligned                0x08000429   Thumb Code     0  rt_memcpy_w.o(.text)
    __aeabi_memset                           0x08000445   Thumb Code    16  aeabi_memset.o(.text)
    __aeabi_memclr4                          0x08000455   Thumb Code     0  rt_memclr_w.o(.text)
    __aeabi_memclr8                          0x08000455   Thumb Code     0  rt_memclr_w.o(.text)
    __rt_memclr_w                            0x08000455   Thumb Code    78  rt_memclr_w.o(.text)
    _memset_w                                0x08000459   Thumb Code     0  rt_memclr_w.o(.text)
    strncpy                                  0x080004a3   Thumb Code    86  strncpy.o(.text)
    __use_two_region_memory                  0x080004f9   Thumb Code     2  heapauxi.o(.text)
    __rt_heap_escrow$2region                 0x080004fb   Thumb Code     2  heapauxi.o(.text)
    __rt_heap_expand$2region                 0x080004fd   Thumb Code     2  heapauxi.o(.text)
    __read_errno                             0x080004ff   Thumb Code    10  _rserrno.o(.text)
    __set_errno                              0x08000509   Thumb Code    12  _rserrno.o(.text)
    __aeabi_memclr                           0x08000515   Thumb Code     0  rt_memclr.o(.text)
    __rt_memclr                              0x08000515   Thumb Code    68  rt_memclr.o(.text)
    _memset                                  0x08000519   Thumb Code     0  rt_memclr.o(.text)
    __aeabi_errno_addr                       0x08000559   Thumb Code     8  rt_errno_addr_intlibspace.o(.text)
    __errno$intlibspace                      0x08000559   Thumb Code     0  rt_errno_addr_intlibspace.o(.text)
    __rt_errno_addr$intlibspace              0x08000559   Thumb Code     0  rt_errno_addr_intlibspace.o(.text)
    __user_libspace                          0x08000561   Thumb Code     8  libspace.o(.text)
    __user_perproc_libspace                  0x08000561   Thumb Code     0  libspace.o(.text)
    __user_perthread_libspace                0x08000561   Thumb Code     0  libspace.o(.text)
    __user_setup_stackheap                   0x08000569   Thumb Code    74  sys_stackheap_outer.o(.text)
    exit                                     0x080005b3   Thumb Code    18  exit.o(.text)
    _sys_exit                                0x080005c5   Thumb Code     8  sys_exit.o(.text)
    __I$use$semihosting                      0x080005d1   Thumb Code     0  use_no_semi.o(.text)
    __use_no_semihosting_swi                 0x080005d1   Thumb Code     2  use_no_semi.o(.text)
    BusFault_Handler                         0x080005d3   Thumb Code     4  stm32f4xx_it.o(i.BusFault_Handler)
    __semihosting_library_function           0x080005d3   Thumb Code     0  indicate_semi.o(.text)
    DebugMon_Handler                         0x080005d7   Thumb Code     2  stm32f4xx_it.o(i.DebugMon_Handler)
    Error_Handler                            0x080005d9   Thumb Code     6  main.o(i.Error_Handler)
    HAL_Delay                                0x080005e1   Thumb Code    36  stm32f4xx_hal.o(i.HAL_Delay)
    HAL_GPIO_Init                            0x08000609   Thumb Code   454  stm32f4xx_hal_gpio.o(i.HAL_GPIO_Init)
    HAL_GPIO_TogglePin                       0x080007fd   Thumb Code    20  stm32f4xx_hal_gpio.o(i.HAL_GPIO_TogglePin)
    HAL_GPIO_WritePin                        0x08000811   Thumb Code    12  stm32f4xx_hal_gpio.o(i.HAL_GPIO_WritePin)
    HAL_GetTick                              0x0800081d   Thumb Code     6  stm32f4xx_hal.o(i.HAL_GetTick)
    HAL_I2C_Init                             0x08000829   Thumb Code   446  stm32f4xx_hal_i2c.o(i.HAL_I2C_Init)
    HAL_I2C_Mem_Read                         0x080009f9   Thumb Code   744  stm32f4xx_hal_i2c.o(i.HAL_I2C_Mem_Read)
    HAL_I2C_Mem_Write                        0x08000ced   Thumb Code   348  stm32f4xx_hal_i2c.o(i.HAL_I2C_Mem_Write)
    HAL_I2C_MspInit                          0x08000e51   Thumb Code   122  stm32f4xx_hal_msp.o(i.HAL_I2C_MspInit)
    HAL_IncTick                              0x08000ed9   Thumb Code    16  stm32f4xx_hal.o(i.HAL_IncTick)
    HAL_Init                                 0x08000ef1   Thumb Code    54  stm32f4xx_hal.o(i.HAL_Init)
    HAL_InitTick                             0x08000f2d   Thumb Code    64  stm32f4xx_hal.o(i.HAL_InitTick)
    HAL_MspInit                              0x08000f79   Thumb Code    68  stm32f4xx_hal_msp.o(i.HAL_MspInit)
    HAL_NVIC_EnableIRQ                       0x08000fc1   Thumb Code    32  stm32f4xx_hal_cortex.o(i.HAL_NVIC_EnableIRQ)
    HAL_NVIC_SetPriority                     0x08000fe1   Thumb Code   124  stm32f4xx_hal_cortex.o(i.HAL_NVIC_SetPriority)
    HAL_NVIC_SetPriorityGrouping             0x0800105d   Thumb Code    32  stm32f4xx_hal_cortex.o(i.HAL_NVIC_SetPriorityGrouping)
    HAL_RCC_ClockConfig                      0x08001085   Thumb Code   368  stm32f4xx_hal_rcc.o(i.HAL_RCC_ClockConfig)
    HAL_RCC_GetHCLKFreq                      0x08001209   Thumb Code     6  stm32f4xx_hal_rcc.o(i.HAL_RCC_GetHCLKFreq)
    HAL_RCC_GetPCLK1Freq                     0x08001215   Thumb Code    22  stm32f4xx_hal_rcc.o(i.HAL_RCC_GetPCLK1Freq)
    HAL_RCC_GetPCLK2Freq                     0x08001235   Thumb Code    22  stm32f4xx_hal_rcc.o(i.HAL_RCC_GetPCLK2Freq)
    HAL_RCC_GetSysClockFreq                  0x08001255   Thumb Code   162  stm32f4xx_hal_rcc.o(i.HAL_RCC_GetSysClockFreq)
    HAL_RCC_OscConfig                        0x08001305   Thumb Code  1172  stm32f4xx_hal_rcc.o(i.HAL_RCC_OscConfig)
    HAL_SPI_Init                             0x080017a1   Thumb Code   200  stm32f4xx_hal_spi.o(i.HAL_SPI_Init)
    HAL_SPI_MspInit                          0x08001869   Thumb Code   404  stm32f4xx_hal_msp.o(i.HAL_SPI_MspInit)
    HAL_SPI_Receive                          0x08001a19   Thumb Code   368  stm32f4xx_hal_spi.o(i.HAL_SPI_Receive)
    HAL_SPI_Transmit                         0x08001b89   Thumb Code   430  stm32f4xx_hal_spi.o(i.HAL_SPI_Transmit)
    HAL_SPI_TransmitReceive                  0x08001d37   Thumb Code   554  stm32f4xx_hal_spi.o(i.HAL_SPI_TransmitReceive)
    HAL_SYSTICK_Config                       0x08001f61   Thumb Code    52  stm32f4xx_hal_cortex.o(i.HAL_SYSTICK_Config)
    HAL_TIMEx_BreakCallback                  0x08001f95   Thumb Code     2  stm32f4xx_hal_tim_ex.o(i.HAL_TIMEx_BreakCallback)
    HAL_TIMEx_CommutCallback                 0x08001f97   Thumb Code     2  stm32f4xx_hal_tim_ex.o(i.HAL_TIMEx_CommutCallback)
    HAL_TIMEx_MasterConfigSynchronization    0x08001f99   Thumb Code   150  stm32f4xx_hal_tim_ex.o(i.HAL_TIMEx_MasterConfigSynchronization)
    HAL_TIM_Base_Init                        0x0800204d   Thumb Code   102  stm32f4xx_hal_tim.o(i.HAL_TIM_Base_Init)
    HAL_TIM_Base_MspInit                     0x080020b5   Thumb Code    62  stm32f4xx_hal_msp.o(i.HAL_TIM_Base_MspInit)
    HAL_TIM_Base_Start_IT                    0x080020f9   Thumb Code   138  stm32f4xx_hal_tim.o(i.HAL_TIM_Base_Start_IT)
    HAL_TIM_ConfigClockSource                0x080021a1   Thumb Code   268  stm32f4xx_hal_tim.o(i.HAL_TIM_ConfigClockSource)
    HAL_TIM_IC_CaptureCallback               0x080022ad   Thumb Code     2  stm32f4xx_hal_tim.o(i.HAL_TIM_IC_CaptureCallback)
    HAL_TIM_IRQHandler                       0x080022af   Thumb Code   406  stm32f4xx_hal_tim.o(i.HAL_TIM_IRQHandler)
    HAL_TIM_OC_DelayElapsedCallback          0x08002445   Thumb Code     2  stm32f4xx_hal_tim.o(i.HAL_TIM_OC_DelayElapsedCallback)
    HAL_TIM_PWM_PulseFinishedCallback        0x08002447   Thumb Code     2  stm32f4xx_hal_tim.o(i.HAL_TIM_PWM_PulseFinishedCallback)
    HAL_TIM_PeriodElapsedCallback            0x08002449   Thumb Code     2  stm32f4xx_hal_tim.o(i.HAL_TIM_PeriodElapsedCallback)
    HAL_TIM_TriggerCallback                  0x0800244b   Thumb Code     2  stm32f4xx_hal_tim.o(i.HAL_TIM_TriggerCallback)
    HAL_UART_Init                            0x0800244d   Thumb Code   114  stm32f4xx_hal_uart.o(i.HAL_UART_Init)
    HAL_UART_MspInit                         0x080024c1   Thumb Code   404  stm32f4xx_hal_msp.o(i.HAL_UART_MspInit)
    HardFault_Handler                        0x08002671   Thumb Code     4  stm32f4xx_it.o(i.HardFault_Handler)
    MemManage_Handler                        0x08002f6d   Thumb Code     4  stm32f4xx_it.o(i.MemManage_Handler)
    NMI_Handler                              0x08002f71   Thumb Code     4  stm32f4xx_it.o(i.NMI_Handler)
    PendSV_Handler                           0x08002f75   Thumb Code     2  stm32f4xx_it.o(i.PendSV_Handler)
    SVC_Handler                              0x08003151   Thumb Code     2  stm32f4xx_it.o(i.SVC_Handler)
    SysTick_Handler                          0x08003153   Thumb Code     8  stm32f4xx_it.o(i.SysTick_Handler)
    SystemClock_Config                       0x0800315d   Thumb Code   170  main.o(i.SystemClock_Config)
    SystemInit                               0x08003211   Thumb Code    14  system_stm32f4xx.o(i.SystemInit)
    TIM2_IRQHandler                          0x08003225   Thumb Code    24  stm32f4xx_it.o(i.TIM2_IRQHandler)
    TIM_Base_SetConfig                       0x08003249   Thumb Code   170  stm32f4xx_hal_tim.o(i.TIM_Base_SetConfig)
    TIM_ETR_SetConfig                        0x08003321   Thumb Code    22  stm32f4xx_hal_tim.o(i.TIM_ETR_SetConfig)
    UsageFault_Handler                       0x080035c5   Thumb Code     4  stm32f4xx_it.o(i.UsageFault_Handler)
    __hardfp_log                             0x08003601   Thumb Code   872  log.o(i.__hardfp_log)
    __kernel_poly                            0x080039c5   Thumb Code   248  poly.o(i.__kernel_poly)
    __mathlib_dbl_divzero                    0x08003ac1   Thumb Code    28  dunder.o(i.__mathlib_dbl_divzero)
    __mathlib_dbl_infnan                     0x08003af1   Thumb Code    20  dunder.o(i.__mathlib_dbl_infnan)
    __mathlib_dbl_invalid                    0x08003b09   Thumb Code    24  dunder.o(i.__mathlib_dbl_invalid)
    _eeprom_read                             0x08003b29   Thumb Code   228  eeprom.o(i._eeprom_read)
    _eeprom_write                            0x08003c21   Thumb Code   234  eeprom.o(i._eeprom_write)
    binary_to_dec                            0x08003d21   Thumb Code    38  ds3231_rtc.o(i.binary_to_dec)
    bytestowrite                             0x08003d47   Thumb Code    20  eeprom.o(i.bytestowrite)
    crc32                                    0x08003d5d   Thumb Code    42  modbus.o(i.crc32)
    do_cmd                                   0x08003d8d   Thumb Code   162  modbus.o(i.do_cmd)
    eeprom_page_erase                        0x08003e41   Thumb Code   152  eeprom.o(i.eeprom_page_erase)
    eeprom_read                              0x08003eed   Thumb Code   112  eeprom.o(i.eeprom_read)
    eeprom_write                             0x08003f5d   Thumb Code   112  eeprom.o(i.eeprom_write)
    eeproms_first_ini                        0x08003fcd   Thumb Code    74  eeprom.o(i.eeproms_first_ini)
    fill_crc32_table                         0x0800403d   Thumb Code    48  modbus.o(i.fill_crc32_table)
    get_read_pointer                         0x08004075   Thumb Code    54  w5500.o(i.get_read_pointer)
    get_size_rx                              0x080040ab   Thumb Code    56  w5500.o(i.get_size_rx)
    get_socket_status                        0x080040e3   Thumb Code    42  w5500.o(i.get_socket_status)
    get_time                                 0x0800410d   Thumb Code   118  ds3231_rtc.o(i.get_time)
    get_write_pointer                        0x0800418d   Thumb Code    54  w5500.o(i.get_write_pointer)
    listen_socket                            0x080041c3   Thumb Code    36  w5500.o(i.listen_socket)
    main                                     0x080041e9   Thumb Code   292  main.o(i.main)
    open_socket                              0x08004329   Thumb Code    54  w5500.o(i.open_socket)
    receive_packet                           0x08004361   Thumb Code   244  modbus.o(i.receive_packet)
    recv_socket                              0x08004461   Thumb Code    34  w5500.o(i.recv_socket)
    request_reply_iteration                  0x08004485   Thumb Code    44  modbus.o(i.request_reply_iteration)
    send_socket                              0x080044b5   Thumb Code    34  w5500.o(i.send_socket)
    set_read_pointer                         0x080044d7   Thumb Code    52  w5500.o(i.set_read_pointer)
    set_sock_port                            0x0800450b   Thumb Code    52  w5500.o(i.set_sock_port)
    set_write_pointer                        0x0800453f   Thumb Code    52  w5500.o(i.set_write_pointer)
    socket_init_wait                         0x08004573   Thumb Code    46  w5500.o(i.socket_init_wait)
    socket_listen_wait                       0x080045a1   Thumb Code    46  w5500.o(i.socket_listen_wait)
    transmit_packet                          0x080045d1   Thumb Code   266  modbus.o(i.transmit_packet)
    w5500_hardware_rst                       0x080046f5   Thumb Code    36  w5500.o(i.w5500_hardware_rst)
    w5500_ini                                0x0800471d   Thumb Code   130  w5500.o(i.w5500_ini)
    w5500_read_buf                           0x080047a1   Thumb Code    58  w5500.o(i.w5500_read_buf)
    w5500_read_reg                           0x080047e1   Thumb Code    74  w5500.o(i.w5500_read_reg)
    w5500_read_sock_buf                      0x08004831   Thumb Code    60  w5500.o(i.w5500_read_sock_buf)
    w5500_set_ip_gate_addr                   0x0800486d   Thumb Code    58  w5500.o(i.w5500_set_ip_gate_addr)
    w5500_set_ipaddr                         0x080048a7   Thumb Code    58  w5500.o(i.w5500_set_ipaddr)
    w5500_set_ipmask                         0x080048e1   Thumb Code    58  w5500.o(i.w5500_set_ipmask)
    w5500_set_mac_addr                       0x0800491b   Thumb Code    82  w5500.o(i.w5500_set_mac_addr)
    w5500_soft_rst                           0x0800496d   Thumb Code    28  w5500.o(i.w5500_soft_rst)
    w5500_write_buf                          0x08004989   Thumb Code    44  w5500.o(i.w5500_write_buf)
    w5500_write_reg                          0x080049b9   Thumb Code    70  w5500.o(i.w5500_write_reg)
    w5500_write_sock_buf                     0x08004a05   Thumb Code    64  w5500.o(i.w5500_write_sock_buf)
    __aeabi_dneg                             0x08004a45   Thumb Code     0  basic.o(x$fpl$basic)
    _dneg                                    0x08004a45   Thumb Code     6  basic.o(x$fpl$basic)
    __aeabi_fneg                             0x08004a4b   Thumb Code     0  basic.o(x$fpl$basic)
    _fneg                                    0x08004a4b   Thumb Code     6  basic.o(x$fpl$basic)
    _dabs                                    0x08004a51   Thumb Code     6  basic.o(x$fpl$basic)
    _fabs                                    0x08004a57   Thumb Code     6  basic.o(x$fpl$basic)
    __aeabi_dadd                             0x08004a5d   Thumb Code     0  daddsub_clz.o(x$fpl$dadd)
    _dadd                                    0x08004a5d   Thumb Code   332  daddsub_clz.o(x$fpl$dadd)
    __fpl_dcmp_Inf                           0x08004bad   Thumb Code    24  dcmpi.o(x$fpl$dcmpinf)
    __aeabi_ddiv                             0x08004bc5   Thumb Code     0  ddiv.o(x$fpl$ddiv)
    _ddiv                                    0x08004bc5   Thumb Code   552  ddiv.o(x$fpl$ddiv)
    __aeabi_cdcmpeq                          0x08004e75   Thumb Code     0  deqf.o(x$fpl$deqf)
    _dcmpeq                                  0x08004e75   Thumb Code   120  deqf.o(x$fpl$deqf)
    __aeabi_d2iz                             0x08004eed   Thumb Code     0  dfix.o(x$fpl$dfix)
    _dfix                                    0x08004eed   Thumb Code    94  dfix.o(x$fpl$dfix)
    __aeabi_i2d                              0x08004f4b   Thumb Code     0  dflt_clz.o(x$fpl$dflt)
    _dflt                                    0x08004f4b   Thumb Code    46  dflt_clz.o(x$fpl$dflt)
    __aeabi_dmul                             0x08004f79   Thumb Code     0  dmul.o(x$fpl$dmul)
    _dmul                                    0x08004f79   Thumb Code   332  dmul.o(x$fpl$dmul)
    __fpl_dnaninf                            0x080050cd   Thumb Code   156  dnaninf.o(x$fpl$dnaninf)
    __fpl_dretinf                            0x08005169   Thumb Code    12  dretinf.o(x$fpl$dretinf)
    __aeabi_drsub                            0x08005175   Thumb Code     0  daddsub_clz.o(x$fpl$drsb)
    _drsb                                    0x08005175   Thumb Code    22  daddsub_clz.o(x$fpl$drsb)
    __aeabi_dsub                             0x0800518d   Thumb Code     0  daddsub_clz.o(x$fpl$dsub)
    _dsub                                    0x0800518d   Thumb Code   464  daddsub_clz.o(x$fpl$dsub)
    _fp_init                                 0x08005361   Thumb Code    10  fpinit.o(x$fpl$fpinit)
    __fplib_config_fpu_vfp                   0x08005369   Thumb Code     0  fpinit.o(x$fpl$fpinit)
    __fplib_config_pureend_doubles           0x08005369   Thumb Code     0  fpinit.o(x$fpl$fpinit)
    AHBPrescTable                            0x0800536a   Data          16  system_stm32f4xx.o(.constdata)
    __I$use$fp                               0x0800536a   Number         0  usenofp.o(x$fpl$usenofp)
    APBPrescTable                            0x0800537a   Data           8  system_stm32f4xx.o(.constdata)
    __mathlib_zero                           0x080053c0   Data           8  qnan.o(.constdata)
    Region$$Table$$Base                      0x080053c8   Number         0  anon$$obj.o(Region$$Table)
    Region$$Table$$Limit                     0x080053e8   Number         0  anon$$obj.o(Region$$Table)
    w5500_1_ptr                              0x20000000   Data           4  w5500.o(.data)
    tx_data_size                             0x20000004   Data           4  modbus.o(.data)
    ram_ptr                                  0x20000008   Data           4  eeprom.o(.data)
    ip_addr_ini                              0x2000000c   Data           4  eeprom.o(.data)
    ip_gate_ini                              0x20000010   Data           4  eeprom.o(.data)
    ip_mask_ini                              0x20000014   Data           4  eeprom.o(.data)
    mac_addr_ini                             0x20000018   Data           6  eeprom.o(.data)
    local_port_ini                           0x20000020   Data           4  eeprom.o(.data)
    is_soc_active                            0x20000024   Data           1  stm32f4xx_it.o(.data)
    time                                     0x20000025   Data           7  ds3231_rtc.o(.data)
    uwTick                                   0x2000002c   Data           4  stm32f4xx_hal.o(.data)
    uwTickPrio                               0x20000030   Data           4  stm32f4xx_hal.o(.data)
    uwTickFreq                               0x20000034   Data           1  stm32f4xx_hal.o(.data)
    SystemCoreClock                          0x20000038   Data           4  system_stm32f4xx.o(.data)
    w5500_1                                  0x2000003c   Data        2168  w5500.o(.bss)
    crc_table                                0x200008b4   Data        1024  modbus.o(.bss)
    rx_packet                                0x20000cb4   Data        1038  modbus.o(.bss)
    tx_packet                                0x200010c2   Data        1038  modbus.o(.bss)
    ram_data                                 0x200014d0   Data          69  eeprom.o(.bss)
    hi2c1                                    0x20001518   Data          84  main.o(.bss)
    hspi1                                    0x2000156c   Data          88  main.o(.bss)
    hspi2                                    0x200015c4   Data          88  main.o(.bss)
    hspi3                                    0x2000161c   Data          88  main.o(.bss)
    htim2                                    0x20001674   Data          72  main.o(.bss)
    huart1                                   0x200016bc   Data          68  main.o(.bss)
    huart2                                   0x20001700   Data          68  main.o(.bss)
    huart3                                   0x20001744   Data          68  main.o(.bss)
    __libspace_start                         0x20001788   Data          96  libspace.o(.bss)
    __temporary_stack_top$libspace           0x200017e8   Data           0  libspace.o(.bss)



==============================================================================

Memory Map of the image

  Image Entry point : 0x08000189

  Load Region LR_IROM1 (Base: 0x08000000, Size: 0x00005424, Max: 0x00100000, ABSOLUTE)

    Execution Region ER_IROM1 (Exec base: 0x08000000, Load base: 0x08000000, Size: 0x000053e8, Max: 0x00100000, ABSOLUTE)

    Exec Addr    Load Addr    Size         Type   Attr      Idx    E Section Name        Object

    0x08000000   0x08000000   0x00000188   Data   RO            3    RESET               startup_stm32f407xx.o
    0x08000188   0x08000188   0x00000008   Code   RO         4199  * !!!main             c_w.l(__main.o)
    0x08000190   0x08000190   0x00000034   Code   RO         4445    !!!scatter          c_w.l(__scatter.o)
    0x080001c4   0x080001c4   0x0000001a   Code   RO         4447    !!handler_copy      c_w.l(__scatter_copy.o)
    0x080001de   0x080001de   0x00000002   PAD
    0x080001e0   0x080001e0   0x0000001c   Code   RO         4449    !!handler_zi        c_w.l(__scatter_zi.o)
    0x080001fc   0x080001fc   0x00000002   Code   RO         4316    .ARM.Collect$$libinit$$00000000  c_w.l(libinit.o)
    0x080001fe   0x080001fe   0x00000004   Code   RO         4325    .ARM.Collect$$libinit$$00000001  c_w.l(libinit2.o)
    0x08000202   0x08000202   0x00000000   Code   RO         4328    .ARM.Collect$$libinit$$00000004  c_w.l(libinit2.o)
    0x08000202   0x08000202   0x00000000   Code   RO         4331    .ARM.Collect$$libinit$$0000000A  c_w.l(libinit2.o)
    0x08000202   0x08000202   0x00000000   Code   RO         4333    .ARM.Collect$$libinit$$0000000C  c_w.l(libinit2.o)
    0x08000202   0x08000202   0x00000000   Code   RO         4335    .ARM.Collect$$libinit$$0000000E  c_w.l(libinit2.o)
    0x08000202   0x08000202   0x00000000   Code   RO         4338    .ARM.Collect$$libinit$$00000011  c_w.l(libinit2.o)
    0x08000202   0x08000202   0x00000000   Code   RO         4340    .ARM.Collect$$libinit$$00000013  c_w.l(libinit2.o)
    0x08000202   0x08000202   0x00000000   Code   RO         4342    .ARM.Collect$$libinit$$00000015  c_w.l(libinit2.o)
    0x08000202   0x08000202   0x00000000   Code   RO         4344    .ARM.Collect$$libinit$$00000017  c_w.l(libinit2.o)
    0x08000202   0x08000202   0x00000000   Code   RO         4346    .ARM.Collect$$libinit$$00000019  c_w.l(libinit2.o)
    0x08000202   0x08000202   0x00000000   Code   RO         4348    .ARM.Collect$$libinit$$0000001B  c_w.l(libinit2.o)
    0x08000202   0x08000202   0x00000000   Code   RO         4350    .ARM.Collect$$libinit$$0000001D  c_w.l(libinit2.o)
    0x08000202   0x08000202   0x00000000   Code   RO         4352    .ARM.Collect$$libinit$$0000001F  c_w.l(libinit2.o)
    0x08000202   0x08000202   0x00000000   Code   RO         4354    .ARM.Collect$$libinit$$00000021  c_w.l(libinit2.o)
    0x08000202   0x08000202   0x00000000   Code   RO         4356    .ARM.Collect$$libinit$$00000023  c_w.l(libinit2.o)
    0x08000202   0x08000202   0x00000000   Code   RO         4358    .ARM.Collect$$libinit$$00000025  c_w.l(libinit2.o)
    0x08000202   0x08000202   0x00000000   Code   RO         4362    .ARM.Collect$$libinit$$0000002C  c_w.l(libinit2.o)
    0x08000202   0x08000202   0x00000000   Code   RO         4364    .ARM.Collect$$libinit$$0000002E  c_w.l(libinit2.o)
    0x08000202   0x08000202   0x00000000   Code   RO         4366    .ARM.Collect$$libinit$$00000030  c_w.l(libinit2.o)
    0x08000202   0x08000202   0x00000000   Code   RO         4368    .ARM.Collect$$libinit$$00000032  c_w.l(libinit2.o)
    0x08000202   0x08000202   0x00000002   Code   RO         4369    .ARM.Collect$$libinit$$00000033  c_w.l(libinit2.o)
    0x08000204   0x08000204   0x00000002   Code   RO         4400    .ARM.Collect$$libshutdown$$00000000  c_w.l(libshutdown.o)
    0x08000206   0x08000206   0x00000000   Code   RO         4426    .ARM.Collect$$libshutdown$$00000002  c_w.l(libshutdown2.o)
    0x08000206   0x08000206   0x00000000   Code   RO         4428    .ARM.Collect$$libshutdown$$00000004  c_w.l(libshutdown2.o)
    0x08000206   0x08000206   0x00000000   Code   RO         4430    .ARM.Collect$$libshutdown$$00000006  c_w.l(libshutdown2.o)
    0x08000206   0x08000206   0x00000000   Code   RO         4433    .ARM.Collect$$libshutdown$$00000009  c_w.l(libshutdown2.o)
    0x08000206   0x08000206   0x00000000   Code   RO         4436    .ARM.Collect$$libshutdown$$0000000C  c_w.l(libshutdown2.o)
    0x08000206   0x08000206   0x00000000   Code   RO         4438    .ARM.Collect$$libshutdown$$0000000E  c_w.l(libshutdown2.o)
    0x08000206   0x08000206   0x00000000   Code   RO         4441    .ARM.Collect$$libshutdown$$00000011  c_w.l(libshutdown2.o)
    0x08000206   0x08000206   0x00000002   Code   RO         4442    .ARM.Collect$$libshutdown$$00000012  c_w.l(libshutdown2.o)
    0x08000208   0x08000208   0x00000000   Code   RO         4237    .ARM.Collect$$rtentry$$00000000  c_w.l(__rtentry.o)
    0x08000208   0x08000208   0x00000000   Code   RO         4277    .ARM.Collect$$rtentry$$00000002  c_w.l(__rtentry2.o)
    0x08000208   0x08000208   0x00000006   Code   RO         4289    .ARM.Collect$$rtentry$$00000004  c_w.l(__rtentry4.o)
    0x0800020e   0x0800020e   0x00000000   Code   RO         4279    .ARM.Collect$$rtentry$$00000009  c_w.l(__rtentry2.o)
    0x0800020e   0x0800020e   0x00000004   Code   RO         4280    .ARM.Collect$$rtentry$$0000000A  c_w.l(__rtentry2.o)
    0x08000212   0x08000212   0x00000000   Code   RO         4282    .ARM.Collect$$rtentry$$0000000C  c_w.l(__rtentry2.o)
    0x08000212   0x08000212   0x00000008   Code   RO         4283    .ARM.Collect$$rtentry$$0000000D  c_w.l(__rtentry2.o)
    0x0800021a   0x0800021a   0x00000002   Code   RO         4317    .ARM.Collect$$rtexit$$00000000  c_w.l(rtexit.o)
    0x0800021c   0x0800021c   0x00000000   Code   RO         4373    .ARM.Collect$$rtexit$$00000002  c_w.l(rtexit2.o)
    0x0800021c   0x0800021c   0x00000004   Code   RO         4374    .ARM.Collect$$rtexit$$00000003  c_w.l(rtexit2.o)
    0x08000220   0x08000220   0x00000006   Code   RO         4375    .ARM.Collect$$rtexit$$00000004  c_w.l(rtexit2.o)
    0x08000226   0x08000226   0x00000002   PAD
    0x08000228   0x08000228   0x00000040   Code   RO            4    .text               startup_stm32f407xx.o
    0x08000268   0x08000268   0x000000ee   Code   RO         4185    .text               c_w.l(lludivv7m.o)
    0x08000356   0x08000356   0x0000008a   Code   RO         4187    .text               c_w.l(rt_memcpy_v6.o)
    0x080003e0   0x080003e0   0x00000064   Code   RO         4189    .text               c_w.l(rt_memcpy_w.o)
    0x08000444   0x08000444   0x00000010   Code   RO         4191    .text               c_w.l(aeabi_memset.o)
    0x08000454   0x08000454   0x0000004e   Code   RO         4193    .text               c_w.l(rt_memclr_w.o)
    0x080004a2   0x080004a2   0x00000056   Code   RO         4195    .text               c_w.l(strncpy.o)
    0x080004f8   0x080004f8   0x00000006   Code   RO         4197    .text               c_w.l(heapauxi.o)
    0x080004fe   0x080004fe   0x00000016   Code   RO         4242    .text               c_w.l(_rserrno.o)
    0x08000514   0x08000514   0x00000044   Code   RO         4244    .text               c_w.l(rt_memclr.o)
    0x08000558   0x08000558   0x00000008   Code   RO         4296    .text               c_w.l(rt_errno_addr_intlibspace.o)
    0x08000560   0x08000560   0x00000008   Code   RO         4300    .text               c_w.l(libspace.o)
    0x08000568   0x08000568   0x0000004a   Code   RO         4303    .text               c_w.l(sys_stackheap_outer.o)
    0x080005b2   0x080005b2   0x00000012   Code   RO         4305    .text               c_w.l(exit.o)
    0x080005c4   0x080005c4   0x0000000c   Code   RO         4370    .text               c_w.l(sys_exit.o)
    0x080005d0   0x080005d0   0x00000002   Code   RO         4389    .text               c_w.l(use_no_semi.o)
    0x080005d2   0x080005d2   0x00000000   Code   RO         4391    .text               c_w.l(indicate_semi.o)
    0x080005d2   0x080005d2   0x00000004   Code   RO          589    i.BusFault_Handler  stm32f4xx_it.o
    0x080005d6   0x080005d6   0x00000002   Code   RO          590    i.DebugMon_Handler  stm32f4xx_it.o
    0x080005d8   0x080005d8   0x00000006   Code   RO          501    i.Error_Handler     main.o
    0x080005de   0x080005de   0x00000002   PAD
    0x080005e0   0x080005e0   0x00000028   Code   RO         2225    i.HAL_Delay         stm32f4xx_hal.o
    0x08000608   0x08000608   0x000001f4   Code   RO         1694    i.HAL_GPIO_Init     stm32f4xx_hal_gpio.o
    0x080007fc   0x080007fc   0x00000014   Code   RO         1697    i.HAL_GPIO_TogglePin  stm32f4xx_hal_gpio.o
    0x08000810   0x08000810   0x0000000c   Code   RO         1698    i.HAL_GPIO_WritePin  stm32f4xx_hal_gpio.o
    0x0800081c   0x0800081c   0x0000000c   Code   RO         2231    i.HAL_GetTick       stm32f4xx_hal.o
    0x08000828   0x08000828   0x000001d0   Code   RO          815    i.HAL_I2C_Init      stm32f4xx_hal_i2c.o
    0x080009f8   0x080009f8   0x000002f4   Code   RO          833    i.HAL_I2C_Mem_Read  stm32f4xx_hal_i2c.o
    0x08000cec   0x08000cec   0x00000164   Code   RO          836    i.HAL_I2C_Mem_Write  stm32f4xx_hal_i2c.o
    0x08000e50   0x08000e50   0x00000088   Code   RO          675    i.HAL_I2C_MspInit   stm32f4xx_hal_msp.o
    0x08000ed8   0x08000ed8   0x00000018   Code   RO         2237    i.HAL_IncTick       stm32f4xx_hal.o
    0x08000ef0   0x08000ef0   0x0000003c   Code   RO         2238    i.HAL_Init          stm32f4xx_hal.o
    0x08000f2c   0x08000f2c   0x0000004c   Code   RO         2239    i.HAL_InitTick      stm32f4xx_hal.o
    0x08000f78   0x08000f78   0x00000048   Code   RO          676    i.HAL_MspInit       stm32f4xx_hal_msp.o
    0x08000fc0   0x08000fc0   0x00000020   Code   RO         2083    i.HAL_NVIC_EnableIRQ  stm32f4xx_hal_cortex.o
    0x08000fe0   0x08000fe0   0x0000007c   Code   RO         2089    i.HAL_NVIC_SetPriority  stm32f4xx_hal_cortex.o
    0x0800105c   0x0800105c   0x00000028   Code   RO         2090    i.HAL_NVIC_SetPriorityGrouping  stm32f4xx_hal_cortex.o
    0x08001084   0x08001084   0x00000184   Code   RO         1295    i.HAL_RCC_ClockConfig  stm32f4xx_hal_rcc.o
    0x08001208   0x08001208   0x0000000c   Code   RO         1300    i.HAL_RCC_GetHCLKFreq  stm32f4xx_hal_rcc.o
    0x08001214   0x08001214   0x00000020   Code   RO         1302    i.HAL_RCC_GetPCLK1Freq  stm32f4xx_hal_rcc.o
    0x08001234   0x08001234   0x00000020   Code   RO         1303    i.HAL_RCC_GetPCLK2Freq  stm32f4xx_hal_rcc.o
    0x08001254   0x08001254   0x000000b0   Code   RO         1304    i.HAL_RCC_GetSysClockFreq  stm32f4xx_hal_rcc.o
    0x08001304   0x08001304   0x0000049c   Code   RO         1307    i.HAL_RCC_OscConfig  stm32f4xx_hal_rcc.o
    0x080017a0   0x080017a0   0x000000c8   Code   RO         2487    i.HAL_SPI_Init      stm32f4xx_hal_spi.o
    0x08001868   0x08001868   0x000001b0   Code   RO          678    i.HAL_SPI_MspInit   stm32f4xx_hal_msp.o
    0x08001a18   0x08001a18   0x00000170   Code   RO         2490    i.HAL_SPI_Receive   stm32f4xx_hal_spi.o
    0x08001b88   0x08001b88   0x000001ae   Code   RO         2495    i.HAL_SPI_Transmit  stm32f4xx_hal_spi.o
    0x08001d36   0x08001d36   0x0000022a   Code   RO         2496    i.HAL_SPI_TransmitReceive  stm32f4xx_hal_spi.o
    0x08001f60   0x08001f60   0x00000034   Code   RO         2094    i.HAL_SYSTICK_Config  stm32f4xx_hal_cortex.o
    0x08001f94   0x08001f94   0x00000002   Code   RO         3515    i.HAL_TIMEx_BreakCallback  stm32f4xx_hal_tim_ex.o
    0x08001f96   0x08001f96   0x00000002   Code   RO         3516    i.HAL_TIMEx_CommutCallback  stm32f4xx_hal_tim_ex.o
    0x08001f98   0x08001f98   0x000000b4   Code   RO         3534    i.HAL_TIMEx_MasterConfigSynchronization  stm32f4xx_hal_tim_ex.o
    0x0800204c   0x0800204c   0x00000066   Code   RO         2800    i.HAL_TIM_Base_Init  stm32f4xx_hal_tim.o
    0x080020b2   0x080020b2   0x00000002   PAD
    0x080020b4   0x080020b4   0x00000044   Code   RO          680    i.HAL_TIM_Base_MspInit  stm32f4xx_hal_msp.o
    0x080020f8   0x080020f8   0x000000a8   Code   RO         2805    i.HAL_TIM_Base_Start_IT  stm32f4xx_hal_tim.o
    0x080021a0   0x080021a0   0x0000010c   Code   RO         2809    i.HAL_TIM_ConfigClockSource  stm32f4xx_hal_tim.o
    0x080022ac   0x080022ac   0x00000002   Code   RO         2834    i.HAL_TIM_IC_CaptureCallback  stm32f4xx_hal_tim.o
    0x080022ae   0x080022ae   0x00000196   Code   RO         2848    i.HAL_TIM_IRQHandler  stm32f4xx_hal_tim.o
    0x08002444   0x08002444   0x00000002   Code   RO         2851    i.HAL_TIM_OC_DelayElapsedCallback  stm32f4xx_hal_tim.o
    0x08002446   0x08002446   0x00000002   Code   RO         2878    i.HAL_TIM_PWM_PulseFinishedCallback  stm32f4xx_hal_tim.o
    0x08002448   0x08002448   0x00000002   Code   RO         2886    i.HAL_TIM_PeriodElapsedCallback  stm32f4xx_hal_tim.o
    0x0800244a   0x0800244a   0x00000002   Code   RO         2891    i.HAL_TIM_TriggerCallback  stm32f4xx_hal_tim.o
    0x0800244c   0x0800244c   0x00000072   Code   RO         3811    i.HAL_UART_Init     stm32f4xx_hal_uart.o
    0x080024be   0x080024be   0x00000002   PAD
    0x080024c0   0x080024c0   0x000001b0   Code   RO          682    i.HAL_UART_MspInit  stm32f4xx_hal_msp.o
    0x08002670   0x08002670   0x00000004   Code   RO          591    i.HardFault_Handler  stm32f4xx_it.o
    0x08002674   0x08002674   0x0000003e   Code   RO          858    i.I2C_IsAcknowledgeFailed  stm32f4xx_hal_i2c.o
    0x080026b2   0x080026b2   0x00000002   PAD
    0x080026b4   0x080026b4   0x00000160   Code   RO          869    i.I2C_RequestMemoryRead  stm32f4xx_hal_i2c.o
    0x08002814   0x08002814   0x000000e0   Code   RO          870    i.I2C_RequestMemoryWrite  stm32f4xx_hal_i2c.o
    0x080028f4   0x080028f4   0x0000005c   Code   RO          878    i.I2C_WaitOnBTFFlagUntilTimeout  stm32f4xx_hal_i2c.o
    0x08002950   0x08002950   0x00000086   Code   RO          879    i.I2C_WaitOnFlagUntilTimeout  stm32f4xx_hal_i2c.o
    0x080029d6   0x080029d6   0x000000c4   Code   RO          880    i.I2C_WaitOnMasterAddressFlagUntilTimeout  stm32f4xx_hal_i2c.o
    0x08002a9a   0x08002a9a   0x00000080   Code   RO          881    i.I2C_WaitOnRXNEFlagUntilTimeout  stm32f4xx_hal_i2c.o
    0x08002b1a   0x08002b1a   0x0000005c   Code   RO          884    i.I2C_WaitOnTXEFlagUntilTimeout  stm32f4xx_hal_i2c.o
    0x08002b76   0x08002b76   0x00000002   PAD
    0x08002b78   0x08002b78   0x000001d4   Code   RO          502    i.MX_GPIO_Init      main.o
    0x08002d4c   0x08002d4c   0x0000003c   Code   RO          503    i.MX_I2C1_Init      main.o
    0x08002d88   0x08002d88   0x00000044   Code   RO          504    i.MX_SPI1_Init      main.o
    0x08002dcc   0x08002dcc   0x00000044   Code   RO          505    i.MX_SPI2_Init      main.o
    0x08002e10   0x08002e10   0x00000044   Code   RO          506    i.MX_SPI3_Init      main.o
    0x08002e54   0x08002e54   0x00000070   Code   RO          507    i.MX_TIM2_Init      main.o
    0x08002ec4   0x08002ec4   0x00000038   Code   RO          508    i.MX_USART1_UART_Init  main.o
    0x08002efc   0x08002efc   0x00000038   Code   RO          509    i.MX_USART2_UART_Init  main.o
    0x08002f34   0x08002f34   0x00000038   Code   RO          510    i.MX_USART3_UART_Init  main.o
    0x08002f6c   0x08002f6c   0x00000004   Code   RO          592    i.MemManage_Handler  stm32f4xx_it.o
    0x08002f70   0x08002f70   0x00000004   Code   RO          593    i.NMI_Handler       stm32f4xx_it.o
    0x08002f74   0x08002f74   0x00000002   Code   RO          594    i.PendSV_Handler    stm32f4xx_it.o
    0x08002f76   0x08002f76   0x00000094   Code   RO         2524    i.SPI_EndRxTransaction  stm32f4xx_hal_spi.o
    0x0800300a   0x0800300a   0x00000002   PAD
    0x0800300c   0x0800300c   0x0000006c   Code   RO         2525    i.SPI_EndRxTxTransaction  stm32f4xx_hal_spi.o
    0x08003078   0x08003078   0x000000d8   Code   RO         2530    i.SPI_WaitFlagStateUntilTimeout  stm32f4xx_hal_spi.o
    0x08003150   0x08003150   0x00000002   Code   RO          595    i.SVC_Handler       stm32f4xx_it.o
    0x08003152   0x08003152   0x00000008   Code   RO          596    i.SysTick_Handler   stm32f4xx_it.o
    0x0800315a   0x0800315a   0x00000002   PAD
    0x0800315c   0x0800315c   0x000000b4   Code   RO          511    i.SystemClock_Config  main.o
    0x08003210   0x08003210   0x00000014   Code   RO         4150    i.SystemInit        system_stm32f4xx.o
    0x08003224   0x08003224   0x00000024   Code   RO          597    i.TIM2_IRQHandler   stm32f4xx_it.o
    0x08003248   0x08003248   0x000000d8   Code   RO         2893    i.TIM_Base_SetConfig  stm32f4xx_hal_tim.o
    0x08003320   0x08003320   0x00000016   Code   RO         2904    i.TIM_ETR_SetConfig  stm32f4xx_hal_tim.o
    0x08003336   0x08003336   0x00000012   Code   RO         2905    i.TIM_ITRx_SetConfig  stm32f4xx_hal_tim.o
    0x08003348   0x08003348   0x00000026   Code   RO         2911    i.TIM_TI1_ConfigInputStage  stm32f4xx_hal_tim.o
    0x0800336e   0x0800336e   0x00000028   Code   RO         2913    i.TIM_TI2_ConfigInputStage  stm32f4xx_hal_tim.o
    0x08003396   0x08003396   0x00000002   PAD
    0x08003398   0x08003398   0x0000022c   Code   RO         3838    i.UART_SetConfig    stm32f4xx_hal_uart.o
    0x080035c4   0x080035c4   0x00000004   Code   RO          598    i.UsageFault_Handler  stm32f4xx_it.o
    0x080035c8   0x080035c8   0x00000010   Code   RO         2096    i.__NVIC_GetPriorityGrouping  stm32f4xx_hal_cortex.o
    0x080035d8   0x080035d8   0x00000028   Code   RO         2097    i.__NVIC_SetPriority  stm32f4xx_hal_cortex.o
    0x08003600   0x08003600   0x000003c4   Code   RO         4223    i.__hardfp_log      m_wm.l(log.o)
    0x080039c4   0x080039c4   0x000000f8   Code   RO         4273    i.__kernel_poly     m_wm.l(poly.o)
    0x08003abc   0x08003abc   0x00000004   PAD
    0x08003ac0   0x08003ac0   0x00000030   Code   RO         4259    i.__mathlib_dbl_divzero  m_wm.l(dunder.o)
    0x08003af0   0x08003af0   0x00000014   Code   RO         4260    i.__mathlib_dbl_infnan  m_wm.l(dunder.o)
    0x08003b04   0x08003b04   0x00000004   PAD
    0x08003b08   0x08003b08   0x00000020   Code   RO         4262    i.__mathlib_dbl_invalid  m_wm.l(dunder.o)
    0x08003b28   0x08003b28   0x000000f8   Code   RO          436    i._eeprom_read      eeprom.o
    0x08003c20   0x08003c20   0x00000100   Code   RO          437    i._eeprom_write     eeprom.o
    0x08003d20   0x08003d20   0x00000026   Code   RO          746    i.binary_to_dec     ds3231_rtc.o
    0x08003d46   0x08003d46   0x00000014   Code   RO          438    i.bytestowrite      eeprom.o
    0x08003d5a   0x08003d5a   0x00000002   PAD
    0x08003d5c   0x08003d5c   0x00000030   Code   RO          364    i.crc32             modbus.o
    0x08003d8c   0x08003d8c   0x000000b4   Code   RO          365    i.do_cmd            modbus.o
    0x08003e40   0x08003e40   0x000000ac   Code   RO          439    i.eeprom_page_erase  eeprom.o
    0x08003eec   0x08003eec   0x00000070   Code   RO          440    i.eeprom_read       eeprom.o
    0x08003f5c   0x08003f5c   0x00000070   Code   RO          441    i.eeprom_write      eeprom.o
    0x08003fcc   0x08003fcc   0x00000070   Code   RO          442    i.eeproms_first_ini  eeprom.o
    0x0800403c   0x0800403c   0x00000038   Code   RO          366    i.fill_crc32_table  modbus.o
    0x08004074   0x08004074   0x00000036   Code   RO          169    i.get_read_pointer  w5500.o
    0x080040aa   0x080040aa   0x00000038   Code   RO          170    i.get_size_rx       w5500.o
    0x080040e2   0x080040e2   0x0000002a   Code   RO          171    i.get_socket_status  w5500.o
    0x0800410c   0x0800410c   0x00000080   Code   RO          750    i.get_time          ds3231_rtc.o
    0x0800418c   0x0800418c   0x00000036   Code   RO          172    i.get_write_pointer  w5500.o
    0x080041c2   0x080041c2   0x00000024   Code   RO          173    i.listen_socket     w5500.o
    0x080041e6   0x080041e6   0x00000002   PAD
    0x080041e8   0x080041e8   0x00000140   Code   RO          512    i.main              main.o
    0x08004328   0x08004328   0x00000036   Code   RO          174    i.open_socket       w5500.o
    0x0800435e   0x0800435e   0x00000002   PAD
    0x08004360   0x08004360   0x00000100   Code   RO          367    i.receive_packet    modbus.o
    0x08004460   0x08004460   0x00000022   Code   RO          175    i.recv_socket       w5500.o
    0x08004482   0x08004482   0x00000002   PAD
    0x08004484   0x08004484   0x00000030   Code   RO          368    i.request_reply_iteration  modbus.o
    0x080044b4   0x080044b4   0x00000022   Code   RO          176    i.send_socket       w5500.o
    0x080044d6   0x080044d6   0x00000034   Code   RO          177    i.set_read_pointer  w5500.o
    0x0800450a   0x0800450a   0x00000034   Code   RO          178    i.set_sock_port     w5500.o
    0x0800453e   0x0800453e   0x00000034   Code   RO          179    i.set_write_pointer  w5500.o
    0x08004572   0x08004572   0x0000002e   Code   RO          181    i.socket_init_wait  w5500.o
    0x080045a0   0x080045a0   0x0000002e   Code   RO          182    i.socket_listen_wait  w5500.o
    0x080045ce   0x080045ce   0x00000002   PAD
    0x080045d0   0x080045d0   0x00000124   Code   RO          369    i.transmit_packet   modbus.o
    0x080046f4   0x080046f4   0x00000028   Code   RO          183    i.w5500_hardware_rst  w5500.o
    0x0800471c   0x0800471c   0x00000082   Code   RO          184    i.w5500_ini         w5500.o
    0x0800479e   0x0800479e   0x00000002   PAD
    0x080047a0   0x080047a0   0x00000040   Code   RO          185    i.w5500_read_buf    w5500.o
    0x080047e0   0x080047e0   0x00000050   Code   RO          186    i.w5500_read_reg    w5500.o
    0x08004830   0x08004830   0x0000003c   Code   RO          187    i.w5500_read_sock_buf  w5500.o
    0x0800486c   0x0800486c   0x0000003a   Code   RO          189    i.w5500_set_ip_gate_addr  w5500.o
    0x080048a6   0x080048a6   0x0000003a   Code   RO          190    i.w5500_set_ipaddr  w5500.o
    0x080048e0   0x080048e0   0x0000003a   Code   RO          191    i.w5500_set_ipmask  w5500.o
    0x0800491a   0x0800491a   0x00000052   Code   RO          192    i.w5500_set_mac_addr  w5500.o
    0x0800496c   0x0800496c   0x0000001c   Code   RO          193    i.w5500_soft_rst    w5500.o
    0x08004988   0x08004988   0x00000030   Code   RO          194    i.w5500_write_buf   w5500.o
    0x080049b8   0x080049b8   0x0000004c   Code   RO          195    i.w5500_write_reg   w5500.o
    0x08004a04   0x08004a04   0x00000040   Code   RO          196    i.w5500_write_sock_buf  w5500.o
    0x08004a44   0x08004a44   0x00000018   Code   RO         4246    x$fpl$basic         fz_wm.l(basic.o)
    0x08004a5c   0x08004a5c   0x00000150   Code   RO         4203    x$fpl$dadd          fz_wm.l(daddsub_clz.o)
    0x08004bac   0x08004bac   0x00000018   Code   RO         4298    x$fpl$dcmpinf       fz_wm.l(dcmpi.o)
    0x08004bc4   0x08004bc4   0x000002b0   Code   RO         4210    x$fpl$ddiv          fz_wm.l(ddiv.o)
    0x08004e74   0x08004e74   0x00000078   Code   RO         4248    x$fpl$deqf          fz_wm.l(deqf.o)
    0x08004eec   0x08004eec   0x0000005e   Code   RO         4213    x$fpl$dfix          fz_wm.l(dfix.o)
    0x08004f4a   0x08004f4a   0x0000002e   Code   RO         4218    x$fpl$dflt          fz_wm.l(dflt_clz.o)
    0x08004f78   0x08004f78   0x00000154   Code   RO         4250    x$fpl$dmul          fz_wm.l(dmul.o)
    0x080050cc   0x080050cc   0x0000009c   Code   RO         4252    x$fpl$dnaninf       fz_wm.l(dnaninf.o)
    0x08005168   0x08005168   0x0000000c   Code   RO         4254    x$fpl$dretinf       fz_wm.l(dretinf.o)
    0x08005174   0x08005174   0x00000016   Code   RO         4204    x$fpl$drsb          fz_wm.l(daddsub_clz.o)
    0x0800518a   0x0800518a   0x00000002   PAD
    0x0800518c   0x0800518c   0x000001d4   Code   RO         4205    x$fpl$dsub          fz_wm.l(daddsub_clz.o)
    0x08005360   0x08005360   0x0000000a   Code   RO         4385    x$fpl$fpinit        fz_wm.l(fpinit.o)
    0x0800536a   0x0800536a   0x00000000   Code   RO         4258    x$fpl$usenofp       fz_wm.l(usenofp.o)
    0x0800536a   0x0800536a   0x00000018   Data   RO         4151    .constdata          system_stm32f4xx.o
    0x08005382   0x08005382   0x00000006   PAD
    0x08005388   0x08005388   0x00000038   Data   RO         4226    .constdata          m_wm.l(log.o)
    0x080053c0   0x080053c0   0x00000008   Data   RO         4275    .constdata          m_wm.l(qnan.o)
    0x080053c8   0x080053c8   0x00000020   Data   RO         4443    Region$$Table       anon$$obj.o


    Execution Region RW_IRAM1 (Exec base: 0x20000000, Load base: 0x080053e8, Size: 0x00001de8, Max: 0x0001c000, ABSOLUTE)

    Exec Addr    Load Addr    Size         Type   Attr      Idx    E Section Name        Object

    0x20000000   0x080053e8   0x00000004   Data   RW          198    .data               w5500.o
    0x20000004   0x080053ec   0x00000004   Data   RW          371    .data               modbus.o
    0x20000008   0x080053f0   0x0000001c   Data   RW          444    .data               eeprom.o
    0x20000024   0x0800540c   0x00000001   Data   RW          599    .data               stm32f4xx_it.o
    0x20000025   0x0800540d   0x00000007   Data   RW          752    .data               ds3231_rtc.o
    0x2000002c   0x08005414   0x00000009   Data   RW         2245    .data               stm32f4xx_hal.o
    0x20000035   0x0800541d   0x00000003   PAD
    0x20000038   0x08005420   0x00000004   Data   RW         4152    .data               system_stm32f4xx.o
    0x2000003c        -       0x00000878   Zero   RW          197    .bss                w5500.o
    0x200008b4        -       0x00000c1c   Zero   RW          370    .bss                modbus.o
    0x200014d0        -       0x00000045   Zero   RW          443    .bss                eeprom.o
    0x20001515   0x08005424   0x00000003   PAD
    0x20001518        -       0x00000270   Zero   RW          513    .bss                main.o
    0x20001788        -       0x00000060   Zero   RW         4301    .bss                c_w.l(libspace.o)
    0x200017e8        -       0x00000200   Zero   RW            2    HEAP                startup_stm32f407xx.o
    0x200019e8        -       0x00000400   Zero   RW            1    STACK               startup_stm32f407xx.o


    Execution Region RW_IRAM2 (Exec base: 0x2001c000, Load base: 0x08005424, Size: 0x00000000, Max: 0x00004000, ABSOLUTE)

    **** No section assigned to this execution region ****


==============================================================================

Image component sizes


      Code (inc. data)   RO Data    RW Data    ZI Data      Debug   Object Name

       166         10          0          7          0       1354   ds3231_rtc.o
      1032        100          0         28         69       7090   eeprom.o
      1518        140          0          0        624       7627   main.o
       880         80          0          4       3100       6799   modbus.o
         0          0          0          0          0     707632   network.o
        64         26        392          0       1536        856   startup_stm32f407xx.o
       212         36          0          9          0       9489   stm32f4xx_hal.o
       304         22          0          0          0      34535   stm32f4xx_hal_cortex.o
       532         46          0          0          0       2805   stm32f4xx_hal_gpio.o
      2856         46          0          0          0      11814   stm32f4xx_hal_i2c.o
      1140         80          0          0          0       4368   stm32f4xx_hal_msp.o
      1820         84          0          0          0       5704   stm32f4xx_hal_rcc.o
      2024         14          0          0          0       8006   stm32f4xx_hal_spi.o
      1288         76          0          0          0      10431   stm32f4xx_hal_tim.o
       184         30          0          0          0       2541   stm32f4xx_hal_tim_ex.o
       670         10          0          0          0       1896   stm32f4xx_hal_uart.o
        70         12          0          1          0       5072   stm32f4xx_it.o
        20          6         24          4          0       1163   system_stm32f4xx.o
      1458         26          0          4       2168      17421   w5500.o

    ----------------------------------------------------------------------
     16266        844        454         60       7500     846603   Object Totals
         0          0         32          0          0          0   (incl. Generated)
        28          0          6          3          3          0   (incl. Padding)

    ----------------------------------------------------------------------

      Code (inc. data)   RO Data    RW Data    ZI Data      Debug   Library Member Name

         8          0          0          0          0         68   __main.o
         0          0          0          0          0          0   __rtentry.o
        12          0          0          0          0          0   __rtentry2.o
         6          0          0          0          0          0   __rtentry4.o
        52          8          0          0          0          0   __scatter.o
        26          0          0          0          0          0   __scatter_copy.o
        28          0          0          0          0          0   __scatter_zi.o
        22          0          0          0          0        100   _rserrno.o
        16          0          0          0          0         68   aeabi_memset.o
        18          0          0          0          0         80   exit.o
         6          0          0          0          0        152   heapauxi.o
         0          0          0          0          0          0   indicate_semi.o
         2          0          0          0          0          0   libinit.o
         6          0          0          0          0          0   libinit2.o
         2          0          0          0          0          0   libshutdown.o
         2          0          0          0          0          0   libshutdown2.o
         8          4          0          0         96         68   libspace.o
       238          0          0          0          0        100   lludivv7m.o
         8          4          0          0          0         68   rt_errno_addr_intlibspace.o
        68          0          0          0          0         68   rt_memclr.o
        78          0          0          0          0         80   rt_memclr_w.o
       138          0          0          0          0         68   rt_memcpy_v6.o
       100          0          0          0          0         80   rt_memcpy_w.o
         2          0          0          0          0          0   rtexit.o
        10          0          0          0          0          0   rtexit2.o
        86          0          0          0          0         76   strncpy.o
        12          4          0          0          0         68   sys_exit.o
        74          0          0          0          0         80   sys_stackheap_outer.o
         2          0          0          0          0         68   use_no_semi.o
        24          0          0          0          0        164   basic.o
       826         16          0          0          0        492   daddsub_clz.o
        24          0          0          0          0        116   dcmpi.o
       688        140          0          0          0        256   ddiv.o
       120          4          0          0          0        140   deqf.o
        94          4          0          0          0        140   dfix.o
        46          0          0          0          0        116   dflt_clz.o
       340         12          0          0          0        152   dmul.o
       156          4          0          0          0        140   dnaninf.o
        12          0          0          0          0        116   dretinf.o
        10          0          0          0          0        116   fpinit.o
         0          0          0          0          0          0   usenofp.o
       100         28          0          0          0        372   dunder.o
       964         92         56          0          0        316   log.o
       248          0          0          0          0        152   poly.o
         0          0          8          0          0          0   qnan.o

    ----------------------------------------------------------------------
      4696        320         64          0         96       4080   Library Totals
        14          0          0          0          0          0   (incl. Padding)

    ----------------------------------------------------------------------

      Code (inc. data)   RO Data    RW Data    ZI Data      Debug   Library Name

      1030         20          0          0         96       1292   c_w.l
      2340        180          0          0          0       1948   fz_wm.l
      1312        120         64          0          0        840   m_wm.l

    ----------------------------------------------------------------------
      4696        320         64          0         96       4080   Library Totals

    ----------------------------------------------------------------------

==============================================================================


      Code (inc. data)   RO Data    RW Data    ZI Data      Debug   

     20962       1164        518         60       7596     836459   Grand Totals
     20962       1164        518         60       7596     836459   ELF Image Totals
     20962       1164        518         60          0          0   ROM Totals

==============================================================================

    Total RO  Size (Code + RO Data)                21480 (  20.98kB)
    Total RW  Size (RW Data + ZI Data)              7656 (   7.48kB)
    Total ROM Size (Code + RO Data + RW Data)      21540 (  21.04kB)

==============================================================================

