Component: ARM Compiler 5.06 update 7 (build 960) Tool: armlink [4d3601]

==============================================================================

Section Cross References

    startup_stm32f407xx.o(STACK) refers (Special) to heapauxi.o(.text) for __use_two_region_memory
    startup_stm32f407xx.o(HEAP) refers (Special) to heapauxi.o(.text) for __use_two_region_memory
    startup_stm32f407xx.o(RESET) refers (Special) to heapauxi.o(.text) for __use_two_region_memory
    startup_stm32f407xx.o(RESET) refers to startup_stm32f407xx.o(STACK) for __initial_sp
    startup_stm32f407xx.o(RESET) refers to startup_stm32f407xx.o(.text) for Reset_Handler
    startup_stm32f407xx.o(RESET) refers to stm32f4xx_it.o(i.NMI_Handler) for NMI_Handler
    startup_stm32f407xx.o(RESET) refers to stm32f4xx_it.o(i.HardFault_Handler) for HardFault_Handler
    startup_stm32f407xx.o(RESET) refers to stm32f4xx_it.o(i.MemManage_Handler) for MemManage_Handler
    startup_stm32f407xx.o(RESET) refers to stm32f4xx_it.o(i.BusFault_Handler) for BusFault_Handler
    startup_stm32f407xx.o(RESET) refers to stm32f4xx_it.o(i.UsageFault_Handler) for UsageFault_Handler
    startup_stm32f407xx.o(RESET) refers to stm32f4xx_it.o(i.SVC_Handler) for SVC_Handler
    startup_stm32f407xx.o(RESET) refers to stm32f4xx_it.o(i.DebugMon_Handler) for DebugMon_Handler
    startup_stm32f407xx.o(RESET) refers to stm32f4xx_it.o(i.PendSV_Handler) for PendSV_Handler
    startup_stm32f407xx.o(RESET) refers to stm32f4xx_it.o(i.SysTick_Handler) for SysTick_Handler
    startup_stm32f407xx.o(RESET) refers to stm32f4xx_it.o(i.TIM2_IRQHandler) for TIM2_IRQHandler
    startup_stm32f407xx.o(RESET) refers to stm32f4xx_it.o(i.TIM4_IRQHandler) for TIM4_IRQHandler
    startup_stm32f407xx.o(RESET) refers to stm32f4xx_it.o(i.USART1_IRQHandler) for USART1_IRQHandler
    startup_stm32f407xx.o(RESET) refers to stm32f4xx_it.o(i.TIM5_IRQHandler) for TIM5_IRQHandler
    startup_stm32f407xx.o(RESET) refers to stm32f4xx_it.o(i.DMA2_Stream2_IRQHandler) for DMA2_Stream2_IRQHandler
    startup_stm32f407xx.o(RESET) refers to stm32f4xx_it.o(i.DMA2_Stream7_IRQHandler) for DMA2_Stream7_IRQHandler
    startup_stm32f407xx.o(.text) refers (Special) to heapauxi.o(.text) for __use_two_region_memory
    startup_stm32f407xx.o(.text) refers to system_stm32f4xx.o(i.SystemInit) for SystemInit
    startup_stm32f407xx.o(.text) refers to __main.o(!!!main) for __main
    startup_stm32f407xx.o(.text) refers to startup_stm32f407xx.o(HEAP) for Heap_Mem
    startup_stm32f407xx.o(.text) refers to startup_stm32f407xx.o(STACK) for Stack_Mem
    network.o(i.net_poll) refers to network.o(i.packet_receive) for packet_receive
    w5500.o(i.disconnect_socket) refers to w5500.o(i.w5500_write_reg) for w5500_write_reg
    w5500.o(i.get_read_pointer) refers to w5500.o(i.w5500_read_reg) for w5500_read_reg
    w5500.o(i.get_size_rx) refers to w5500.o(i.w5500_read_reg) for w5500_read_reg
    w5500.o(i.get_socket_status) refers to w5500.o(i.w5500_read_reg) for w5500_read_reg
    w5500.o(i.get_write_pointer) refers to w5500.o(i.w5500_read_reg) for w5500_read_reg
    w5500.o(i.listen_socket) refers to w5500.o(i.w5500_write_reg) for w5500_write_reg
    w5500.o(i.open_socket) refers to w5500.o(i.w5500_write_reg) for w5500_write_reg
    w5500.o(i.recv_socket) refers to w5500.o(i.w5500_write_reg) for w5500_write_reg
    w5500.o(i.send_socket) refers to w5500.o(i.w5500_write_reg) for w5500_write_reg
    w5500.o(i.set_read_pointer) refers to w5500.o(i.w5500_write_reg) for w5500_write_reg
    w5500.o(i.set_sock_port) refers to w5500.o(i.w5500_write_reg) for w5500_write_reg
    w5500.o(i.set_write_pointer) refers to w5500.o(i.w5500_write_reg) for w5500_write_reg
    w5500.o(i.socket_closed_wait) refers to w5500.o(i.w5500_read_reg) for w5500_read_reg
    w5500.o(i.socket_init_wait) refers to w5500.o(i.w5500_read_reg) for w5500_read_reg
    w5500.o(i.socket_listen_wait) refers to w5500.o(i.w5500_read_reg) for w5500_read_reg
    w5500.o(i.w5500_hardware_rst) refers to stm32f4xx_hal_gpio.o(i.HAL_GPIO_WritePin) for HAL_GPIO_WritePin
    w5500.o(i.w5500_hardware_rst) refers to stm32f4xx_hal.o(i.HAL_Delay) for HAL_Delay
    w5500.o(i.w5500_hardware_rst) refers to w5500.o(.data) for w5500_1_ptr
    w5500.o(i.w5500_ini) refers to w5500.o(i.w5500_soft_rst) for w5500_soft_rst
    w5500.o(i.w5500_ini) refers to w5500.o(i.w5500_set_mac_addr) for w5500_set_mac_addr
    w5500.o(i.w5500_ini) refers to w5500.o(i.w5500_set_ip_gate_addr) for w5500_set_ip_gate_addr
    w5500.o(i.w5500_ini) refers to w5500.o(i.w5500_set_ipmask) for w5500_set_ipmask
    w5500.o(i.w5500_ini) refers to w5500.o(i.w5500_set_ipaddr) for w5500_set_ipaddr
    w5500.o(i.w5500_ini) refers to w5500.o(i.set_sock_port) for set_sock_port
    w5500.o(i.w5500_ini) refers to w5500.o(i.open_socket) for open_socket
    w5500.o(i.w5500_ini) refers to w5500.o(i.socket_init_wait) for socket_init_wait
    w5500.o(i.w5500_ini) refers to w5500.o(i.listen_socket) for listen_socket
[...]
    $v0                                      0x0800810a   Number         0  fnaninf.o(x$fpl$fnaninf)
    x$fpl$fpinit                             0x08008196   Section       10  fpinit.o(x$fpl$fpinit)
    $v0                                      0x08008196   Number         0  fpinit.o(x$fpl$fpinit)
    x$fpl$fretinf                            0x080081a0   Section       10  fretinf.o(x$fpl$fretinf)
    $v0                                      0x080081a0   Number         0  fretinf.o(x$fpl$fretinf)
    x$fpl$retnan                             0x080081aa   Section      100  retnan.o(x$fpl$retnan)
    $v0                                      0x080081aa   Number         0  retnan.o(x$fpl$retnan)
    x$fpl$scalbn                             0x0800820e   Section       92  scalbn.o(x$fpl$scalbn)
    $v0                                      0x0800820e   Number         0  scalbn.o(x$fpl$scalbn)
    x$fpl$trapveneer                         0x0800826a   Section       48  trapv.o(x$fpl$trapveneer)
    $v0                                      0x0800826a   Number         0  trapv.o(x$fpl$trapveneer)
    .constdata                               0x0800829a   Section        8  stm32f4xx_hal_dma.o(.constdata)
    x$fpl$usenofp                            0x0800829a   Section        0  usenofp.o(x$fpl$usenofp)
    flagBitshiftOffset                       0x0800829a   Data           8  stm32f4xx_hal_dma.o(.constdata)
    .constdata                               0x080082a2   Section       24  system_stm32f4xx.o(.constdata)
    .constdata                               0x080082c0   Section       56  log.o(.constdata)
    Lg2                                      0x080082c0   Data          24  log.o(.constdata)
    Lg                                       0x080082d8   Data          32  log.o(.constdata)
    .constdata                               0x080082f8   Section      136  pow.o(.constdata)
    bp                                       0x080082f8   Data          16  pow.o(.constdata)
    dp_h                                     0x08008308   Data          16  pow.o(.constdata)
    dp_l                                     0x08008318   Data          16  pow.o(.constdata)
    L                                        0x08008328   Data          48  pow.o(.constdata)
    P                                        0x08008358   Data          40  pow.o(.constdata)
    .constdata                               0x08008380   Section        8  qnan.o(.constdata)
    .data                                    0x20000000   Section        8  w5500.o(.data)
    .data                                    0x20000008   Section        4  modbus.o(.data)
    .data                                    0x2000000c   Section       36  eeprom.o(.data)
    .data                                    0x20000030   Section        7  ds3231_rtc.o(.data)
    .data                                    0x20000038   Section       68  bmp180.o(.data)
    .data                                    0x2000007c   Section        2  main.o(.data)
    .data                                    0x20000080   Section        9  stm32f4xx_hal.o(.data)
    .data                                    0x2000008c   Section        4  system_stm32f4xx.o(.data)
    .bss                                     0x20000090   Section     4480  w5500.o(.bss)
    .bss                                     0x20001210   Section     3100  modbus.o(.bss)
    .bss                                     0x20001e2c   Section      110  eeprom.o(.bss)
    .bss                                     0x20001e9c   Section     1032  main.o(.bss)
    .bss                                     0x200022a4   Section       96  libspace.o(.bss)
    HEAP                                     0x20002308   Section      512  startup_stm32f407xx.o(HEAP)
    Heap_Mem                                 0x20002308   Data         512  startup_stm32f407xx.o(HEAP)
    STACK                                    0x20002508   Section     1024  startup_stm32f407xx.o(STACK)
    Stack_Mem                                0x20002508   Data        1024  startup_stm32f407xx.o(STACK)
    __initial_sp                             0x20002908   Data           0  startup_stm32f407xx.o(STACK)

    Global Symbols

    Symbol Name                              Value     Ov Type        Size  Object(Section)

    BuildAttributes$$THM_ISAv4$E$P$D$K$B$S$7EM$VFPi3$EXTD16$VFPS$VFMA$PE$A:L22UL41UL21$X:L11$S22US41US21$IEEE1$IW$USESV6$~STKCKD$USESV7$~SHL$OTIME$ROPI$IEEEX$EBA8$UX$STANDARDLIB$REQ8$PRES8$EABIv2 0x00000000   Number         0  anon$$obj.o ABSOLUTE
    __ARM_use_no_argv                        0x00000000   Number         0  main.o ABSOLUTE
    __ARM_exceptions_init                     - Undefined Weak Reference
    __alloca_initialize                       - Undefined Weak Reference
    __arm_fini_                               - Undefined Weak Reference
    __arm_preinit_                            - Undefined Weak Reference
    __cpp_initialize__aeabi_                  - Undefined Weak Reference
    __cxa_finalize                            - Undefined Weak Reference
    __rt_locale                               - Undefined Weak Reference
    __sigvec_lookup                           - Undefined Weak Reference
    _atexit_init                              - Undefined Weak Reference
    _call_atexit_fns                          - Undefined Weak Reference
    _clock_init                               - Undefined Weak Reference
    _fp_trap_init                             - Undefined Weak Reference
    _fp_trap_shutdown                         - Undefined Weak Reference
    _get_lc_collate                           - Undefined Weak Reference
    _get_lc_ctype                             - Undefined Weak Reference
    _get_lc_monetary                          - Undefined Weak Reference
    _get_lc_numeric                           - Undefined Weak Reference
    _get_lc_time                              - Undefined Weak Reference
    _getenv_init                              - Undefined Weak Reference
    _handle_redirection                       - Undefined Weak Reference
    _init_alloc                               - Undefined Weak Reference
    _init_user_alloc                          - Undefined Weak Reference
    _initio                                   - Undefined Weak Reference
    _rand_init                                - Undefined Weak Reference
    _signal_finish                            - Undefined Weak Reference
    _signal_init                              - Undefined Weak Reference
    _terminate_alloc                          - Undefined Weak Reference
    _terminate_user_alloc                     - Undefined Weak Reference
    _terminateio                              - Undefined Weak Reference
    __Vectors_Size                           0x00000188   Number         0  startup_stm32f407xx.o ABSOLUTE
    __Vectors                                0x08000000   Data           4  startup_stm32f407xx.o(RESET)
    __Vectors_End                            0x08000188   Data           0  startup_stm32f407xx.o(RESET)
    __main                                   0x08000189   Thumb Code     8  __main.o(!!!main)
    __scatterload                            0x08000191   Thumb Code     0  __scatter.o(!!!scatter)
    __scatterload_rt2                        0x08000191   Thumb Code    44  __scatter.o(!!!scatter)
    __scatterload_rt2_thumb_only             0x08000191   Thumb Code     0  __scatter.o(!!!scatter)
    __scatterload_null                       0x0800019f   Thumb Code     0  __scatter.o(!!!scatter)
    __scatterload_copy                       0x080001c5   Thumb Code    26  __scatter_copy.o(!!handler_copy)
    __scatterload_zeroinit                   0x080001e1   Thumb Code    28  __scatter_zi.o(!!handler_zi)
    __rt_lib_init                            0x080001fd   Thumb Code     0  libinit.o(.ARM.Collect$$libinit$$00000000)
    __rt_lib_init_fp_1                       0x080001ff   Thumb Code     0  libinit2.o(.ARM.Collect$$libinit$$00000001)
    __rt_lib_init_alloca_1                   0x08000203   Thumb Code     0  libinit2.o(.ARM.Collect$$libinit$$0000002E)
    __rt_lib_init_argv_1                     0x08000203   Thumb Code     0  libinit2.o(.ARM.Collect$$libinit$$0000002C)
    __rt_lib_init_atexit_1                   0x08000203   Thumb Code     0  libinit2.o(.ARM.Collect$$libinit$$0000001B)
    __rt_lib_init_clock_1                    0x08000203   Thumb Code     0  libinit2.o(.ARM.Collect$$libinit$$00000021)
    __rt_lib_init_cpp_1                      0x08000203   Thumb Code     0  libinit2.o(.ARM.Collect$$libinit$$00000032)
    __rt_lib_init_exceptions_1               0x08000203   Thumb Code     0  libinit2.o(.ARM.Collect$$libinit$$00000030)
    __rt_lib_init_fp_trap_1                  0x08000203   Thumb Code     0  libinit2.o(.ARM.Collect$$libinit$$0000001F)
    __rt_lib_init_getenv_1                   0x08000203   Thumb Code     0  libinit2.o(.ARM.Collect$$libinit$$00000023)
    __rt_lib_init_heap_1                     0x08000203   Thumb Code     0  libinit2.o(.ARM.Collect$$libinit$$0000000A)
    __rt_lib_init_lc_collate_1               0x08000203   Thumb Code     0  libinit2.o(.ARM.Collect$$libinit$$00000011)
    __rt_lib_init_lc_ctype_1                 0x08000203   Thumb Code     0  libinit2.o(.ARM.Collect$$libinit$$00000013)
    __rt_lib_init_lc_monetary_1              0x08000203   Thumb Code     0  libinit2.o(.ARM.Collect$$libinit$$00000015)
    __rt_lib_init_lc_numeric_1               0x08000203   Thumb Code     0  libinit2.o(.ARM.Collect$$libinit$$00000017)
    __rt_lib_init_lc_time_1                  0x08000203   Thumb Code     0  libinit2.o(.ARM.Collect$$libinit$$00000019)
    __rt_lib_init_preinit_1                  0x08000203   Thumb Code     0  libinit2.o(.ARM.Collect$$libinit$$00000004)
    __rt_lib_init_rand_1                     0x08000203   Thumb Code     0  libinit2.o(.ARM.Collect$$libinit$$0000000E)
    __rt_lib_init_return                     0x08000203   Thumb Code     0  libinit2.o(.ARM.Collect$$libinit$$00000033)
    __rt_lib_init_signal_1                   0x08000203   Thumb Code     0  libinit2.o(.ARM.Collect$$libinit$$0000001D)
    __rt_lib_init_stdio_1                    0x08000203   Thumb Code     0  libinit2.o(.ARM.Collect$$libinit$$00000025)
    __rt_lib_init_user_alloc_1               0x08000203   Thumb Code     0  libinit2.o(.ARM.Collect$$libinit$$0000000C)
    __rt_lib_shutdown                        0x08000205   Thumb Code     0  libshutdown.o(.ARM.Collect$$libshutdown$$00000000)
    __rt_lib_shutdown_cpp_1                  0x08000207   Thumb Code     0  libshutdown2.o(.ARM.Collect$$libshutdown$$00000004)
    __rt_lib_shutdown_fini_1                 0x08000207   Thumb Code     0  libshutdown2.o(.ARM.Collect$$libshutdown$$00000002)
    __rt_lib_shutdown_fp_trap_1              0x08000207   Thumb Code     0  libshutdown2.o(.ARM.Collect$$libshutdown$$00000009)
    __rt_lib_shutdown_heap_1                 0x08000207   Thumb Code     0  libshutdown2.o(.ARM.Collect$$libshutdown$$00000011)
    __rt_lib_shutdown_return                 0x08000207   Thumb Code     0  libshutdown2.o(.ARM.Collect$$libshutdown$$00000012)
    __rt_lib_shutdown_signal_1               0x08000207   Thumb Code     0  libshutdown2.o(.ARM.Collect$$libshutdown$$0000000C)
    __rt_lib_shutdown_stdio_1                0x08000207   Thumb Code     0  libshutdown2.o(.ARM.Collect$$libshutdown$$00000006)
    __rt_lib_shutdown_user_alloc_1           0x08000207   Thumb Code     0  libshutdown2.o(.ARM.Collect$$libshutdown$$0000000E)
    __rt_entry                               0x08000209   Thumb Code     0  __rtentry.o(.ARM.Collect$$rtentry$$00000000)
    __rt_entry_presh_1                       0x08000209   Thumb Code     0  __rtentry2.o(.ARM.Collect$$rtentry$$00000002)
    __rt_entry_sh                            0x08000209   Thumb Code     0  __rtentry4.o(.ARM.Collect$$rtentry$$00000004)
    __rt_entry_li                            0x0800020f   Thumb Code     0  __rtentry2.o(.ARM.Collect$$rtentry$$0000000A)
    __rt_entry_postsh_1                      0x0800020f   Thumb Code     0  __rtentry2.o(.ARM.Collect$$rtentry$$00000009)
    __rt_entry_main                          0x08000213   Thumb Code     0  __rtentry2.o(.ARM.Collect$$rtentry$$0000000D)
    __rt_entry_postli_1                      0x08000213   Thumb Code     0  __rtentry2.o(.ARM.Collect$$rtentry$$0000000C)
    __rt_exit                                0x0800021b   Thumb Code     0  rtexit.o(.ARM.Collect$$rtexit$$00000000)
    __rt_exit_ls                             0x0800021d   Thumb Code     0  rtexit2.o(.ARM.Collect$$rtexit$$00000003)
    __rt_exit_prels_1                        0x0800021d   Thumb Code     0  rtexit2.o(.ARM.Collect$$rtexit$$00000002)
    __rt_exit_exit                           0x08000221   Thumb Code     0  rtexit2.o(.ARM.Collect$$rtexit$$00000004)
    Reset_Handler                            0x08000229   Thumb Code     8  startup_stm32f407xx.o(.text)
    ADC_IRQHandler                           0x08000243   Thumb Code     0  startup_stm32f407xx.o(.text)
    CAN1_RX0_IRQHandler                      0x08000243   Thumb Code     0  startup_stm32f407xx.o(.text)
    CAN1_RX1_IRQHandler                      0x08000243   Thumb Code     0  startup_stm32f407xx.o(.text)
    CAN1_SCE_IRQHandler                      0x08000243   Thumb Code     0  startup_stm32f407xx.o(.text)
    CAN1_TX_IRQHandler                       0x08000243   Thumb Code     0  startup_stm32f407xx.o(.text)
    CAN2_RX0_IRQHandler                      0x08000243   Thumb Code     0  startup_stm32f407xx.o(.text)
    CAN2_RX1_IRQHandler                      0x08000243   Thumb Code     0  startup_stm32f407xx.o(.text)
    CAN2_SCE_IRQHandler                      0x08000243   Thumb Code     0  startup_stm32f407xx.o(.text)
    CAN2_TX_IRQHandler                       0x08000243   Thumb Code     0  startup_stm32f407xx.o(.text)
    DCMI_IRQHandler                          0x08000243   Thumb Code     0  startup_stm32f407xx.o(.text)
    DMA1_Stream0_IRQHandler                  0x08000243   Thumb Code     0  startup_stm32f407xx.o(.text)
    DMA1_Stream1_IRQHandler                  0x08000243   Thumb Code     0  startup_stm32f407xx.o(.text)
    DMA1_Stream2_IRQHandler                  0x08000243   Thumb Code     0  startup_stm32f407xx.o(.text)
    DMA1_Stream3_IRQHandler                  0x08000243   Thumb Code     0  startup_stm32f407xx.o(.text)
    DMA1_Stream4_IRQHandler                  0x08000243   Thumb Code     0  startup_stm32f407xx.o(.text)
    DMA1_Stream5_IRQHandler                  0x08000243   Thumb Code     0  startup_stm32f407xx.o(.text)
    DMA1_Stream6_IRQHandler                  0x08000243   Thumb Code     0  startup_stm32f407xx.o(.text)
    DMA1_Stream7_IRQHandler                  0x08000243   Thumb Code     0  startup_stm32f407xx.o(.text)
    DMA2_Stream0_IRQHandler                  0x08000243   Thumb Code     0  startup_stm32f407xx.o(.text)
    DMA2_Stream1_IRQHandler                  0x08000243   Thumb Code     0  startup_stm32f407xx.o(.text)
    DMA2_Stream3_IRQHandler                  0x08000243   Thumb Code     0  startup_stm32f407xx.o(.text)
    DMA2_Stream4_IRQHandler                  0x08000243   Thumb Code     0  startup_stm32f407xx.o(.text)
    DMA2_Stream5_IRQHandler                  0x08000243   Thumb Code     0  startup_stm32f407xx.o(.text)
    DMA2_Stream6_IRQHandler                  0x08000243   Thumb Code     0  startup_stm32f407xx.o(.text)
    ETH_IRQHandler                           0x08000243   Thumb Code     0  startup_stm32f407xx.o(.text)
    ETH_WKUP_IRQHandler                      0x08000243   Thumb Code     0  startup_stm32f407xx.o(.text)
    EXTI0_IRQHandler                         0x08000243   Thumb Code     0  startup_stm32f407xx.o(.text)
    EXTI15_10_IRQHandler                     0x08000243   Thumb Code     0  startup_stm32f407xx.o(.text)
    EXTI1_IRQHandler                         0x08000243   Thumb Code     0  startup_stm32f407xx.o(.text)
    EXTI2_IRQHandler                         0x08000243   Thumb Code     0  startup_stm32f407xx.o(.text)
    EXTI3_IRQHandler                         0x08000243   Thumb Code     0  startup_stm32f407xx.o(.text)
    EXTI4_IRQHandler                         0x08000243   Thumb Code     0  startup_stm32f407xx.o(.text)
    EXTI9_5_IRQHandler                       0x08000243   Thumb Code     0  startup_stm32f407xx.o(.text)
    FLASH_IRQHandler                         0x08000243   Thumb Code     0  startup_stm32f407xx.o(.text)
    FMC_IRQHandler                           0x08000243   Thumb Code     0  startup_stm32f407xx.o(.text)
    FPU_IRQHandler                           0x08000243   Thumb Code     0  startup_stm32f407xx.o(.text)
    HASH_RNG_IRQHandler                      0x08000243   Thumb Code     0  startup_stm32f407xx.o(.text)
    I2C1_ER_IRQHandler                       0x08000243   Thumb Code     0  startup_stm32f407xx.o(.text)
    I2C1_EV_IRQHandler                       0x08000243   Thumb Code     0  startup_stm32f407xx.o(.text)
    I2C2_ER_IRQHandler                       0x08000243   Thumb Code     0  startup_stm32f407xx.o(.text)
    I2C2_EV_IRQHandler                       0x08000243   Thumb Code     0  startup_stm32f407xx.o(.text)
    I2C3_ER_IRQHandler                       0x08000243   Thumb Code     0  startup_stm32f407xx.o(.text)
    I2C3_EV_IRQHandler                       0x08000243   Thumb Code     0  startup_stm32f407xx.o(.text)
    OTG_FS_IRQHandler                        0x08000243   Thumb Code     0  startup_stm32f407xx.o(.text)
    OTG_FS_WKUP_IRQHandler                   0x08000243   Thumb Code     0  startup_stm32f407xx.o(.text)
    OTG_HS_EP1_IN_IRQHandler                 0x08000243   Thumb Code     0  startup_stm32f407xx.o(.text)
    OTG_HS_EP1_OUT_IRQHandler                0x08000243   Thumb Code     0  startup_stm32f407xx.o(.text)
    OTG_HS_IRQHandler                        0x08000243   Thumb Code     0  startup_stm32f407xx.o(.text)
    OTG_HS_WKUP_IRQHandler                   0x08000243   Thumb Code     0  startup_stm32f407xx.o(.text)
    PVD_IRQHandler                           0x08000243   Thumb Code     0  startup_stm32f407xx.o(.text)
    RCC_IRQHandler                           0x08000243   Thumb Code     0  startup_stm32f407xx.o(.text)
    RTC_Alarm_IRQHandler                     0x08000243   Thumb Code     0  startup_stm32f407xx.o(.text)
    RTC_WKUP_IRQHandler                      0x08000243   Thumb Code     0  startup_stm32f407xx.o(.text)
    SDIO_IRQHandler                          0x08000243   Thumb Code     0  startup_stm32f407xx.o(.text)
    SPI1_IRQHandler                          0x08000243   Thumb Code     0  startup_stm32f407xx.o(.text)
    SPI2_IRQHandler                          0x08000243   Thumb Code     0  startup_stm32f407xx.o(.text)
    SPI3_IRQHandler                          0x08000243   Thumb Code     0  startup_stm32f407xx.o(.text)
    TAMP_STAMP_IRQHandler                    0x08000243   Thumb Code     0  startup_stm32f407xx.o(.text)
    TIM1_BRK_TIM9_IRQHandler                 0x08000243   Thumb Code     0  startup_stm32f407xx.o(.text)
    TIM1_CC_IRQHandler                       0x08000243   Thumb Code     0  startup_stm32f407xx.o(.text)
    TIM1_TRG_COM_TIM11_IRQHandler            0x08000243   Thumb Code     0  startup_stm32f407xx.o(.text)
    TIM1_UP_TIM10_IRQHandler                 0x08000243   Thumb Code     0  startup_stm32f407xx.o(.text)
    TIM3_IRQHandler                          0x08000243   Thumb Code     0  startup_stm32f407xx.o(.text)
    TIM6_DAC_IRQHandler                      0x08000243   Thumb Code     0  startup_stm32f407xx.o(.text)
    TIM7_IRQHandler                          0x08000243   Thumb Code     0  startup_stm32f407xx.o(.text)
    TIM8_BRK_TIM12_IRQHandler                0x08000243   Thumb Code     0  startup_stm32f407xx.o(.text)
    TIM8_CC_IRQHandler                       0x08000243   Thumb Code     0  startup_stm32f407xx.o(.text)
    TIM8_TRG_COM_TIM14_IRQHandler            0x08000243   Thumb Code     0  startup_stm32f407xx.o(.text)
    TIM8_UP_TIM13_IRQHandler                 0x08000243   Thumb Code     0  startup_stm32f407xx.o(.text)
    UART4_IRQHandler                         0x08000243   Thumb Code     0  startup_stm32f407xx.o(.text)
    UART5_IRQHandler                         0x08000243   Thumb Code     0  startup_stm32f407xx.o(.text)
    USART2_IRQHandler                        0x08000243   Thumb Code     0  startup_stm32f407xx.o(.text)
    USART3_IRQHandler                        0x08000243   Thumb Code     0  startup_stm32f407xx.o(.text)
    USART6_IRQHandler                        0x08000243   Thumb Code     0  startup_stm32f407xx.o(.text)
    WWDG_IRQHandler                          0x08000243   Thumb Code     0  startup_stm32f407xx.o(.text)
    __user_initial_stackheap                 0x08000245   Thumb Code     0  startup_stm32f407xx.o(.text)
    __aeabi_uldivmod                         0x08000269   Thumb Code     0  lludivv7m.o(.text)
    _ll_udiv                                 0x08000269   Thumb Code   238  lludivv7m.o(.text)
    __aeabi_memcpy                           0x08000357   Thumb Code     0  rt_memcpy_v6.o(.text)
    __rt_memcpy                              0x08000357   Thumb Code   138  rt_memcpy_v6.o(.text)
    _memcpy_lastbytes                        0x080003bd   Thumb Code     0  rt_memcpy_v6.o(.text)
    __aeabi_memcpy4                          0x080003e1   Thumb Code     0  rt_memcpy_w.o(.text)
    __aeabi_memcpy8                          0x080003e1   Thumb Code     0  rt_memcpy_w.o(.text)
    __rt_memcpy_w                            0x080003e1   Thumb Code   100  rt_memcpy_w.o(.text)
    _memcpy_lastbytes_aligned                0x08000429   Thumb Code     0  rt_memcpy_w.o(.text)
    __aeabi_memset                           0x08000445   Thumb Code    16  aeabi_memset.o(.text)
    __aeabi_memclr4                          0x08000455   Thumb Code     0  rt_memclr_w.o(.text)
    __aeabi_memclr8                          0x08000455   Thumb Code     0  rt_memclr_w.o(.text)
    __rt_memclr_w                            0x08000455   Thumb Code    78  rt_memclr_w.o(.text)
    _memset_w                                0x08000459   Thumb Code     0  rt_memclr_w.o(.text)
    strncpy                                  0x080004a3   Thumb Code    86  strncpy.o(.text)
    __use_two_region_memory                  0x080004f9   Thumb Code     2  heapauxi.o(.text)
    __rt_heap_escrow$2region                 0x080004fb   Thumb Code     2  heapauxi.o(.text)
    __rt_heap_expand$2region                 0x080004fd   Thumb Code     2  heapauxi.o(.text)
    __read_errno                             0x080004ff   Thumb Code    10  _rserrno.o(.text)
    __set_errno                              0x08000509   Thumb Code    12  _rserrno.o(.text)
    __aeabi_memclr                           0x08000515   Thumb Code     0  rt_memclr.o(.text)
    __rt_memclr                              0x08000515   Thumb Code    68  rt_memclr.o(.text)
    _memset                                  0x08000519   Thumb Code     0  rt_memclr.o(.text)
    __aeabi_errno_addr                       0x08000559   Thumb Code     8  rt_errno_addr_intlibspace.o(.text)
    __errno$intlibspace                      0x08000559   Thumb Code     0  rt_errno_addr_intlibspace.o(.text)
    __rt_errno_addr$intlibspace              0x08000559   Thumb Code     0  rt_errno_addr_intlibspace.o(.text)
    __user_libspace                          0x08000561   Thumb Code     8  libspace.o(.text)
    __user_perproc_libspace                  0x08000561   Thumb Code     0  libspace.o(.text)
    __user_perthread_libspace                0x08000561   Thumb Code     0  libspace.o(.text)
    __user_setup_stackheap                   0x08000569   Thumb Code    74  sys_stackheap_outer.o(.text)
    exit                                     0x080005b3   Thumb Code    18  exit.o(.text)
    _sys_exit                                0x080005c5   Thumb Code     8  sys_exit.o(.text)
    __I$use$semihosting                      0x080005d1   Thumb Code     0  use_no_semi.o(.text)
    __use_no_semihosting_swi                 0x080005d1   Thumb Code     2  use_no_semi.o(.text)
    BusFault_Handler                         0x080005d3   Thumb Code     4  stm32f4xx_it.o(i.BusFault_Handler)
    __semihosting_library_function           0x080005d3   Thumb Code     0  indicate_semi.o(.text)
    DMA2_Stream2_IRQHandler                  0x080005d9   Thumb Code    10  stm32f4xx_it.o(i.DMA2_Stream2_IRQHandler)
    DMA2_Stream7_IRQHandler                  0x080005e9   Thumb Code    10  stm32f4xx_it.o(i.DMA2_Stream7_IRQHandler)
    DebugMon_Handler                         0x080006d7   Thumb Code     2  stm32f4xx_it.o(i.DebugMon_Handler)
    Error_Handler                            0x080006d9   Thumb Code     6  main.o(i.Error_Handler)
    HAL_DMA_Abort                            0x080006df   Thumb Code   172  stm32f4xx_hal_dma.o(i.HAL_DMA_Abort)
    HAL_DMA_Abort_IT                         0x0800078b   Thumb Code    40  stm32f4xx_hal_dma.o(i.HAL_DMA_Abort_IT)
    HAL_DMA_IRQHandler                       0x080007b5   Thumb Code   570  stm32f4xx_hal_dma.o(i.HAL_DMA_IRQHandler)
    HAL_DMA_Init                             0x080009f5   Thumb Code   232  stm32f4xx_hal_dma.o(i.HAL_DMA_Init)
    HAL_Delay                                0x08000ae1   Thumb Code    36  stm32f4xx_hal.o(i.HAL_Delay)
    HAL_GPIO_Init                            0x08000b09   Thumb Code   454  stm32f4xx_hal_gpio.o(i.HAL_GPIO_Init)
    HAL_GPIO_ReadPin                         0x08000cfd   Thumb Code    16  stm32f4xx_hal_gpio.o(i.HAL_GPIO_ReadPin)
    HAL_GPIO_TogglePin                       0x08000d0d   Thumb Code    20  stm32f4xx_hal_gpio.o(i.HAL_GPIO_TogglePin)
    HAL_GPIO_WritePin                        0x08000d21   Thumb Code    12  stm32f4xx_hal_gpio.o(i.HAL_GPIO_WritePin)
    HAL_GetTick                              0x08000d2d   Thumb Code     6  stm32f4xx_hal.o(i.HAL_GetTick)
    HAL_I2C_Init                             0x08000d39   Thumb Code   446  stm32f4xx_hal_i2c.o(i.HAL_I2C_Init)
    HAL_I2C_Mem_Read                         0x08000f09   Thumb Code   744  stm32f4xx_hal_i2c.o(i.HAL_I2C_Mem_Read)
    HAL_I2C_Mem_Write                        0x080011fd   Thumb Code   348  stm32f4xx_hal_i2c.o(i.HAL_I2C_Mem_Write)
    HAL_I2C_MspInit                          0x08001361   Thumb Code   122  stm32f4xx_hal_msp.o(i.HAL_I2C_MspInit)
    HAL_IncTick                              0x080013e9   Thumb Code    16  stm32f4xx_hal.o(i.HAL_IncTick)
    HAL_Init                                 0x08001401   Thumb Code    54  stm32f4xx_hal.o(i.HAL_Init)
    HAL_InitTick                             0x0800143d   Thumb Code    64  stm32f4xx_hal.o(i.HAL_InitTick)
    HAL_MspInit                              0x08001489   Thumb Code    68  stm32f4xx_hal_msp.o(i.HAL_MspInit)
    HAL_NVIC_EnableIRQ                       0x080014d1   Thumb Code    32  stm32f4xx_hal_cortex.o(i.HAL_NVIC_EnableIRQ)
    HAL_NVIC_SetPriority                     0x080014f1   Thumb Code   124  stm32f4xx_hal_cortex.o(i.HAL_NVIC_SetPriority)
    HAL_NVIC_SetPriorityGrouping             0x0800156d   Thumb Code    32  stm32f4xx_hal_cortex.o(i.HAL_NVIC_SetPriorityGrouping)
    HAL_RCC_ClockConfig                      0x08001595   Thumb Code   368  stm32f4xx_hal_rcc.o(i.HAL_RCC_ClockConfig)
    HAL_RCC_GetHCLKFreq                      0x08001719   Thumb Code     6  stm32f4xx_hal_rcc.o(i.HAL_RCC_GetHCLKFreq)
    HAL_RCC_GetPCLK1Freq                     0x08001725   Thumb Code    22  stm32f4xx_hal_rcc.o(i.HAL_RCC_GetPCLK1Freq)
    HAL_RCC_GetPCLK2Freq                     0x08001745   Thumb Code    22  stm32f4xx_hal_rcc.o(i.HAL_RCC_GetPCLK2Freq)
    HAL_RCC_GetSysClockFreq                  0x08001765   Thumb Code   162  stm32f4xx_hal_rcc.o(i.HAL_RCC_GetSysClockFreq)
    HAL_RCC_OscConfig                        0x08001815   Thumb Code  1172  stm32f4xx_hal_rcc.o(i.HAL_RCC_OscConfig)
    HAL_SPI_Init                             0x08001cb1   Thumb Code   200  stm32f4xx_hal_spi.o(i.HAL_SPI_Init)
    HAL_SPI_MspInit                          0x08001d79   Thumb Code   404  stm32f4xx_hal_msp.o(i.HAL_SPI_MspInit)
    HAL_SPI_Receive                          0x08001f29   Thumb Code   368  stm32f4xx_hal_spi.o(i.HAL_SPI_Receive)
    HAL_SPI_Transmit                         0x08002099   Thumb Code   430  stm32f4xx_hal_spi.o(i.HAL_SPI_Transmit)
    HAL_SPI_TransmitReceive                  0x08002247   Thumb Code   554  stm32f4xx_hal_spi.o(i.HAL_SPI_TransmitReceive)
    HAL_SYSTICK_Config                       0x08002471   Thumb Code    52  stm32f4xx_hal_cortex.o(i.HAL_SYSTICK_Config)
    HAL_TIMEx_BreakCallback                  0x080024a5   Thumb Code     2  stm32f4xx_hal_tim_ex.o(i.HAL_TIMEx_BreakCallback)
    HAL_TIMEx_CommutCallback                 0x080024a7   Thumb Code     2  stm32f4xx_hal_tim_ex.o(i.HAL_TIMEx_CommutCallback)
    HAL_TIMEx_MasterConfigSynchronization    0x080024a9   Thumb Code   150  stm32f4xx_hal_tim_ex.o(i.HAL_TIMEx_MasterConfigSynchronization)
    HAL_TIM_Base_Init                        0x0800255d   Thumb Code   102  stm32f4xx_hal_tim.o(i.HAL_TIM_Base_Init)
    HAL_TIM_Base_MspInit                     0x080025c5   Thumb Code   218  stm32f4xx_hal_msp.o(i.HAL_TIM_Base_MspInit)
    HAL_TIM_Base_Start                       0x080026b1   Thumb Code   126  stm32f4xx_hal_tim.o(i.HAL_TIM_Base_Start)
    HAL_TIM_Base_Start_IT                    0x0800274d   Thumb Code   138  stm32f4xx_hal_tim.o(i.HAL_TIM_Base_Start_IT)
    HAL_TIM_ConfigClockSource                0x080027f5   Thumb Code   268  stm32f4xx_hal_tim.o(i.HAL_TIM_ConfigClockSource)
    HAL_TIM_IC_CaptureCallback               0x08002901   Thumb Code     2  stm32f4xx_hal_tim.o(i.HAL_TIM_IC_CaptureCallback)
    HAL_TIM_IRQHandler                       0x08002903   Thumb Code   406  stm32f4xx_hal_tim.o(i.HAL_TIM_IRQHandler)
    HAL_TIM_OC_DelayElapsedCallback          0x08002a99   Thumb Code     2  stm32f4xx_hal_tim.o(i.HAL_TIM_OC_DelayElapsedCallback)
    HAL_TIM_PWM_PulseFinishedCallback        0x08002a9b   Thumb Code     2  stm32f4xx_hal_tim.o(i.HAL_TIM_PWM_PulseFinishedCallback)
    HAL_TIM_PeriodElapsedCallback            0x08002a9d   Thumb Code     2  stm32f4xx_hal_tim.o(i.HAL_TIM_PeriodElapsedCallback)
    HAL_TIM_TriggerCallback                  0x08002a9f   Thumb Code     2  stm32f4xx_hal_tim.o(i.HAL_TIM_TriggerCallback)
    HAL_UARTEx_RxEventCallback               0x08002aa1   Thumb Code     2  stm32f4xx_hal_uart.o(i.HAL_UARTEx_RxEventCallback)
    HAL_UART_ErrorCallback                   0x08002aa3   Thumb Code     2  stm32f4xx_hal_uart.o(i.HAL_UART_ErrorCallback)
    HAL_UART_IRQHandler                      0x08002aa5   Thumb Code   732  stm32f4xx_hal_uart.o(i.HAL_UART_IRQHandler)
    HAL_UART_Init                            0x08002d85   Thumb Code   114  stm32f4xx_hal_uart.o(i.HAL_UART_Init)
    HAL_UART_MspInit                         0x08002df9   Thumb Code   548  stm32f4xx_hal_msp.o(i.HAL_UART_MspInit)
    HAL_UART_RxCpltCallback                  0x08003045   Thumb Code     2  stm32f4xx_hal_uart.o(i.HAL_UART_RxCpltCallback)
    HAL_UART_TxCpltCallback                  0x08003047   Thumb Code     2  stm32f4xx_hal_uart.o(i.HAL_UART_TxCpltCallback)
    HardFault_Handler                        0x08003049   Thumb Code     4  stm32f4xx_it.o(i.HardFault_Handler)
    MemManage_Handler                        0x08003ad9   Thumb Code     4  stm32f4xx_it.o(i.MemManage_Handler)
    NMI_Handler                              0x08003add   Thumb Code     4  stm32f4xx_it.o(i.NMI_Handler)
    PendSV_Handler                           0x08003ae1   Thumb Code     2  stm32f4xx_it.o(i.PendSV_Handler)
    SVC_Handler                              0x08003cbd   Thumb Code     2  stm32f4xx_it.o(i.SVC_Handler)
    SysTick_Handler                          0x08003cbf   Thumb Code     8  stm32f4xx_it.o(i.SysTick_Handler)
    SystemClock_Config                       0x08003cc9   Thumb Code   170  main.o(i.SystemClock_Config)
    SystemInit                               0x08003d7d   Thumb Code    14  system_stm32f4xx.o(i.SystemInit)
    TIM2_IRQHandler                          0x08003d91   Thumb Code    28  stm32f4xx_it.o(i.TIM2_IRQHandler)
    TIM4_IRQHandler                          0x08003db9   Thumb Code    28  stm32f4xx_it.o(i.TIM4_IRQHandler)
    TIM5_IRQHandler                          0x08003de1   Thumb Code    16  stm32f4xx_it.o(i.TIM5_IRQHandler)
    TIM_Base_SetConfig                       0x08003df9   Thumb Code   170  stm32f4xx_hal_tim.o(i.TIM_Base_SetConfig)
    TIM_ETR_SetConfig                        0x08003ed1   Thumb Code    22  stm32f4xx_hal_tim.o(i.TIM_ETR_SetConfig)
    USART1_IRQHandler                        0x0800436d   Thumb Code    10  stm32f4xx_it.o(i.USART1_IRQHandler)
    UsageFault_Handler                       0x0800437d   Thumb Code     4  stm32f4xx_it.o(i.UsageFault_Handler)
    __ARM_fpclassify                         0x08004381   Thumb Code    48  fpclassify.o(i.__ARM_fpclassify)
    __hardfp_log                             0x080043e9   Thumb Code   872  log.o(i.__hardfp_log)
    __hardfp_pow                             0x080047b1   Thumb Code  3072  pow.o(i.__hardfp_pow)
    __kernel_poly                            0x08005401   Thumb Code   248  poly.o(i.__kernel_poly)
    __mathlib_dbl_divzero                    0x080054f9   Thumb Code    28  dunder.o(i.__mathlib_dbl_divzero)
    __mathlib_dbl_infnan                     0x08005529   Thumb Code    20  dunder.o(i.__mathlib_dbl_infnan)
    __mathlib_dbl_infnan2                    0x0800553d   Thumb Code    20  dunder.o(i.__mathlib_dbl_infnan2)
    __mathlib_dbl_invalid                    0x08005551   Thumb Code    24  dunder.o(i.__mathlib_dbl_invalid)
    __mathlib_dbl_overflow                   0x08005571   Thumb Code    24  dunder.o(i.__mathlib_dbl_overflow)
    __mathlib_dbl_underflow                  0x08005591   Thumb Code    24  dunder.o(i.__mathlib_dbl_underflow)
    _eeprom_read                             0x080055b1   Thumb Code   252  eeprom.o(i._eeprom_read)
    _eeprom_write                            0x080056c1   Thumb Code   258  eeprom.o(i._eeprom_write)
    binary_to_dec                            0x080057d9   Thumb Code    38  ds3231_rtc.o(i.binary_to_dec)
    bmp180_get_press                         0x08005801   Thumb Code  1260  bmp180.o(i.bmp180_get_press)
    bmp180_init                              0x08005cf9   Thumb Code     8  bmp180.o(i.bmp180_init)
    bytestowrite                             0x08005d01   Thumb Code    20  eeprom.o(i.bytestowrite)
    crc32                                    0x08005d15   Thumb Code    42  modbus.o(i.crc32)
    delay_us                                 0x08005d45   Thumb Code    22  common.o(i.delay_us)
    dht22_get_data                           0x08005d61   Thumb Code   240  dht22.o(i.dht22_get_data)
    dht22_init                               0x08005e55   Thumb Code    32  dht22.o(i.dht22_init)
    do_cmd                                   0x08005e79   Thumb Code   176  modbus.o(i.do_cmd)
    ds18b20_convert                          0x08005f3d   Thumb Code    46  ds18b20.o(i.ds18b20_convert)
    ds18b20_get_sign                         0x08005f6b   Thumb Code    16  ds18b20.o(i.ds18b20_get_sign)
    ds18b20_get_temp                         0x08005f7b   Thumb Code    80  ds18b20.o(i.ds18b20_get_temp)
    ds18b20_init                             0x08005fcb   Thumb Code    50  ds18b20.o(i.ds18b20_init)
    ds18b20_measure_temp_cmd                 0x08005ffd   Thumb Code    26  ds18b20.o(i.ds18b20_measure_temp_cmd)
    ds18b20_read_bit                         0x08006019   Thumb Code    88  ds18b20.o(i.ds18b20_read_bit)
    ds18b20_read_byte                        0x08006075   Thumb Code    30  ds18b20.o(i.ds18b20_read_byte)
    ds18b20_read_strat_cpad                  0x08006093   Thumb Code    50  ds18b20.o(i.ds18b20_read_strat_cpad)
    ds18b20_reset                            0x080060c5   Thumb Code    88  ds18b20.o(i.ds18b20_reset)
    ds18b20_write_bit                        0x08006121   Thumb Code    66  ds18b20.o(i.ds18b20_write_bit)
    ds18b20_write_byte                       0x08006169   Thumb Code    36  ds18b20.o(i.ds18b20_write_byte)
    eeprom_page_erase                        0x0800618d   Thumb Code   150  eeprom.o(i.eeprom_page_erase)
    eeprom_read                              0x08006239   Thumb Code   112  eeprom.o(i.eeprom_read)
    eeprom_write                             0x080062a9   Thumb Code   112  eeprom.o(i.eeprom_write)
    eeproms_first_ini                        0x08006319   Thumb Code   100  eeprom.o(i.eeproms_first_ini)
    fabs                                     0x080063a9   Thumb Code    24  fabs.o(i.fabs)
    fill_crc32_table                         0x080063c1   Thumb Code    48  modbus.o(i.fill_crc32_table)
    get_read_pointer                         0x080063f9   Thumb Code    54  w5500.o(i.get_read_pointer)
    get_size_rx                              0x0800642f   Thumb Code    56  w5500.o(i.get_size_rx)
    get_socket_status                        0x08006467   Thumb Code    42  w5500.o(i.get_socket_status)
    get_time                                 0x08006491   Thumb Code   118  ds3231_rtc.o(i.get_time)
    get_upress                               0x08006511   Thumb Code   152  bmp180.o(i.get_upress)
    get_write_pointer                        0x080065ad   Thumb Code    54  w5500.o(i.get_write_pointer)
    listen_socket                            0x080065e3   Thumb Code    36  w5500.o(i.listen_socket)
    main                                     0x08006609   Thumb Code  1128  main.o(i.main)
    open_socket                              0x08006a71   Thumb Code    54  w5500.o(i.open_socket)
    read_calliberation_data                  0x08006aa9   Thumb Code   236  bmp180.o(i.read_calliberation_data)
    receive_packet                           0x08006bc5   Thumb Code   240  modbus.o(i.receive_packet)
    recv_socket                              0x08006cc1   Thumb Code    34  w5500.o(i.recv_socket)
    request_reply_iteration                  0x08006ce3   Thumb Code    42  modbus.o(i.request_reply_iteration)
    send_socket                              0x08006d0d   Thumb Code    34  w5500.o(i.send_socket)
    set_pin_input                            0x08006d2f   Thumb Code    38  common.o(i.set_pin_input)
    set_pin_output                           0x08006d55   Thumb Code    38  common.o(i.set_pin_output)
    set_read_pointer                         0x08006d7b   Thumb Code    52  w5500.o(i.set_read_pointer)
    set_sock_port                            0x08006daf   Thumb Code    52  w5500.o(i.set_sock_port)
    set_write_pointer                        0x08006de3   Thumb Code    52  w5500.o(i.set_write_pointer)
    socket_init_wait                         0x08006e17   Thumb Code    46  w5500.o(i.socket_init_wait)
    socket_listen_wait                       0x08006e45   Thumb Code    46  w5500.o(i.socket_listen_wait)
    sqrt                                     0x08006e73   Thumb Code   110  sqrt.o(i.sqrt)
    transmit_packet                          0x08006ee1   Thumb Code   248  modbus.o(i.transmit_packet)
    w5500_ini                                0x08006fed   Thumb Code   126  w5500.o(i.w5500_ini)
    w5500_read_buf                           0x0800706d   Thumb Code   116  w5500.o(i.w5500_read_buf)
    w5500_read_reg                           0x080070f1   Thumb Code   132  w5500.o(i.w5500_read_reg)
    w5500_read_sock_buf                      0x08007185   Thumb Code    60  w5500.o(i.w5500_read_sock_buf)
    w5500_set_ip_gate_addr                   0x080071c1   Thumb Code    58  w5500.o(i.w5500_set_ip_gate_addr)
    w5500_set_ipaddr                         0x080071fb   Thumb Code    58  w5500.o(i.w5500_set_ipaddr)
    w5500_set_ipmask                         0x08007235   Thumb Code    58  w5500.o(i.w5500_set_ipmask)
    w5500_set_mac_addr                       0x0800726f   Thumb Code    82  w5500.o(i.w5500_set_mac_addr)
    w5500_soft_rst                           0x080072c1   Thumb Code    28  w5500.o(i.w5500_soft_rst)
    w5500_write_buf                          0x080072dd   Thumb Code   102  w5500.o(i.w5500_write_buf)
    w5500_write_reg                          0x08007355   Thumb Code   128  w5500.o(i.w5500_write_reg)
    w5500_write_sock_buf                     0x080073e5   Thumb Code    64  w5500.o(i.w5500_write_sock_buf)
    __aeabi_dneg                             0x08007425   Thumb Code     0  basic.o(x$fpl$basic)
    _dneg                                    0x08007425   Thumb Code     6  basic.o(x$fpl$basic)
    __aeabi_fneg                             0x0800742b   Thumb Code     0  basic.o(x$fpl$basic)
    _fneg                                    0x0800742b   Thumb Code     6  basic.o(x$fpl$basic)
    _dabs                                    0x08007431   Thumb Code     6  basic.o(x$fpl$basic)
    _fabs                                    0x08007437   Thumb Code     6  basic.o(x$fpl$basic)
    __aeabi_d2f                              0x0800743d   Thumb Code     0  d2f.o(x$fpl$d2f)
    _d2f                                     0x0800743d   Thumb Code    98  d2f.o(x$fpl$d2f)
    __aeabi_dadd                             0x080074a1   Thumb Code     0  daddsub_clz.o(x$fpl$dadd)
    _dadd                                    0x080074a1   Thumb Code   332  daddsub_clz.o(x$fpl$dadd)
    __fpl_dcheck_NaN1                        0x080075f1   Thumb Code    10  dcheck1.o(x$fpl$dcheck1)
    __fpl_dcmp_Inf                           0x08007601   Thumb Code    24  dcmpi.o(x$fpl$dcmpinf)
    __aeabi_ddiv                             0x08007619   Thumb Code     0  ddiv.o(x$fpl$ddiv)
    _ddiv                                    0x08007619   Thumb Code   552  ddiv.o(x$fpl$ddiv)
    __aeabi_cdcmpeq                          0x080078c9   Thumb Code     0  deqf.o(x$fpl$deqf)
    _dcmpeq                                  0x080078c9   Thumb Code   120  deqf.o(x$fpl$deqf)
    __aeabi_d2iz                             0x08007941   Thumb Code     0  dfix.o(x$fpl$dfix)
    _dfix                                    0x08007941   Thumb Code    94  dfix.o(x$fpl$dfix)
    __aeabi_d2uiz                            0x080079a1   Thumb Code     0  dfixu.o(x$fpl$dfixu)
    _dfixu                                   0x080079a1   Thumb Code    90  dfixu.o(x$fpl$dfixu)
    __aeabi_i2d                              0x080079fb   Thumb Code     0  dflt_clz.o(x$fpl$dflt)
    _dflt                                    0x080079fb   Thumb Code    46  dflt_clz.o(x$fpl$dflt)
    __aeabi_ui2d                             0x08007a29   Thumb Code     0  dflt_clz.o(x$fpl$dfltu)
    _dfltu                                   0x08007a29   Thumb Code    38  dflt_clz.o(x$fpl$dfltu)
    __aeabi_cdcmple                          0x08007a51   Thumb Code     0  dleqf.o(x$fpl$dleqf)
    _dcmple                                  0x08007a51   Thumb Code   120  dleqf.o(x$fpl$dleqf)
    __fpl_dcmple_InfNaN                      0x08007ab3   Thumb Code     0  dleqf.o(x$fpl$dleqf)
    __aeabi_dmul                             0x08007ac9   Thumb Code     0  dmul.o(x$fpl$dmul)
    _dmul                                    0x08007ac9   Thumb Code   332  dmul.o(x$fpl$dmul)
    __fpl_dnaninf                            0x08007c1d   Thumb Code   156  dnaninf.o(x$fpl$dnaninf)
    __fpl_dretinf                            0x08007cb9   Thumb Code    12  dretinf.o(x$fpl$dretinf)
    __aeabi_cdrcmple                         0x08007cc5   Thumb Code     0  drleqf.o(x$fpl$drleqf)
    _drcmple                                 0x08007cc5   Thumb Code   108  drleqf.o(x$fpl$drleqf)
    __aeabi_drsub                            0x08007d31   Thumb Code     0  daddsub_clz.o(x$fpl$drsb)
    _drsb                                    0x08007d31   Thumb Code    22  daddsub_clz.o(x$fpl$drsb)
    _dsqrt                                   0x08007d49   Thumb Code   404  dsqrt_umaal.o(x$fpl$dsqrt)
    __aeabi_dsub                             0x08007ee1   Thumb Code     0  daddsub_clz.o(x$fpl$dsub)
    _dsub                                    0x08007ee1   Thumb Code   464  daddsub_clz.o(x$fpl$dsub)
    __aeabi_f2d                              0x080080b5   Thumb Code     0  f2d.o(x$fpl$f2d)
    _f2d                                     0x080080b5   Thumb Code    86  f2d.o(x$fpl$f2d)
    __fpl_fnaninf                            0x0800810b   Thumb Code   140  fnaninf.o(x$fpl$fnaninf)
    _fp_init                                 0x08008197   Thumb Code    10  fpinit.o(x$fpl$fpinit)
    __fplib_config_fpu_vfp                   0x0800819f   Thumb Code     0  fpinit.o(x$fpl$fpinit)
    __fplib_config_pureend_doubles           0x0800819f   Thumb Code     0  fpinit.o(x$fpl$fpinit)
    __fpl_fretinf                            0x080081a1   Thumb Code    10  fretinf.o(x$fpl$fretinf)
    __fpl_return_NaN                         0x080081ab   Thumb Code   100  retnan.o(x$fpl$retnan)
    __ARM_scalbn                             0x0800820f   Thumb Code    92  scalbn.o(x$fpl$scalbn)
    __fpl_cmpreturn                          0x0800826b   Thumb Code    48  trapv.o(x$fpl$trapveneer)
    __I$use$fp                               0x0800829a   Number         0  usenofp.o(x$fpl$usenofp)
    AHBPrescTable                            0x080082a2   Data          16  system_stm32f4xx.o(.constdata)
    APBPrescTable                            0x080082b2   Data           8  system_stm32f4xx.o(.constdata)
    __mathlib_zero                           0x08008380   Data           8  qnan.o(.constdata)
    Region$$Table$$Base                      0x08008388   Number         0  anon$$obj.o(Region$$Table)
    Region$$Table$$Limit                     0x080083a8   Number         0  anon$$obj.o(Region$$Table)
    w5500_1_ptr                              0x20000000   Data           4  w5500.o(.data)
    w5500_2_ptr                              0x20000004   Data           4  w5500.o(.data)
    tx_data_size                             0x20000008   Data           4  modbus.o(.data)
    ram_ptr                                  0x2000000c   Data           4  eeprom.o(.data)
    ip_addr_ini_1                            0x20000010   Data           4  eeprom.o(.data)
    ip_addr_ini_2                            0x20000014   Data           4  eeprom.o(.data)
    ip_gate_ini                              0x20000018   Data           4  eeprom.o(.data)
    ip_mask_ini                              0x2000001c   Data           4  eeprom.o(.data)
    mac_addr_ini_1                           0x20000020   Data           6  eeprom.o(.data)
    mac_addr_ini_2                           0x20000026   Data           6  eeprom.o(.data)
    local_port_ini                           0x2000002c   Data           4  eeprom.o(.data)
    sys_time                                 0x20000030   Data           7  ds3231_rtc.o(.data)
    AC1                                      0x20000038   Data           2  bmp180.o(.data)
    AC2                                      0x2000003a   Data           2  bmp180.o(.data)
    AC3                                      0x2000003c   Data           2  bmp180.o(.data)
    AC4                                      0x2000003e   Data           2  bmp180.o(.data)
    AC5                                      0x20000040   Data           2  bmp180.o(.data)
    AC6                                      0x20000042   Data           2  bmp180.o(.data)
    B1                                       0x20000044   Data           2  bmp180.o(.data)
    B2                                       0x20000046   Data           2  bmp180.o(.data)
    MB                                       0x20000048   Data           2  bmp180.o(.data)
    MC                                       0x2000004a   Data           2  bmp180.o(.data)
    MD                                       0x2000004c   Data           2  bmp180.o(.data)
    UT                                       0x20000050   Data           4  bmp180.o(.data)
    oss                                      0x20000054   Data           2  bmp180.o(.data)
    UP                                       0x20000058   Data           4  bmp180.o(.data)
    X1                                       0x2000005c   Data           4  bmp180.o(.data)
    X2                                       0x20000060   Data           4  bmp180.o(.data)
    X3                                       0x20000064   Data           4  bmp180.o(.data)
    B3                                       0x20000068   Data           4  bmp180.o(.data)
    B5                                       0x2000006c   Data           4  bmp180.o(.data)
    B4                                       0x20000070   Data           4  bmp180.o(.data)
    B6                                       0x20000074   Data           4  bmp180.o(.data)
    B7                                       0x20000078   Data           4  bmp180.o(.data)
    is_time_to_update_params                 0x2000007c   Data           1  main.o(.data)
    hours_delta                              0x2000007d   Data           1  main.o(.data)
    uwTick                                   0x20000080   Data           4  stm32f4xx_hal.o(.data)
    uwTickPrio                               0x20000084   Data           4  stm32f4xx_hal.o(.data)
    uwTickFreq                               0x20000088   Data           1  stm32f4xx_hal.o(.data)
    SystemCoreClock                          0x2000008c   Data           4  system_stm32f4xx.o(.data)
    w5500_1                                  0x20000090   Data        2240  w5500.o(.bss)
    w5500_2                                  0x20000950   Data        2240  w5500.o(.bss)
    crc_table                                0x20001210   Data        1024  modbus.o(.bss)
    rx_packet                                0x20001610   Data        1038  modbus.o(.bss)
    tx_packet                                0x20001a1e   Data        1038  modbus.o(.bss)
    ram_data                                 0x20001e2c   Data         110  eeprom.o(.bss)
    hi2c1                                    0x20001e9c   Data          84  main.o(.bss)
    hspi1                                    0x20001ef0   Data          88  main.o(.bss)
    hspi2                                    0x20001f48   Data          88  main.o(.bss)
    hspi3                                    0x20001fa0   Data          88  main.o(.bss)
    htim2                                    0x20001ff8   Data          72  main.o(.bss)
    htim3                                    0x20002040   Data          72  main.o(.bss)
    htim4                                    0x20002088   Data          72  main.o(.bss)
    htim5                                    0x200020d0   Data          72  main.o(.bss)
    huart1                                   0x20002118   Data          68  main.o(.bss)
    huart2                                   0x2000215c   Data          68  main.o(.bss)
    huart3                                   0x200021a0   Data          68  main.o(.bss)
    hdma_usart1_rx                           0x200021e4   Data          96  main.o(.bss)
    hdma_usart1_tx                           0x20002244   Data          96  main.o(.bss)
    __libspace_start                         0x200022a4   Data          96  libspace.o(.bss)
    __temporary_stack_top$libspace           0x20002304   Data           0  libspace.o(.bss)



==============================================================================

Memory Map of the image

  Image Entry point : 0x08000189

  Load Region LR_IROM1 (Base: 0x08000000, Size: 0x00008438, Max: 0x00100000, ABSOLUTE)

    Execution Region ER_IROM1 (Exec base: 0x08000000, Load base: 0x08000000, Size: 0x000083a8, Max: 0x00100000, ABSOLUTE)

    Exec Addr    Load Addr    Size         Type   Attr      Idx    E Section Name        Object

    0x08000000   0x08000000   0x00000188   Data   RO            3    RESET               startup_stm32f407xx.o
    0x08000188   0x08000188   0x00000008   Code   RO         4501  * !!!main             c_w.l(__main.o)
    0x08000190   0x08000190   0x00000034   Code   RO         4803    !!!scatter          c_w.l(__scatter.o)
    0x080001c4   0x080001c4   0x0000001a   Code   RO         4805    !!handler_copy      c_w.l(__scatter_copy.o)
    0x080001de   0x080001de   0x00000002   PAD
    0x080001e0   0x080001e0   0x0000001c   Code   RO         4807    !!handler_zi        c_w.l(__scatter_zi.o)
    0x080001fc   0x080001fc   0x00000002   Code   RO         4670    .ARM.Collect$$libinit$$00000000  c_w.l(libinit.o)
    0x080001fe   0x080001fe   0x00000004   Code   RO         4681    .ARM.Collect$$libinit$$00000001  c_w.l(libinit2.o)
    0x08000202   0x08000202   0x00000000   Code   RO         4684    .ARM.Collect$$libinit$$00000004  c_w.l(libinit2.o)
    0x08000202   0x08000202   0x00000000   Code   RO         4687    .ARM.Collect$$libinit$$0000000A  c_w.l(libinit2.o)
    0x08000202   0x08000202   0x00000000   Code   RO         4689    .ARM.Collect$$libinit$$0000000C  c_w.l(libinit2.o)
    0x08000202   0x08000202   0x00000000   Code   RO         4691    .ARM.Collect$$libinit$$0000000E  c_w.l(libinit2.o)
    0x08000202   0x08000202   0x00000000   Code   RO         4694    .ARM.Collect$$libinit$$00000011  c_w.l(libinit2.o)
    0x08000202   0x08000202   0x00000000   Code   RO         4696    .ARM.Collect$$libinit$$00000013  c_w.l(libinit2.o)
    0x08000202   0x08000202   0x00000000   Code   RO         4698    .ARM.Collect$$libinit$$00000015  c_w.l(libinit2.o)
    0x08000202   0x08000202   0x00000000   Code   RO         4700    .ARM.Collect$$libinit$$00000017  c_w.l(libinit2.o)
    0x08000202   0x08000202   0x00000000   Code   RO         4702    .ARM.Collect$$libinit$$00000019  c_w.l(libinit2.o)
    0x08000202   0x08000202   0x00000000   Code   RO         4704    .ARM.Collect$$libinit$$0000001B  c_w.l(libinit2.o)
    0x08000202   0x08000202   0x00000000   Code   RO         4706    .ARM.Collect$$libinit$$0000001D  c_w.l(libinit2.o)
    0x08000202   0x08000202   0x00000000   Code   RO         4708    .ARM.Collect$$libinit$$0000001F  c_w.l(libinit2.o)
    0x08000202   0x08000202   0x00000000   Code   RO         4710    .ARM.Collect$$libinit$$00000021  c_w.l(libinit2.o)
    0x08000202   0x08000202   0x00000000   Code   RO         4712    .ARM.Collect$$libinit$$00000023  c_w.l(libinit2.o)
    0x08000202   0x08000202   0x00000000   Code   RO         4714    .ARM.Collect$$libinit$$00000025  c_w.l(libinit2.o)
    0x08000202   0x08000202   0x00000000   Code   RO         4718    .ARM.Collect$$libinit$$0000002C  c_w.l(libinit2.o)
    0x08000202   0x08000202   0x00000000   Code   RO         4720    .ARM.Collect$$libinit$$0000002E  c_w.l(libinit2.o)
    0x08000202   0x08000202   0x00000000   Code   RO         4722    .ARM.Collect$$libinit$$00000030  c_w.l(libinit2.o)
    0x08000202   0x08000202   0x00000000   Code   RO         4724    .ARM.Collect$$libinit$$00000032  c_w.l(libinit2.o)
    0x08000202   0x08000202   0x00000002   Code   RO         4725    .ARM.Collect$$libinit$$00000033  c_w.l(libinit2.o)
    0x08000204   0x08000204   0x00000002   Code   RO         4758    .ARM.Collect$$libshutdown$$00000000  c_w.l(libshutdown.o)
    0x08000206   0x08000206   0x00000000   Code   RO         4784    .ARM.Collect$$libshutdown$$00000002  c_w.l(libshutdown2.o)
    0x08000206   0x08000206   0x00000000   Code   RO         4786    .ARM.Collect$$libshutdown$$00000004  c_w.l(libshutdown2.o)
    0x08000206   0x08000206   0x00000000   Code   RO         4788    .ARM.Collect$$libshutdown$$00000006  c_w.l(libshutdown2.o)
    0x08000206   0x08000206   0x00000000   Code   RO         4791    .ARM.Collect$$libshutdown$$00000009  c_w.l(libshutdown2.o)
    0x08000206   0x08000206   0x00000000   Code   RO         4794    .ARM.Collect$$libshutdown$$0000000C  c_w.l(libshutdown2.o)
    0x08000206   0x08000206   0x00000000   Code   RO         4796    .ARM.Collect$$libshutdown$$0000000E  c_w.l(libshutdown2.o)
    0x08000206   0x08000206   0x00000000   Code   RO         4799    .ARM.Collect$$libshutdown$$00000011  c_w.l(libshutdown2.o)
    0x08000206   0x08000206   0x00000002   Code   RO         4800    .ARM.Collect$$libshutdown$$00000012  c_w.l(libshutdown2.o)
    0x08000208   0x08000208   0x00000000   Code   RO         4561    .ARM.Collect$$rtentry$$00000000  c_w.l(__rtentry.o)
    0x08000208   0x08000208   0x00000000   Code   RO         4625    .ARM.Collect$$rtentry$$00000002  c_w.l(__rtentry2.o)
    0x08000208   0x08000208   0x00000006   Code   RO         4637    .ARM.Collect$$rtentry$$00000004  c_w.l(__rtentry4.o)
    0x0800020e   0x0800020e   0x00000000   Code   RO         4627    .ARM.Collect$$rtentry$$00000009  c_w.l(__rtentry2.o)
    0x0800020e   0x0800020e   0x00000004   Code   RO         4628    .ARM.Collect$$rtentry$$0000000A  c_w.l(__rtentry2.o)
    0x08000212   0x08000212   0x00000000   Code   RO         4630    .ARM.Collect$$rtentry$$0000000C  c_w.l(__rtentry2.o)
    0x08000212   0x08000212   0x00000008   Code   RO         4631    .ARM.Collect$$rtentry$$0000000D  c_w.l(__rtentry2.o)
    0x0800021a   0x0800021a   0x00000002   Code   RO         4673    .ARM.Collect$$rtexit$$00000000  c_w.l(rtexit.o)
    0x0800021c   0x0800021c   0x00000000   Code   RO         4731    .ARM.Collect$$rtexit$$00000002  c_w.l(rtexit2.o)
    0x0800021c   0x0800021c   0x00000004   Code   RO         4732    .ARM.Collect$$rtexit$$00000003  c_w.l(rtexit2.o)
    0x08000220   0x08000220   0x00000006   Code   RO         4733    .ARM.Collect$$rtexit$$00000004  c_w.l(rtexit2.o)
    0x08000226   0x08000226   0x00000002   PAD
    0x08000228   0x08000228   0x00000040   Code   RO            4    .text               startup_stm32f407xx.o
    0x08000268   0x08000268   0x000000ee   Code   RO         4487    .text               c_w.l(lludivv7m.o)
    0x08000356   0x08000356   0x0000008a   Code   RO         4489    .text               c_w.l(rt_memcpy_v6.o)
    0x080003e0   0x080003e0   0x00000064   Code   RO         4491    .text               c_w.l(rt_memcpy_w.o)
    0x08000444   0x08000444   0x00000010   Code   RO         4493    .text               c_w.l(aeabi_memset.o)
    0x08000454   0x08000454   0x0000004e   Code   RO         4495    .text               c_w.l(rt_memclr_w.o)
    0x080004a2   0x080004a2   0x00000056   Code   RO         4497    .text               c_w.l(strncpy.o)
    0x080004f8   0x080004f8   0x00000006   Code   RO         4499    .text               c_w.l(heapauxi.o)
    0x080004fe   0x080004fe   0x00000016   Code   RO         4566    .text               c_w.l(_rserrno.o)
    0x08000514   0x08000514   0x00000044   Code   RO         4568    .text               c_w.l(rt_memclr.o)
    0x08000558   0x08000558   0x00000008   Code   RO         4644    .text               c_w.l(rt_errno_addr_intlibspace.o)
    0x08000560   0x08000560   0x00000008   Code   RO         4654    .text               c_w.l(libspace.o)
    0x08000568   0x08000568   0x0000004a   Code   RO         4657    .text               c_w.l(sys_stackheap_outer.o)
    0x080005b2   0x080005b2   0x00000012   Code   RO         4659    .text               c_w.l(exit.o)
    0x080005c4   0x080005c4   0x0000000c   Code   RO         4728    .text               c_w.l(sys_exit.o)
    0x080005d0   0x080005d0   0x00000002   Code   RO         4747    .text               c_w.l(use_no_semi.o)
    0x080005d2   0x080005d2   0x00000000   Code   RO         4749    .text               c_w.l(indicate_semi.o)
    0x080005d2   0x080005d2   0x00000004   Code   RO          921    i.BusFault_Handler  stm32f4xx_it.o
    0x080005d6   0x080005d6   0x00000002   PAD
    0x080005d8   0x080005d8   0x00000010   Code   RO          922    i.DMA2_Stream2_IRQHandler  stm32f4xx_it.o
    0x080005e8   0x080005e8   0x00000010   Code   RO          923    i.DMA2_Stream7_IRQHandler  stm32f4xx_it.o
    0x080005f8   0x080005f8   0x00000034   Code   RO         2100    i.DMA_CalcBaseAndBitshift  stm32f4xx_hal_dma.o
    0x0800062c   0x0800062c   0x000000aa   Code   RO         2101    i.DMA_CheckFifoParam  stm32f4xx_hal_dma.o
    0x080006d6   0x080006d6   0x00000002   Code   RO          924    i.DebugMon_Handler  stm32f4xx_it.o
    0x080006d8   0x080006d8   0x00000006   Code   RO          812    i.Error_Handler     main.o
    0x080006de   0x080006de   0x000000ac   Code   RO         2103    i.HAL_DMA_Abort     stm32f4xx_hal_dma.o
    0x0800078a   0x0800078a   0x00000028   Code   RO         2104    i.HAL_DMA_Abort_IT  stm32f4xx_hal_dma.o
    0x080007b2   0x080007b2   0x00000002   PAD
    0x080007b4   0x080007b4   0x00000240   Code   RO         2108    i.HAL_DMA_IRQHandler  stm32f4xx_hal_dma.o
    0x080009f4   0x080009f4   0x000000ec   Code   RO         2109    i.HAL_DMA_Init      stm32f4xx_hal_dma.o
    0x08000ae0   0x08000ae0   0x00000028   Code   RO         2527    i.HAL_Delay         stm32f4xx_hal.o
    0x08000b08   0x08000b08   0x000001f4   Code   RO         1996    i.HAL_GPIO_Init     stm32f4xx_hal_gpio.o
    0x08000cfc   0x08000cfc   0x00000010   Code   RO         1998    i.HAL_GPIO_ReadPin  stm32f4xx_hal_gpio.o
    0x08000d0c   0x08000d0c   0x00000014   Code   RO         1999    i.HAL_GPIO_TogglePin  stm32f4xx_hal_gpio.o
    0x08000d20   0x08000d20   0x0000000c   Code   RO         2000    i.HAL_GPIO_WritePin  stm32f4xx_hal_gpio.o
    0x08000d2c   0x08000d2c   0x0000000c   Code   RO         2533    i.HAL_GetTick       stm32f4xx_hal.o
    0x08000d38   0x08000d38   0x000001d0   Code   RO         1117    i.HAL_I2C_Init      stm32f4xx_hal_i2c.o
    0x08000f08   0x08000f08   0x000002f4   Code   RO         1135    i.HAL_I2C_Mem_Read  stm32f4xx_hal_i2c.o
    0x080011fc   0x080011fc   0x00000164   Code   RO         1138    i.HAL_I2C_Mem_Write  stm32f4xx_hal_i2c.o
    0x08001360   0x08001360   0x00000088   Code   RO         1034    i.HAL_I2C_MspInit   stm32f4xx_hal_msp.o
    0x080013e8   0x080013e8   0x00000018   Code   RO         2539    i.HAL_IncTick       stm32f4xx_hal.o
    0x08001400   0x08001400   0x0000003c   Code   RO         2540    i.HAL_Init          stm32f4xx_hal.o
    0x0800143c   0x0800143c   0x0000004c   Code   RO         2541    i.HAL_InitTick      stm32f4xx_hal.o
    0x08001488   0x08001488   0x00000048   Code   RO         1035    i.HAL_MspInit       stm32f4xx_hal_msp.o
    0x080014d0   0x080014d0   0x00000020   Code   RO         2385    i.HAL_NVIC_EnableIRQ  stm32f4xx_hal_cortex.o
    0x080014f0   0x080014f0   0x0000007c   Code   RO         2391    i.HAL_NVIC_SetPriority  stm32f4xx_hal_cortex.o
    0x0800156c   0x0800156c   0x00000028   Code   RO         2392    i.HAL_NVIC_SetPriorityGrouping  stm32f4xx_hal_cortex.o
    0x08001594   0x08001594   0x00000184   Code   RO         1597    i.HAL_RCC_ClockConfig  stm32f4xx_hal_rcc.o
    0x08001718   0x08001718   0x0000000c   Code   RO         1602    i.HAL_RCC_GetHCLKFreq  stm32f4xx_hal_rcc.o
    0x08001724   0x08001724   0x00000020   Code   RO         1604    i.HAL_RCC_GetPCLK1Freq  stm32f4xx_hal_rcc.o
    0x08001744   0x08001744   0x00000020   Code   RO         1605    i.HAL_RCC_GetPCLK2Freq  stm32f4xx_hal_rcc.o
    0x08001764   0x08001764   0x000000b0   Code   RO         1606    i.HAL_RCC_GetSysClockFreq  stm32f4xx_hal_rcc.o
    0x08001814   0x08001814   0x0000049c   Code   RO         1609    i.HAL_RCC_OscConfig  stm32f4xx_hal_rcc.o
    0x08001cb0   0x08001cb0   0x000000c8   Code   RO         2789    i.HAL_SPI_Init      stm32f4xx_hal_spi.o
    0x08001d78   0x08001d78   0x000001b0   Code   RO         1037    i.HAL_SPI_MspInit   stm32f4xx_hal_msp.o
    0x08001f28   0x08001f28   0x00000170   Code   RO         2792    i.HAL_SPI_Receive   stm32f4xx_hal_spi.o
    0x08002098   0x08002098   0x000001ae   Code   RO         2797    i.HAL_SPI_Transmit  stm32f4xx_hal_spi.o
    0x08002246   0x08002246   0x0000022a   Code   RO         2798    i.HAL_SPI_TransmitReceive  stm32f4xx_hal_spi.o
    0x08002470   0x08002470   0x00000034   Code   RO         2396    i.HAL_SYSTICK_Config  stm32f4xx_hal_cortex.o
    0x080024a4   0x080024a4   0x00000002   Code   RO         3817    i.HAL_TIMEx_BreakCallback  stm32f4xx_hal_tim_ex.o
    0x080024a6   0x080024a6   0x00000002   Code   RO         3818    i.HAL_TIMEx_CommutCallback  stm32f4xx_hal_tim_ex.o
    0x080024a8   0x080024a8   0x000000b4   Code   RO         3836    i.HAL_TIMEx_MasterConfigSynchronization  stm32f4xx_hal_tim_ex.o
    0x0800255c   0x0800255c   0x00000066   Code   RO         3102    i.HAL_TIM_Base_Init  stm32f4xx_hal_tim.o
    0x080025c2   0x080025c2   0x00000002   PAD
    0x080025c4   0x080025c4   0x000000ec   Code   RO         1039    i.HAL_TIM_Base_MspInit  stm32f4xx_hal_msp.o
    0x080026b0   0x080026b0   0x0000009c   Code   RO         3105    i.HAL_TIM_Base_Start  stm32f4xx_hal_tim.o
    0x0800274c   0x0800274c   0x000000a8   Code   RO         3107    i.HAL_TIM_Base_Start_IT  stm32f4xx_hal_tim.o
    0x080027f4   0x080027f4   0x0000010c   Code   RO         3111    i.HAL_TIM_ConfigClockSource  stm32f4xx_hal_tim.o
    0x08002900   0x08002900   0x00000002   Code   RO         3136    i.HAL_TIM_IC_CaptureCallback  stm32f4xx_hal_tim.o
    0x08002902   0x08002902   0x00000196   Code   RO         3150    i.HAL_TIM_IRQHandler  stm32f4xx_hal_tim.o
    0x08002a98   0x08002a98   0x00000002   Code   RO         3153    i.HAL_TIM_OC_DelayElapsedCallback  stm32f4xx_hal_tim.o
    0x08002a9a   0x08002a9a   0x00000002   Code   RO         3180    i.HAL_TIM_PWM_PulseFinishedCallback  stm32f4xx_hal_tim.o
    0x08002a9c   0x08002a9c   0x00000002   Code   RO         3188    i.HAL_TIM_PeriodElapsedCallback  stm32f4xx_hal_tim.o
    0x08002a9e   0x08002a9e   0x00000002   Code   RO         3193    i.HAL_TIM_TriggerCallback  stm32f4xx_hal_tim.o
    0x08002aa0   0x08002aa0   0x00000002   Code   RO         4095    i.HAL_UARTEx_RxEventCallback  stm32f4xx_hal_uart.o
    0x08002aa2   0x08002aa2   0x00000002   Code   RO         4109    i.HAL_UART_ErrorCallback  stm32f4xx_hal_uart.o
    0x08002aa4   0x08002aa4   0x000002e0   Code   RO         4112    i.HAL_UART_IRQHandler  stm32f4xx_hal_uart.o
    0x08002d84   0x08002d84   0x00000072   Code   RO         4113    i.HAL_UART_Init     stm32f4xx_hal_uart.o
    0x08002df6   0x08002df6   0x00000002   PAD
    0x08002df8   0x08002df8   0x0000024c   Code   RO         1041    i.HAL_UART_MspInit  stm32f4xx_hal_msp.o
    0x08003044   0x08003044   0x00000002   Code   RO         4119    i.HAL_UART_RxCpltCallback  stm32f4xx_hal_uart.o
    0x08003046   0x08003046   0x00000002   Code   RO         4124    i.HAL_UART_TxCpltCallback  stm32f4xx_hal_uart.o
    0x08003048   0x08003048   0x00000004   Code   RO          925    i.HardFault_Handler  stm32f4xx_it.o
    0x0800304c   0x0800304c   0x0000003e   Code   RO         1160    i.I2C_IsAcknowledgeFailed  stm32f4xx_hal_i2c.o
    0x0800308a   0x0800308a   0x00000002   PAD
    0x0800308c   0x0800308c   0x00000160   Code   RO         1171    i.I2C_RequestMemoryRead  stm32f4xx_hal_i2c.o
    0x080031ec   0x080031ec   0x000000e0   Code   RO         1172    i.I2C_RequestMemoryWrite  stm32f4xx_hal_i2c.o
    0x080032cc   0x080032cc   0x0000005c   Code   RO         1180    i.I2C_WaitOnBTFFlagUntilTimeout  stm32f4xx_hal_i2c.o
    0x08003328   0x08003328   0x00000086   Code   RO         1181    i.I2C_WaitOnFlagUntilTimeout  stm32f4xx_hal_i2c.o
    0x080033ae   0x080033ae   0x000000c4   Code   RO         1182    i.I2C_WaitOnMasterAddressFlagUntilTimeout  stm32f4xx_hal_i2c.o
    0x08003472   0x08003472   0x00000080   Code   RO         1183    i.I2C_WaitOnRXNEFlagUntilTimeout  stm32f4xx_hal_i2c.o
    0x080034f2   0x080034f2   0x0000005c   Code   RO         1186    i.I2C_WaitOnTXEFlagUntilTimeout  stm32f4xx_hal_i2c.o
    0x0800354e   0x0800354e   0x00000002   PAD
    0x08003550   0x08003550   0x00000048   Code   RO          813    i.MX_DMA_Init       main.o
    0x08003598   0x08003598   0x000001d4   Code   RO          814    i.MX_GPIO_Init      main.o
    0x0800376c   0x0800376c   0x0000003c   Code   RO          815    i.MX_I2C1_Init      main.o
    0x080037a8   0x080037a8   0x00000044   Code   RO          816    i.MX_SPI1_Init      main.o
    0x080037ec   0x080037ec   0x00000044   Code   RO          817    i.MX_SPI2_Init      main.o
    0x08003830   0x08003830   0x00000044   Code   RO          818    i.MX_SPI3_Init      main.o
    0x08003874   0x08003874   0x00000070   Code   RO          819    i.MX_TIM2_Init      main.o
    0x080038e4   0x080038e4   0x0000006c   Code   RO          820    i.MX_TIM3_Init      main.o
    0x08003950   0x08003950   0x00000070   Code   RO          821    i.MX_TIM4_Init      main.o
    0x080039c0   0x080039c0   0x00000070   Code   RO          822    i.MX_TIM5_Init      main.o
    0x08003a30   0x08003a30   0x00000038   Code   RO          823    i.MX_USART1_UART_Init  main.o
    0x08003a68   0x08003a68   0x00000038   Code   RO          824    i.MX_USART2_UART_Init  main.o
    0x08003aa0   0x08003aa0   0x00000038   Code   RO          825    i.MX_USART3_UART_Init  main.o
    0x08003ad8   0x08003ad8   0x00000004   Code   RO          926    i.MemManage_Handler  stm32f4xx_it.o
    0x08003adc   0x08003adc   0x00000004   Code   RO          927    i.NMI_Handler       stm32f4xx_it.o
    0x08003ae0   0x08003ae0   0x00000002   Code   RO          928    i.PendSV_Handler    stm32f4xx_it.o
    0x08003ae2   0x08003ae2   0x00000094   Code   RO         2826    i.SPI_EndRxTransaction  stm32f4xx_hal_spi.o
    0x08003b76   0x08003b76   0x00000002   PAD
    0x08003b78   0x08003b78   0x0000006c   Code   RO         2827    i.SPI_EndRxTxTransaction  stm32f4xx_hal_spi.o
    0x08003be4   0x08003be4   0x000000d8   Code   RO         2832    i.SPI_WaitFlagStateUntilTimeout  stm32f4xx_hal_spi.o
    0x08003cbc   0x08003cbc   0x00000002   Code   RO          929    i.SVC_Handler       stm32f4xx_it.o
    0x08003cbe   0x08003cbe   0x00000008   Code   RO          930    i.SysTick_Handler   stm32f4xx_it.o
    0x08003cc6   0x08003cc6   0x00000002   PAD
    0x08003cc8   0x08003cc8   0x000000b4   Code   RO          826    i.SystemClock_Config  main.o
    0x08003d7c   0x08003d7c   0x00000014   Code   RO         4452    i.SystemInit        system_stm32f4xx.o
    0x08003d90   0x08003d90   0x00000028   Code   RO          931    i.TIM2_IRQHandler   stm32f4xx_it.o
    0x08003db8   0x08003db8   0x00000028   Code   RO          932    i.TIM4_IRQHandler   stm32f4xx_it.o
    0x08003de0   0x08003de0   0x00000018   Code   RO          933    i.TIM5_IRQHandler   stm32f4xx_it.o
    0x08003df8   0x08003df8   0x000000d8   Code   RO         3195    i.TIM_Base_SetConfig  stm32f4xx_hal_tim.o
    0x08003ed0   0x08003ed0   0x00000016   Code   RO         3206    i.TIM_ETR_SetConfig  stm32f4xx_hal_tim.o
    0x08003ee6   0x08003ee6   0x00000012   Code   RO         3207    i.TIM_ITRx_SetConfig  stm32f4xx_hal_tim.o
    0x08003ef8   0x08003ef8   0x00000026   Code   RO         3213    i.TIM_TI1_ConfigInputStage  stm32f4xx_hal_tim.o
    0x08003f1e   0x08003f1e   0x00000028   Code   RO         3215    i.TIM_TI2_ConfigInputStage  stm32f4xx_hal_tim.o
    0x08003f46   0x08003f46   0x00000014   Code   RO         4126    i.UART_DMAAbortOnError  stm32f4xx_hal_uart.o
    0x08003f5a   0x08003f5a   0x0000006c   Code   RO         4136    i.UART_EndRxTransfer  stm32f4xx_hal_uart.o
    0x08003fc6   0x08003fc6   0x00000020   Code   RO         4137    i.UART_EndTransmit_IT  stm32f4xx_hal_uart.o
    0x08003fe6   0x08003fe6   0x000000f8   Code   RO         4139    i.UART_Receive_IT   stm32f4xx_hal_uart.o
    0x080040de   0x080040de   0x00000002   PAD
    0x080040e0   0x080040e0   0x0000022c   Code   RO         4140    i.UART_SetConfig    stm32f4xx_hal_uart.o
    0x0800430c   0x0800430c   0x00000060   Code   RO         4143    i.UART_Transmit_IT  stm32f4xx_hal_uart.o
    0x0800436c   0x0800436c   0x00000010   Code   RO          934    i.USART1_IRQHandler  stm32f4xx_it.o
    0x0800437c   0x0800437c   0x00000004   Code   RO          935    i.UsageFault_Handler  stm32f4xx_it.o
    0x08004380   0x08004380   0x00000030   Code   RO         4607    i.__ARM_fpclassify  m_wm.l(fpclassify.o)
    0x080043b0   0x080043b0   0x00000010   Code   RO         2398    i.__NVIC_GetPriorityGrouping  stm32f4xx_hal_cortex.o
    0x080043c0   0x080043c0   0x00000028   Code   RO         2399    i.__NVIC_SetPriority  stm32f4xx_hal_cortex.o
    0x080043e8   0x080043e8   0x000003c4   Code   RO         4533    i.__hardfp_log      m_wm.l(log.o)
    0x080047ac   0x080047ac   0x00000004   PAD
    0x080047b0   0x080047b0   0x00000c50   Code   RO         4547    i.__hardfp_pow      m_wm.l(pow.o)
    0x08005400   0x08005400   0x000000f8   Code   RO         4609    i.__kernel_poly     m_wm.l(poly.o)
    0x080054f8   0x080054f8   0x00000030   Code   RO         4587    i.__mathlib_dbl_divzero  m_wm.l(dunder.o)
    0x08005528   0x08005528   0x00000014   Code   RO         4588    i.__mathlib_dbl_infnan  m_wm.l(dunder.o)
    0x0800553c   0x0800553c   0x00000014   Code   RO         4589    i.__mathlib_dbl_infnan2  m_wm.l(dunder.o)
    0x08005550   0x08005550   0x00000020   Code   RO         4590    i.__mathlib_dbl_invalid  m_wm.l(dunder.o)
    0x08005570   0x08005570   0x00000020   Code   RO         4591    i.__mathlib_dbl_overflow  m_wm.l(dunder.o)
    0x08005590   0x08005590   0x00000020   Code   RO         4593    i.__mathlib_dbl_underflow  m_wm.l(dunder.o)
    0x080055b0   0x080055b0   0x00000110   Code   RO          440    i._eeprom_read      eeprom.o
    0x080056c0   0x080056c0   0x00000118   Code   RO          441    i._eeprom_write     eeprom.o
    0x080057d8   0x080057d8   0x00000026   Code   RO          508    i.binary_to_dec     ds3231_rtc.o
    0x080057fe   0x080057fe   0x00000002   PAD
    0x08005800   0x08005800   0x000004f8   Code   RO          566    i.bmp180_get_press  bmp180.o
    0x08005cf8   0x08005cf8   0x00000008   Code   RO          568    i.bmp180_init       bmp180.o
    0x08005d00   0x08005d00   0x00000014   Code   RO          442    i.bytestowrite      eeprom.o
    0x08005d14   0x08005d14   0x00000030   Code   RO          368    i.crc32             modbus.o
    0x08005d44   0x08005d44   0x0000001c   Code   RO          747    i.delay_us          common.o
    0x08005d60   0x08005d60   0x000000f4   Code   RO          627    i.dht22_get_data    dht22.o
    0x08005e54   0x08005e54   0x00000024   Code   RO          628    i.dht22_init        dht22.o
    0x08005e78   0x08005e78   0x000000c4   Code   RO          369    i.do_cmd            modbus.o
    0x08005f3c   0x08005f3c   0x0000002e   Code   RO          660    i.ds18b20_convert   ds18b20.o
    0x08005f6a   0x08005f6a   0x00000010   Code   RO          661    i.ds18b20_get_sign  ds18b20.o
    0x08005f7a   0x08005f7a   0x00000050   Code   RO          662    i.ds18b20_get_temp  ds18b20.o
    0x08005fca   0x08005fca   0x00000032   Code   RO          663    i.ds18b20_init      ds18b20.o
    0x08005ffc   0x08005ffc   0x0000001a   Code   RO          664    i.ds18b20_measure_temp_cmd  ds18b20.o
    0x08006016   0x08006016   0x00000002   PAD
    0x08006018   0x08006018   0x0000005c   Code   RO          665    i.ds18b20_read_bit  ds18b20.o
    0x08006074   0x08006074   0x0000001e   Code   RO          666    i.ds18b20_read_byte  ds18b20.o
    0x08006092   0x08006092   0x00000032   Code   RO          667    i.ds18b20_read_strat_cpad  ds18b20.o
    0x080060c4   0x080060c4   0x0000005c   Code   RO          668    i.ds18b20_reset     ds18b20.o
    0x08006120   0x08006120   0x00000048   Code   RO          669    i.ds18b20_write_bit  ds18b20.o
    0x08006168   0x08006168   0x00000024   Code   RO          670    i.ds18b20_write_byte  ds18b20.o
    0x0800618c   0x0800618c   0x000000ac   Code   RO          443    i.eeprom_page_erase  eeprom.o
    0x08006238   0x08006238   0x00000070   Code   RO          444    i.eeprom_read       eeprom.o
    0x080062a8   0x080062a8   0x00000070   Code   RO          445    i.eeprom_write      eeprom.o
    0x08006318   0x08006318   0x00000090   Code   RO          446    i.eeproms_first_ini  eeprom.o
    0x080063a8   0x080063a8   0x00000018   Code   RO         4603    i.fabs              m_wm.l(fabs.o)
    0x080063c0   0x080063c0   0x00000038   Code   RO          370    i.fill_crc32_table  modbus.o
    0x080063f8   0x080063f8   0x00000036   Code   RO          173    i.get_read_pointer  w5500.o
    0x0800642e   0x0800642e   0x00000038   Code   RO          174    i.get_size_rx       w5500.o
    0x08006466   0x08006466   0x0000002a   Code   RO          175    i.get_socket_status  w5500.o
    0x08006490   0x08006490   0x00000080   Code   RO          512    i.get_time          ds3231_rtc.o
    0x08006510   0x08006510   0x0000009c   Code   RO          569    i.get_upress        bmp180.o
    0x080065ac   0x080065ac   0x00000036   Code   RO          176    i.get_write_pointer  w5500.o
    0x080065e2   0x080065e2   0x00000024   Code   RO          177    i.listen_socket     w5500.o
    0x08006606   0x08006606   0x00000002   PAD
    0x08006608   0x08006608   0x00000468   Code   RO          827    i.main              main.o
    0x08006a70   0x08006a70   0x00000036   Code   RO          178    i.open_socket       w5500.o
    0x08006aa6   0x08006aa6   0x00000002   PAD
    0x08006aa8   0x08006aa8   0x0000011c   Code   RO          571    i.read_calliberation_data  bmp180.o
    0x08006bc4   0x08006bc4   0x000000fc   Code   RO          371    i.receive_packet    modbus.o
    0x08006cc0   0x08006cc0   0x00000022   Code   RO          179    i.recv_socket       w5500.o
    0x08006ce2   0x08006ce2   0x0000002a   Code   RO          372    i.request_reply_iteration  modbus.o
    0x08006d0c   0x08006d0c   0x00000022   Code   RO          180    i.send_socket       w5500.o
    0x08006d2e   0x08006d2e   0x00000026   Code   RO          748    i.set_pin_input     common.o
    0x08006d54   0x08006d54   0x00000026   Code   RO          749    i.set_pin_output    common.o
    0x08006d7a   0x08006d7a   0x00000034   Code   RO          181    i.set_read_pointer  w5500.o
    0x08006dae   0x08006dae   0x00000034   Code   RO          182    i.set_sock_port     w5500.o
    0x08006de2   0x08006de2   0x00000034   Code   RO          183    i.set_write_pointer  w5500.o
    0x08006e16   0x08006e16   0x0000002e   Code   RO          185    i.socket_init_wait  w5500.o
    0x08006e44   0x08006e44   0x0000002e   Code   RO          186    i.socket_listen_wait  w5500.o
    0x08006e72   0x08006e72   0x0000006e   Code   RO         4614    i.sqrt              m_wm.l(sqrt.o)
    0x08006ee0   0x08006ee0   0x0000010c   Code   RO          373    i.transmit_packet   modbus.o
    0x08006fec   0x08006fec   0x0000007e   Code   RO          188    i.w5500_ini         w5500.o
    0x0800706a   0x0800706a   0x00000002   PAD
    0x0800706c   0x0800706c   0x00000084   Code   RO          189    i.w5500_read_buf    w5500.o
    0x080070f0   0x080070f0   0x00000094   Code   RO          190    i.w5500_read_reg    w5500.o
    0x08007184   0x08007184   0x0000003c   Code   RO          191    i.w5500_read_sock_buf  w5500.o
    0x080071c0   0x080071c0   0x0000003a   Code   RO          193    i.w5500_set_ip_gate_addr  w5500.o
    0x080071fa   0x080071fa   0x0000003a   Code   RO          194    i.w5500_set_ipaddr  w5500.o
    0x08007234   0x08007234   0x0000003a   Code   RO          195    i.w5500_set_ipmask  w5500.o
    0x0800726e   0x0800726e   0x00000052   Code   RO          196    i.w5500_set_mac_addr  w5500.o
    0x080072c0   0x080072c0   0x0000001c   Code   RO          197    i.w5500_soft_rst    w5500.o
    0x080072dc   0x080072dc   0x00000078   Code   RO          198    i.w5500_write_buf   w5500.o
    0x08007354   0x08007354   0x00000090   Code   RO          199    i.w5500_write_reg   w5500.o
    0x080073e4   0x080073e4   0x00000040   Code   RO          200    i.w5500_write_sock_buf  w5500.o
    0x08007424   0x08007424   0x00000018   Code   RO         4570    x$fpl$basic         fz_wm.l(basic.o)
    0x0800743c   0x0800743c   0x00000062   Code   RO         4503    x$fpl$d2f           fz_wm.l(d2f.o)
    0x0800749e   0x0800749e   0x00000002   PAD
    0x080074a0   0x080074a0   0x00000150   Code   RO         4505    x$fpl$dadd          fz_wm.l(daddsub_clz.o)
    0x080075f0   0x080075f0   0x00000010   Code   RO         4646    x$fpl$dcheck1       fz_wm.l(dcheck1.o)
    0x08007600   0x08007600   0x00000018   Code   RO         4648    x$fpl$dcmpinf       fz_wm.l(dcmpi.o)
    0x08007618   0x08007618   0x000002b0   Code   RO         4512    x$fpl$ddiv          fz_wm.l(ddiv.o)
    0x080078c8   0x080078c8   0x00000078   Code   RO         4572    x$fpl$deqf          fz_wm.l(deqf.o)
    0x08007940   0x08007940   0x0000005e   Code   RO         4515    x$fpl$dfix          fz_wm.l(dfix.o)
    0x0800799e   0x0800799e   0x00000002   PAD
    0x080079a0   0x080079a0   0x0000005a   Code   RO         4519    x$fpl$dfixu         fz_wm.l(dfixu.o)
    0x080079fa   0x080079fa   0x0000002e   Code   RO         4524    x$fpl$dflt          fz_wm.l(dflt_clz.o)
    0x08007a28   0x08007a28   0x00000026   Code   RO         4523    x$fpl$dfltu         fz_wm.l(dflt_clz.o)
    0x08007a4e   0x08007a4e   0x00000002   PAD
    0x08007a50   0x08007a50   0x00000078   Code   RO         4650    x$fpl$dleqf         fz_wm.l(dleqf.o)
    0x08007ac8   0x08007ac8   0x00000154   Code   RO         4529    x$fpl$dmul          fz_wm.l(dmul.o)
    0x08007c1c   0x08007c1c   0x0000009c   Code   RO         4574    x$fpl$dnaninf       fz_wm.l(dnaninf.o)
    0x08007cb8   0x08007cb8   0x0000000c   Code   RO         4576    x$fpl$dretinf       fz_wm.l(dretinf.o)
    0x08007cc4   0x08007cc4   0x0000006c   Code   RO         4578    x$fpl$drleqf        fz_wm.l(drleqf.o)
    0x08007d30   0x08007d30   0x00000016   Code   RO         4506    x$fpl$drsb          fz_wm.l(daddsub_clz.o)
    0x08007d46   0x08007d46   0x00000002   PAD
    0x08007d48   0x08007d48   0x00000198   Code   RO         4652    x$fpl$dsqrt         fz_wm.l(dsqrt_umaal.o)
    0x08007ee0   0x08007ee0   0x000001d4   Code   RO         4507    x$fpl$dsub          fz_wm.l(daddsub_clz.o)
    0x080080b4   0x080080b4   0x00000056   Code   RO         4531    x$fpl$f2d           fz_wm.l(f2d.o)
    0x0800810a   0x0800810a   0x0000008c   Code   RO         4580    x$fpl$fnaninf       fz_wm.l(fnaninf.o)
    0x08008196   0x08008196   0x0000000a   Code   RO         4743    x$fpl$fpinit        fz_wm.l(fpinit.o)
    0x080081a0   0x080081a0   0x0000000a   Code   RO         4582    x$fpl$fretinf       fz_wm.l(fretinf.o)
    0x080081aa   0x080081aa   0x00000064   Code   RO         4671    x$fpl$retnan        fz_wm.l(retnan.o)
    0x0800820e   0x0800820e   0x0000005c   Code   RO         4584    x$fpl$scalbn        fz_wm.l(scalbn.o)
    0x0800826a   0x0800826a   0x00000030   Code   RO         4726    x$fpl$trapveneer    fz_wm.l(trapv.o)
    0x0800829a   0x0800829a   0x00000000   Code   RO         4586    x$fpl$usenofp       fz_wm.l(usenofp.o)
    0x0800829a   0x0800829a   0x00000008   Data   RO         2115    .constdata          stm32f4xx_hal_dma.o
    0x080082a2   0x080082a2   0x00000018   Data   RO         4453    .constdata          system_stm32f4xx.o
    0x080082ba   0x080082ba   0x00000006   PAD
    0x080082c0   0x080082c0   0x00000038   Data   RO         4536    .constdata          m_wm.l(log.o)
    0x080082f8   0x080082f8   0x00000088   Data   RO         4550    .constdata          m_wm.l(pow.o)
    0x08008380   0x08008380   0x00000008   Data   RO         4611    .constdata          m_wm.l(qnan.o)
    0x08008388   0x08008388   0x00000020   Data   RO         4801    Region$$Table       anon$$obj.o


    Execution Region RW_IRAM1 (Exec base: 0x20000000, Load base: 0x080083a8, Size: 0x00002908, Max: 0x0001c000, ABSOLUTE)

    Exec Addr    Load Addr    Size         Type   Attr      Idx    E Section Name        Object

    0x20000000   0x080083a8   0x00000008   Data   RW          202    .data               w5500.o
    0x20000008   0x080083b0   0x00000004   Data   RW          375    .data               modbus.o
    0x2000000c   0x080083b4   0x00000024   Data   RW          448    .data               eeprom.o
    0x20000030   0x080083d8   0x00000007   Data   RW          514    .data               ds3231_rtc.o
    0x20000037   0x080083df   0x00000001   PAD
    0x20000038   0x080083e0   0x00000044   Data   RW          572    .data               bmp180.o
    0x2000007c   0x08008424   0x00000002   Data   RW          829    .data               main.o
    0x2000007e   0x08008426   0x00000002   PAD
    0x20000080   0x08008428   0x00000009   Data   RW         2547    .data               stm32f4xx_hal.o
    0x20000089   0x08008431   0x00000003   PAD
    0x2000008c   0x08008434   0x00000004   Data   RW         4454    .data               system_stm32f4xx.o
    0x20000090        -       0x00001180   Zero   RW          201    .bss                w5500.o
    0x20001210        -       0x00000c1c   Zero   RW          374    .bss                modbus.o
    0x20001e2c        -       0x0000006e   Zero   RW          447    .bss                eeprom.o
    0x20001e9a   0x08008438   0x00000002   PAD
    0x20001e9c        -       0x00000408   Zero   RW          828    .bss                main.o
    0x200022a4        -       0x00000060   Zero   RW         4655    .bss                c_w.l(libspace.o)
    0x20002304   0x08008438   0x00000004   PAD
    0x20002308        -       0x00000200   Zero   RW            2    HEAP                startup_stm32f407xx.o
    0x20002508        -       0x00000400   Zero   RW            1    STACK               startup_stm32f407xx.o


    Execution Region RW_IRAM2 (Exec base: 0x2001c000, Load base: 0x08008438, Size: 0x00000000, Max: 0x00004000, ABSOLUTE)

    **** No section assigned to this execution region ****


==============================================================================

Image component sizes


      Code (inc. data)   RO Data    RW Data    ZI Data      Debug   Object Name

      1720        216          0         68          0       3347   bmp180.o
       104          6          0          0          0       2124   common.o
       280          8          0          0          0       1574   dht22.o
       590         14          0          0          0       7056   ds18b20.o
       166         10          0          7          0       1362   ds3231_rtc.o
      1112        108          0         36        110       7263   eeprom.o
      2730        196          0          2       1032      10486   main.o
       862         72          0          4       3100       6969   modbus.o
         0          0          0          0          0     708356   network.o
        64         26        392          0       1536        856   startup_stm32f407xx.o
       212         36          0          9          0       9489   stm32f4xx_hal.o
       304         22          0          0          0      34535   stm32f4xx_hal_cortex.o
      1246         16          8          0          0       5451   stm32f4xx_hal_dma.o
       548         46          0          0          0       3492   stm32f4xx_hal_gpio.o
      2856         46          0          0          0      11814   stm32f4xx_hal_i2c.o
      1464        104          0          0          0       4736   stm32f4xx_hal_msp.o
      1820         84          0          0          0       5704   stm32f4xx_hal_rcc.o
      2024         14          0          0          0       8006   stm32f4xx_hal_spi.o
      1444        106          0          0          0      11180   stm32f4xx_hal_tim.o
       184         30          0          0          0       2541   stm32f4xx_hal_tim_ex.o
      1918         14          0          0          0       9700   stm32f4xx_hal_uart.o
       186         50          0          0          0       7404   stm32f4xx_it.o
        20          6         24          4          0       1163   system_stm32f4xx.o
      1690         66          0          8       4480      17140   w5500.o

    ----------------------------------------------------------------------
     23572       1296        462        144      10260     881748   Object Totals
         0          0         32          0          0          0   (incl. Generated)
        28          0          6          6          2          0   (incl. Padding)

    ----------------------------------------------------------------------

      Code (inc. data)   RO Data    RW Data    ZI Data      Debug   Library Member Name

         8          0          0          0          0         68   __main.o
         0          0          0          0          0          0   __rtentry.o
        12          0          0          0          0          0   __rtentry2.o
         6          0          0          0          0          0   __rtentry4.o
        52          8          0          0          0          0   __scatter.o
        26          0          0          0          0          0   __scatter_copy.o
        28          0          0          0          0          0   __scatter_zi.o
        22          0          0          0          0        100   _rserrno.o
        16          0          0          0          0         68   aeabi_memset.o
        18          0          0          0          0         80   exit.o
         6          0          0          0          0        152   heapauxi.o
         0          0          0          0          0          0   indicate_semi.o
         2          0          0          0          0          0   libinit.o
         6          0          0          0          0          0   libinit2.o
         2          0          0          0          0          0   libshutdown.o
         2          0          0          0          0          0   libshutdown2.o
         8          4          0          0         96         68   libspace.o
       238          0          0          0          0        100   lludivv7m.o
         8          4          0          0          0         68   rt_errno_addr_intlibspace.o
        68          0          0          0          0         68   rt_memclr.o
        78          0          0          0          0         80   rt_memclr_w.o
       138          0          0          0          0         68   rt_memcpy_v6.o
       100          0          0          0          0         80   rt_memcpy_w.o
         2          0          0          0          0          0   rtexit.o
        10          0          0          0          0          0   rtexit2.o
        86          0          0          0          0         76   strncpy.o
        12          4          0          0          0         68   sys_exit.o
        74          0          0          0          0         80   sys_stackheap_outer.o
         2          0          0          0          0         68   use_no_semi.o
        24          0          0          0          0        164   basic.o
        98          4          0          0          0        140   d2f.o
       826         16          0          0          0        492   daddsub_clz.o
        16          4          0          0          0        116   dcheck1.o
        24          0          0          0          0        116   dcmpi.o
       688        140          0          0          0        256   ddiv.o
       120          4          0          0          0        140   deqf.o
        94          4          0          0          0        140   dfix.o
        90          4          0          0          0        140   dfixu.o
        84          0          0          0          0        232   dflt_clz.o
       120          4          0          0          0        140   dleqf.o
       340         12          0          0          0        152   dmul.o
       156          4          0          0          0        140   dnaninf.o
        12          0          0          0          0        116   dretinf.o
       108          0          0          0          0        128   drleqf.o
       408         56          0          0          0        168   dsqrt_umaal.o
        86          4          0          0          0        132   f2d.o
       140          4          0          0          0        132   fnaninf.o
        10          0          0          0          0        116   fpinit.o
        10          0          0          0          0        116   fretinf.o
       100          0          0          0          0        116   retnan.o
        92          0          0          0          0        116   scalbn.o
        48          0          0          0          0        116   trapv.o
         0          0          0          0          0          0   usenofp.o
       184         44          0          0          0        744   dunder.o
        24          0          0          0          0        124   fabs.o
        48          0          0          0          0        124   fpclassify.o
       964         92         56          0          0        316   log.o
       248          0          0          0          0        152   poly.o
      3152        296        136          0          0        352   pow.o
         0          0          8          0          0          0   qnan.o
       110          0          0          0          0        148   sqrt.o

    ----------------------------------------------------------------------
      9470        716        200          0        100       6876   Library Totals
        16          4          0          0          4          0   (incl. Padding)

    ----------------------------------------------------------------------

      Code (inc. data)   RO Data    RW Data    ZI Data      Debug   Library Name

      1030         20          0          0         96       1292   c_w.l
      3694        260          0          0          0       3624   fz_wm.l
      4730        432        200          0          0       1960   m_wm.l

    ----------------------------------------------------------------------
      9470        716        200          0        100       6876   Library Totals

    ----------------------------------------------------------------------

==============================================================================


      Code (inc. data)   RO Data    RW Data    ZI Data      Debug   

     33042       2012        662        144      10360     867900   Grand Totals
     33042       2012        662        144      10360     867900   ELF Image Totals
     33042       2012        662        144          0          0   ROM Totals

==============================================================================

    Total RO  Size (Code + RO Data)                33704 (  32.91kB)
    Total RW  Size (RW Data + ZI Data)             10504 (  10.26kB)
    Total ROM Size (Code + RO Data + RW Data)      33848 (  33.05kB)

==============================================================================

