<html>
<body>
<pre>
<h1>�Vision Build Log</h1>
<h2>Tool Versions:</h2>
IDE-Version: �Vision V5.39.0.0
Copyright (C) 2023 ARM Ltd and ARM Germany GmbH. All rights reserved.
License Information: Alexey Gorlov, MEPHI, LIC=4ZLZX-HH6IC-VJG6J-UYJG0-ALN2U-F3C4M
 
Tool Versions:
Toolchain:       MDK-ARM Professional  Version: 5.39.0.0
Toolchain Path:  C:\Keil_v5\ARM\ARMCC\Bin
C Compiler:      Armcc.exe V5.06 update 7 (build 960)
Assembler:       Armasm.exe V5.06 update 7 (build 960)
Linker/Locator:  ArmLink.exe V5.06 update 7 (build 960)
Library Manager: ArmAr.exe V5.06 update 7 (build 960)
Hex Converter:   FromElf.exe V5.06 update 7 (build 960)
CPU DLL:         SARMCM3.DLL V5.39.0.0
Dialog DLL:      DCM.DLL V1.17.5.0
Target DLL:      STLink\ST-LINKIII-KEIL_SWO.dll V3.2.0.0
Dialog DLL:      TCM.DLL V1.56.4.0
 
<h2>Project:</h2>
E:\SMART_HOME_PROJECT_v.2.0\GAS_BOILER_CONTROLLER\MDK-ARM\GAS_BOILER_CONTROLLER.uvprojx
Project File Date:  06/02/2024

<h2>Output:</h2>
*** Using Compiler 'V5.06 update 7 (build 960)', folder: 'C:\Keil_v5\ARM\ARMCC\Bin'
Rebuild target 'GAS_BOILER_CONTROLLER'
assembling startup_stm32f407xx.s...
compiling ram.c...
../Core/Inc/ram.h(20): warning:  #1-D: last line of file ends without a newline
  #endif /* RAM_H_ */
..\Core\Src\ram.c(4): warning:  #1-D: last line of file ends without a newline
  ram_data_struct *ram_ptr = &ram_data;	// Указатель на данные ОЗУ
..\Core\Src\ram.c: 2 warnings, 0 errors
compiling stm32f4xx_it.c...
../Core/Inc/ram.h(20): warning:  #1-D: last line of file ends without a newline
  #endif /* RAM_H_ */
../Core/Inc/common.h(10): warning:  #1-D: last line of file ends without a newline
  #endif /* __COMMON_H */
../Core/Inc/lcd.h(20): warning:  #1295-D: Deprecated declaration max7219_init - give arg types
  void max7219_init();
../Core/Inc/lcd.h(21): warning:  #1295-D: Deprecated declaration max7219_clear - give arg types
  void max7219_clear();
../Core/Inc/lcd.h(25): warning:  #1-D: last line of file ends without a newline
  #endif /* LCD_H_ */
../Core/Inc/thermostat_alg.h(18): warning:  #1-D: last line of file ends without a newline
  #endif /* __THERMOSTAT_ALG_H */
../Core/Src/stm32f4xx_it.c: 6 warnings, 0 errors
compiling thermostat_alg.c...
../Core/Inc/ram.h(20): warning:  #1-D: last line of file ends without a newline
  #endif /* RAM_H_ */
../Core/Inc/thermostat_alg.h(18): warning:  #1-D: last line of file ends without a newline
  #endif /* __THERMOSTAT_ALG_H */
..\Core\Src\thermostat_alg.c(21): warning:  #1-D: last line of file ends without a newline
  }
..\Core\Src\thermostat_alg.c: 3 warnings, 0 errors
compiling device_defs.c...
compiling common.c...
../Core/Inc/common.h(10): warning:  #1-D: last line of file ends without a newline
  #endif /* __COMMON_H */
..\Core\Src\common.c(27): warning:  #1-D: last line of file ends without a newline
  }
..\Core\Src\common.c: 2 warnings, 0 errors
compiling lcd.c...
../Core/Inc/lcd.h(20): warning:  #1295-D: Deprecated declaration max7219_init - give arg types
  void max7219_init();
../Core/Inc/lcd.h(21): warning:  #1295-D: Deprecated declaration max7219_clear - give arg types
  void max7219_clear();
../Core/Inc/lcd.h(25): warning:  #1-D: last line of file ends without a newline
  #endif /* LCD_H_ */
..\Core\Src\lcd.c(118): warning:  #1-D: last line of file ends without a newline
  }
..\Core\Src\lcd.c: 4 warnings, 0 errors
compiling main.c...
../Core/Inc/ram.h(20): warning:  #1-D: last line of file ends without a newline
  #endif /* RAM_H_ */
../Core/Inc/common.h(10): warning:  #1-D: last line of file ends without a newline
  #endif /* __COMMON_H */
../Core/Inc/lcd.h(20): warning:  #1295-D: Deprecated declaration max7219_init - give arg types
  void max7219_init();
../Core/Inc/lcd.h(21): warning:  #1295-D: Deprecated declaration max7219_clear - give arg types
  void max7219_clear();
../Core/Inc/lcd.h(25): warning:  #1-D: last line of file ends without a newline
  #endif /* LCD_H_ */
../Core/Inc/thermostat_alg.h(18): warning:  #1-D: last line of file ends without a newline
  #endif /* __THERMOSTAT_ALG_H */
../Core/Src/main.c: 6 warnings, 0 errors
compiling stm32f4xx_hal_i2c_ex.c...
compiling stm32f4xx_hal_flash.c...
compiling stm32f4xx_hal_rcc_ex.c...
compiling stm32f4xx_hal_flash_ex.c...
compiling stm32f4xx_hal_rcc.c...
compiling stm32f4xx_hal_i2c.c...
compiling stm32f4xx_hal_msp.c...
../Core/Inc/ram.h(20): warning:  #1-D: last line of file ends without a newline
  #endif /* RAM_H_ */
../Core/Inc/common.h(10): warning:  #1-D: last line of file ends without a newline
  #endif /* __COMMON_H */
../Core/Inc/lcd.h(20): warning:  #1295-D: Deprecated declaration max7219_init - give arg types
  void max7219_init();
../Core/Inc/lcd.h(21): warning:  #1295-D: Deprecated declaration max7219_clear - give arg types
  void max7219_clear();
../Core/Inc/lcd.h(25): warning:  #1-D: last line of file ends without a newline
  #endif /* LCD_H_ */
../Core/Inc/thermostat_alg.h(18): warning:  #1-D: last line of file ends without a newline
  #endif /* __THERMOSTAT_ALG_H */
../Core/Src/stm32f4xx_hal_msp.c: 6 warnings, 0 errors
compiling stm32f4xx_hal_dma.c...
compiling stm32f4xx_hal_pwr_ex.c...
compiling stm32f4xx_hal_flash_ramfunc.c...
compiling stm32f4xx_hal_gpio.c...
compiling stm32f4xx_hal_pwr.c...
compiling stm32f4xx_hal_cortex.c...
compiling stm32f4xx_hal_dma_ex.c...
compiling stm32f4xx_hal_exti.c...
compiling system_stm32f4xx.c...
compiling stm32f4xx_hal_tim_ex.c...
compiling stm32f4xx_hal_spi.c...
compiling stm32f4xx_hal.c...
compiling w5500.c...
compiling stm32f4xx_hal_tim.c...
compiling ds18b20.c...
../Core/Inc/common.h(10): warning:  #1-D: last line of file ends without a newline
  #endif /* __COMMON_H */
..\..\COMMON_SRC\src\ds18b20.c(8): warning:  #188-D: enumerated type mixed with another type
  	HAL_GPIO_WritePin(ds18b20_gpio_port, ds18b20_gpio_pin, 0);
..\..\COMMON_SRC\src\ds18b20.c(10): warning:  #188-D: enumerated type mixed with another type
  	HAL_GPIO_WritePin(ds18b20_gpio_port, ds18b20_gpio_pin, 1);
..\..\COMMON_SRC\src\ds18b20.c(24): warning:  #188-D: enumerated type mixed with another type
  	HAL_GPIO_WritePin(ds18b20_gpio_port, ds18b20_gpio_pin, 0);
..\..\COMMON_SRC\src\ds18b20.c(26): warning:  #188-D: enumerated type mixed with another type
  	HAL_GPIO_WritePin(ds18b20_gpio_port, ds18b20_gpio_pin, 1);
..\..\COMMON_SRC\src\ds18b20.c(50): warning:  #188-D: enumerated type mixed with another type
  	HAL_GPIO_WritePin(ds18b20_gpio_port, ds18b20_gpio_pin, 0);
..\..\COMMON_SRC\src\ds18b20.c(52): warning:  #188-D: enumerated type mixed with another type
  	HAL_GPIO_WritePin(ds18b20_gpio_port, ds18b20_gpio_pin, 1);
..\..\COMMON_SRC\src\ds18b20.c: 7 warnings, 0 errors
compiling modbus.c...
../Core/Inc/ram.h(20): warning:  #1-D: last line of file ends without a newline
  #endif /* RAM_H_ */
..\..\COMMON_SRC\src\modbus.c: 1 warning, 0 errors
compiling dht22.c...
../Core/Inc/common.h(10): warning:  #1-D: last line of file ends without a newline
  #endif /* __COMMON_H */
..\..\COMMON_SRC\src\dht22.c(8): warning:  #188-D: enumerated type mixed with another type
  	HAL_GPIO_WritePin(dht22_gpio_port, dht22_gpio_pin, 1);
..\..\COMMON_SRC\src\dht22.c(17): warning:  #188-D: enumerated type mixed with another type
  	HAL_GPIO_WritePin(dht22_gpio_port, dht22_gpio_pin, 0);
..\..\COMMON_SRC\src\dht22.c(18): warning:  #188-D: enumerated type mixed with another type
  	HAL_GPIO_WritePin(dht22_gpio_port, dht22_gpio_pin, 1);
..\..\COMMON_SRC\src\dht22.c(20): warning:  #188-D: enumerated type mixed with another type
  	HAL_GPIO_WritePin(dht22_gpio_port, dht22_gpio_pin, 0);
..\..\COMMON_SRC\src\dht22.c(22): warning:  #188-D: enumerated type mixed with another type
  	HAL_GPIO_WritePin(dht22_gpio_port, dht22_gpio_pin, 1);
..\..\COMMON_SRC\src\dht22.c: 6 warnings, 0 errors
compiling ds3231_rtc.c...
compiling eeprom.c...
linking...
Program Size: Code=23842 RO-data=518 RW-data=88 ZI-data=10056  
FromELF: creating hex file...
".\GAS_BOILER_CONTROLLER\GAS_BOILER_CONTROLLER.axf" - 0 Error(s), 43 Warning(s).

<h2>Software Packages used:</h2>

Package Vendor: ARM
                http://www.keil.com/pack/ARM.CMSIS.5.9.0.pack
                ARM::CMSIS@5.9.0
                CMSIS (Common Microcontroller Software Interface Standard)
   * Component: CORE Version: 5.6.0

Package Vendor: Keil
                http://www.keil.com/pack/Keil.STM32F4xx_DFP.2.13.0.pack
                Keil::STM32F4xx_DFP@2.13.0
                STMicroelectronics STM32F4 Series Device Support, Drivers and Examples

<h2>Collection of Component include folders:</h2>
  ./RTE/_GAS_BOILER_CONTROLLER
  C:/Users/Alex2/AppData/Local/Arm/Packs/ARM/CMSIS/5.9.0/CMSIS/Core/Include
  C:/Users/Alex2/AppData/Local/Arm/Packs/Keil/STM32F4xx_DFP/2.13.0/Drivers/CMSIS/Device/ST/STM32F4xx/Include

<h2>Collection of Component Files used:</h2>

   * Component: ARM::CMSIS:CORE@5.6.0
      Include file:  CMSIS/Core/Include/tz_context.h
Build Time Elapsed:  00:00:26
</pre>
</body>
</html>
